Archive member included because of file (symbol)

C:/Freescale/CW MCU v11.1/MCU/ARM_GCC_Support/ewl/lib/armv7e-m\libc.a(puts.o)
                              ./Sources/Interrupciones.o (puts)
C:/Freescale/CW MCU v11.1/MCU/ARM_GCC_Support/ewl/lib/armv7e-m\libc.a(__putchar.o)
                              C:/Freescale/CW MCU v11.1/MCU/ARM_GCC_Support/ewl/lib/armv7e-m\libc.a(puts.o) (__put_char)
C:/Freescale/CW MCU v11.1/MCU/ARM_GCC_Support/ewl/lib/armv7e-m\libc.a(__buffer_io.o)
                              C:/Freescale/CW MCU v11.1/MCU/ARM_GCC_Support/ewl/lib/armv7e-m\libc.a(__putchar.o) (__prep_buffer)
C:/Freescale/CW MCU v11.1/MCU/ARM_GCC_Support/ewl/lib/armv7e-m\libc.a(exit.o)
                              ./Project_Settings/Startup_Code/__arm_start.o (exit)
C:/Freescale/CW MCU v11.1/MCU/ARM_GCC_Support/ewl/lib/armv7e-m\libc.a(memset.o)
                              ./Project_Settings/Startup_Code/__arm_start.o (memset)
C:/Freescale/CW MCU v11.1/MCU/ARM_GCC_Support/ewl/lib/armv7e-m\libc.a(__filll_mem.o)
                              C:/Freescale/CW MCU v11.1/MCU/ARM_GCC_Support/ewl/lib/armv7e-m\libc.a(memset.o) (__fill_mem)
C:/Freescale/CW MCU v11.1/MCU/ARM_GCC_Support/ewl/lib/armv7e-m\libc.a(memcpy.o)
                              ./Sources/main.o (memcpy)
C:/Freescale/CW MCU v11.1/MCU/ARM_GCC_Support/ewl/lib/armv7e-m\libc.a(printformat_.o)
                              (__pformatter_)
C:/Freescale/CW MCU v11.1/MCU/ARM_GCC_Support/ewl/lib/armv7e-m\libc.a(scanformat_.o)
                              (__sformatter)
C:/Freescale/CW MCU v11.1/MCU/ARM_GCC_Support/ewl/lib/armv7e-m\libc.a(ctype_aeabi.o)
                              C:/Freescale/CW MCU v11.1/MCU/ARM_GCC_Support/ewl/lib/armv7e-m\libc.a(scanformat_.o) (isspace)
C:/Freescale/CW MCU v11.1/MCU/ARM_GCC_Support/ewl/lib/armv7e-m\libc.a(ansi_files.o)
                              C:/Freescale/CW MCU v11.1/MCU/ARM_GCC_Support/ewl/lib/armv7e-m\libc.a(puts.o) (__files)
C:/Freescale/CW MCU v11.1/MCU/ARM_GCC_Support/ewl/lib/armv7e-m\libc.a(fflush.o)
                              C:/Freescale/CW MCU v11.1/MCU/ARM_GCC_Support/ewl/lib/armv7e-m\libc.a(ansi_files.o) (fflush)
C:/Freescale/CW MCU v11.1/MCU/ARM_GCC_Support/ewl/lib/armv7e-m\libc.a(__strtoul.o)
                              C:/Freescale/CW MCU v11.1/MCU/ARM_GCC_Support/ewl/lib/armv7e-m\libc.a(scanformat_.o) (__strtoul)
C:/Freescale/CW MCU v11.1/MCU/ARM_GCC_Support/ewl/lib/armv7e-m\libc.a(strchr.o)
                              C:/Freescale/CW MCU v11.1/MCU/ARM_GCC_Support/ewl/lib/armv7e-m\libc.a(printformat_.o) (strchr)
C:/Freescale/CW MCU v11.1/MCU/ARM_GCC_Support/ewl/lib/armv7e-m\libc.a(strlen.o)
                              C:/Freescale/CW MCU v11.1/MCU/ARM_GCC_Support/ewl/lib/armv7e-m\libc.a(printformat_.o) (strlen)
C:/Freescale/CW MCU v11.1/MCU/ARM_GCC_Support/ewl/lib/armv7e-m\libc.a(memchr.o)
                              C:/Freescale/CW MCU v11.1/MCU/ARM_GCC_Support/ewl/lib/armv7e-m\libc.a(printformat_.o) (memchr)
C:/Freescale/CW MCU v11.1/MCU/ARM_GCC_Support/ewl/lib/armv7e-m\libm.a(w_sqrt.o)
                              ./Sources/main.o (sqrt)
C:/Freescale/CW MCU v11.1/MCU/ARM_GCC_Support/ewl/lib/armv7e-m\libm.a(e_sqrt.o)
                              C:/Freescale/CW MCU v11.1/MCU/ARM_GCC_Support/ewl/lib/armv7e-m\libm.a(w_sqrt.o) (__ieee754_sqrt)
C:/Freescale/CW MCU v11.1/MCU/ARM_GCC_Support/ewl/lib/armv7e-m\libm.a(float.o)
                              C:/Freescale/CW MCU v11.1/MCU/ARM_GCC_Support/ewl/lib/armv7e-m\libm.a(e_sqrt.o) (__double_nan)
c:/freescale/cw mcu v11.1/cross_tools/arm-none-eabi-gcc-4_7_3/bin/../lib/gcc/arm-none-eabi/4.7.3/armv7e-m\libgcc.a(_arm_addsubdf3.o)
                              ./Sources/Zumbador.o (__aeabi_dsub)
c:/freescale/cw mcu v11.1/cross_tools/arm-none-eabi-gcc-4_7_3/bin/../lib/gcc/arm-none-eabi/4.7.3/armv7e-m\libgcc.a(_arm_muldivdf3.o)
                              ./Sources/Zumbador.o (__aeabi_dmul)
c:/freescale/cw mcu v11.1/cross_tools/arm-none-eabi-gcc-4_7_3/bin/../lib/gcc/arm-none-eabi/4.7.3/armv7e-m\libgcc.a(_arm_fixdfsi.o)
                              ./Sources/main.o (__aeabi_d2iz)
c:/freescale/cw mcu v11.1/cross_tools/arm-none-eabi-gcc-4_7_3/bin/../lib/gcc/arm-none-eabi/4.7.3/armv7e-m\libgcc.a(_arm_truncdfsf2.o)
                              ./Sources/main.o (__aeabi_d2f)
c:/freescale/cw mcu v11.1/cross_tools/arm-none-eabi-gcc-4_7_3/bin/../lib/gcc/arm-none-eabi/4.7.3/armv7e-m\libgcc.a(_arm_addsubsf3.o)
                              ./Sources/main.o (__aeabi_fsub)
c:/freescale/cw mcu v11.1/cross_tools/arm-none-eabi-gcc-4_7_3/bin/../lib/gcc/arm-none-eabi/4.7.3/armv7e-m\libgcc.a(_arm_muldivsf3.o)
                              ./Sources/main.o (__aeabi_fmul)
c:/freescale/cw mcu v11.1/cross_tools/arm-none-eabi-gcc-4_7_3/bin/../lib/gcc/arm-none-eabi/4.7.3/armv7e-m\libgcc.a(_arm_fixsfsi.o)
                              ./Sources/main.o (__aeabi_f2iz)
C:/Freescale/CW MCU v11.1/MCU/ARM_GCC_Support/ewl/lib/armv7e-m\librt.a(gcc_ctor_dtor.o)
[...]
Memory Configuration

Name             Origin             Length             Attributes
m_interrupts     0x1fff8000         0x000001e0         xr
m_text           0x1fff81e0         0x00007e20         xr
m_data           0x20000000         0x00008000         rw
*default*        0x00000000         0xffffffff

Linker script and memory map

LOAD ./DriversLCD/Fonts_LCD.o
LOAD ./DriversLCD/Driver_SLCD.o
LOAD ./Project_Settings/Startup_Code/kinetis_sysinit.o
LOAD ./Project_Settings/Startup_Code/__arm_start.o
LOAD ./Project_Settings/Startup_Code/__arm_end.o
LOAD ./Sources/main.o
LOAD ./Sources/Zumbador.o
LOAD ./Sources/Timers.o
LOAD ./Sources/Interrupciones.o
                0x1fffb27c                __pformatter = __pformatter_
                [0x1fffb674]                __sformatter = __sformatter
START GROUP
LOAD C:/Freescale/CW MCU v11.1/MCU/ARM_GCC_Support/ewl/lib/armv7e-m\libc.a
LOAD C:/Freescale/CW MCU v11.1/MCU/ARM_GCC_Support/ewl/lib/armv7e-m\libm.a
LOAD c:/freescale/cw mcu v11.1/cross_tools/arm-none-eabi-gcc-4_7_3/bin/../lib/gcc/arm-none-eabi/4.7.3/armv7e-m\libgcc.a
LOAD C:/Freescale/CW MCU v11.1/MCU/ARM_GCC_Support/ewl/lib/armv7e-m\librt.a
LOAD C:/Freescale/CW MCU v11.1/MCU/ARM_GCC_Support/ewl/lib/armv7e-m\libhosted.a
END GROUP
                0x20008000                _estack = 0x20008000
                0x20008000                __SP_INIT = _estack
                0x00000800                __heap_size = 0x800
                0x00000800                __stack_size = 0x800

.interrupts     0x1fff8000      0x1e0
                0x1fff8000                __vector_table = .
                0x1fff8000                . = ALIGN (0x4)
 *(.vectortable)
 .vectortable   0x1fff8000      0x1e0 ./Project_Settings/Startup_Code/kinetis_sysinit.o
                0x1fff8000                InterruptVector
                0x1fff81e0                . = ALIGN (0x4)

.text           0x1fff81e0     0x4a04
                0x1fff81e0                . = ALIGN (0x4)
 *(.text)
 .text          0x1fff81e0      0x370 c:/freescale/cw mcu v11.1/cross_tools/arm-none-eabi-gcc-4_7_3/bin/../lib/gcc/arm-none-eabi/4.7.3/armv7e-m\libgcc.a(_arm_addsubdf3.o)
                0x1fff81e0                __aeabi_drsub
                0x1fff81e8                __aeabi_dsub
                0x1fff81e8                __subdf3
                0x1fff81ec                __aeabi_dadd
                0x1fff81ec                __adddf3
                0x1fff8464                __floatunsidf
                0x1fff8464                __aeabi_ui2d
                0x1fff8484                __floatsidf
                0x1fff8484                __aeabi_i2d
                0x1fff84a8                __aeabi_f2d
                0x1fff84a8                __extendsfdf2
                0x1fff84e4                __floatundidf
                0x1fff84e4                __aeabi_ul2d
                0x1fff84f4                __floatdidf
                0x1fff84f4                __aeabi_l2d
 .text          0x1fff8550      0x424 c:/freescale/cw mcu v11.1/cross_tools/arm-none-eabi-gcc-4_7_3/bin/../lib/gcc/arm-none-eabi/4.7.3/armv7e-m\libgcc.a(_arm_muldivdf3.o)
                0x1fff8550                __aeabi_dmul
                0x1fff8550                __muldf3
                0x1fff87a4                __divdf3
                0x1fff87a4                __aeabi_ddiv
 .text          0x1fff8974       0x50 c:/freescale/cw mcu v11.1/cross_tools/arm-none-eabi-gcc-4_7_3/bin/../lib/gcc/arm-none-eabi/4.7.3/armv7e-m\libgcc.a(_arm_fixdfsi.o)
                0x1fff8974                __aeabi_d2iz
                0x1fff8974                __fixdfsi
 .text          0x1fff89c4       0xa0 c:/freescale/cw mcu v11.1/cross_tools/arm-none-eabi-gcc-4_7_3/bin/../lib/gcc/arm-none-eabi/4.7.3/armv7e-m\libgcc.a(_arm_truncdfsf2.o)
                0x1fff89c4                __truncdfsf2
                0x1fff89c4                __aeabi_d2f
 .text          0x1fff8a64      0x21c c:/freescale/cw mcu v11.1/cross_tools/arm-none-eabi-gcc-4_7_3/bin/../lib/gcc/arm-none-eabi/4.7.3/armv7e-m\libgcc.a(_arm_addsubsf3.o)
                0x1fff8a64                __aeabi_frsub
                0x1fff8a6c                __subsf3
                0x1fff8a6c                __aeabi_fsub
                0x1fff8a70                __aeabi_fadd
                0x1fff8a70                __addsf3
                0x1fff8bd0                __aeabi_ui2f
                0x1fff8bd0                __floatunsisf
                0x1fff8bd8                __aeabi_i2f
                0x1fff8bd8                __floatsisf
                0x1fff8bf4                __aeabi_ul2f
                0x1fff8bf4                __floatundisf
                0x1fff8c04                __aeabi_l2f
                0x1fff8c04                __floatdisf
 .text          0x1fff8c80      0x2a0 c:/freescale/cw mcu v11.1/cross_tools/arm-none-eabi-gcc-4_7_3/bin/../lib/gcc/arm-none-eabi/4.7.3/armv7e-m\libgcc.a(_arm_muldivsf3.o)
                0x1fff8c80                __mulsf3
                0x1fff8c80                __aeabi_fmul
                0x1fff8de8                __aeabi_fdiv
                0x1fff8de8                __divsf3
 .text          0x1fff8f20       0x4c c:/freescale/cw mcu v11.1/cross_tools/arm-none-eabi-gcc-4_7_3/bin/../lib/gcc/arm-none-eabi/4.7.3/armv7e-m\libgcc.a(_arm_fixsfsi.o)
                0x1fff8f20                __aeabi_f2iz
                0x1fff8f20                __fixsfsi
 *(.text*)
 .text._SLCDModule_Init
                0x1fff8f6c      0x460 ./DriversLCD/Driver_SLCD.o
                0x1fff8f6c                _SLCDModule_Init
 .text._SLCDModule_PrintString
                0x1fff93cc       0x78 ./DriversLCD/Driver_SLCD.o
                0x1fff93cc                _SLCDModule_PrintString
 .text._SLCDModule_StringWFRegisters
                0x1fff9444      0x104 ./DriversLCD/Driver_SLCD.o
                0x1fff9444                _SLCDModule_StringWFRegisters
 .text._SLCDModule_ClearLCD
                0x1fff9548      0x204 ./DriversLCD/Driver_SLCD.o
                0x1fff9548                _SLCDModule_ClearLCD
 .text._SLCDModule_WriteWFRegister
                0x1fff974c      0x168 ./DriversLCD/Driver_SLCD.o
                0x1fff974c                _SLCDModule_WriteWFRegister
 .text._SLCDModule_CopyWFRegister
                0x1fff98b4      0x178 ./DriversLCD/Driver_SLCD.o
                0x1fff98b4                _SLCDModule_CopyWFRegister
 .text._SLCDModule_SelectBackPlanePhase
                0x1fff9a2c      0x144 ./DriversLCD/Driver_SLCD.o
                0x1fff9a2c                _SLCDModule_SelectBackPlanePhase
 .text._SLCDModule_PrintNumber
                0x1fff9b70      0x118 ./DriversLCD/Driver_SLCD.o
                0x1fff9b70                _SLCDModule_PrintNumber
 .text.Default_Handler
                0x1fff9c88        0xc ./Project_Settings/Startup_Code/kinetis_sysinit.o
                0x1fff9c88                HardFault_Handler
                0x1fff9c88                SysTick_Handler
                0x1fff9c88                PendSV_Handler
                0x1fff9c88                NMI_Handler
                0x1fff9c88                UsageFault_Handler
                0x1fff9c88                Default_Handler
                0x1fff9c88                MemManage_Handler
                0x1fff9c88                SVC_Handler
                0x1fff9c88                BusFault_Handler
                0x1fff9c88                DebugMonitor_Handler
 .text.__init_hardware
                0x1fff9c94       0x44 ./Project_Settings/Startup_Code/kinetis_sysinit.o
                0x1fff9c94                __init_hardware
 .text.zero_fill_bss
                0x1fff9cd8       0x2c ./Project_Settings/Startup_Code/__arm_start.o
 .text.__thumb_startup
                0x1fff9d04       0x34 ./Project_Settings/Startup_Code/__arm_start.o
                0x1fff9d04                __thumb_startup
 .text._ExitProcess
                0x1fff9d38       0x10 ./Project_Settings/Startup_Code/__arm_end.o
                0x1fff9d38                _ExitProcess
 .text.pit_interrupt_config
                0x1fff9d48       0x90 ./Sources/main.o
                0x1fff9d48                pit_interrupt_config
 .text.toVolts  0x1fff9dd8       0x34 ./Sources/main.o
                0x1fff9dd8                toVolts
 .text.De_Float_Cadena
                0x1fff9e0c      0x124 ./Sources/main.o
                0x1fff9e0c                De_Float_Cadena
 .text.lptmr_clear_registers
                0x1fff9f30       0x34 ./Sources/main.o
                0x1fff9f30                lptmr_clear_registers
 .text.lptmr_interrupt
                0x1fff9f64       0xd4 ./Sources/main.o
                0x1fff9f64                lptmr_interrupt
 .text.lptmr_isr
                0x1fffa038       0x48 ./Sources/main.o
                0x1fffa038                lptmr_isr
 .text.pit0_isr
                0x1fffa080       0xec ./Sources/main.o
                0x1fffa080                pit0_isr
 .text.prettyPrint
                0x1fffa16c      0x110 ./Sources/main.o
                0x1fffa16c                prettyPrint
 .text.printToSLCD
                0x1fffa27c       0xc0 ./Sources/main.o
                0x1fffa27c                printToSLCD
 .text.Buzz     0x1fffa33c       0x54 ./Sources/main.o
                0x1fffa33c                Buzz
 .text.main     0x1fffa390      0x7a0 ./Sources/main.o
                0x1fffa390                main
 .text.initPWM  0x1fffab30      0x11c ./Sources/Zumbador.o
                0x1fffab30                initPWM
 *fill*         0x1fffac4c        0x4 00
 .text._PWM     0x1fffac50       0x90 ./Sources/Zumbador.o
                0x1fffac50                _PWM
 .text.time_delay
                0x1ffface0       0x60 ./Sources/Timers.o
                0x1ffface0                time_delay
 .text.enable_irq
                0x1fffad40      0x1b0 ./Sources/Interrupciones.o
                0x1fffad40                enable_irq
 .text.puts     0x1fffaef0       0x50 C:/Freescale/CW MCU v11.1/MCU/ARM_GCC_Support/ewl/lib/armv7e-m\libc.a(puts.o)
                0x1fffaef0                puts
 .text.__put_char
                0x1fffaf40       0x8c C:/Freescale/CW MCU v11.1/MCU/ARM_GCC_Support/ewl/lib/armv7e-m\libc.a(__putchar.o)
                0x1fffaf40                __put_char
 .text.__prep_buffer
                0x1fffafcc       0x16 C:/Freescale/CW MCU v11.1/MCU/ARM_GCC_Support/ewl/lib/armv7e-m\libc.a(__buffer_io.o)
                0x1fffafcc                __prep_buffer
 .text.__flush_buffer
                0x1fffafe2       0x36 C:/Freescale/CW MCU v11.1/MCU/ARM_GCC_Support/ewl/lib/armv7e-m\libc.a(__buffer_io.o)
                0x1fffafe2                __flush_buffer
 .text.exit     0x1fffb018       0x38 C:/Freescale/CW MCU v11.1/MCU/ARM_GCC_Support/ewl/lib/armv7e-m\libc.a(exit.o)
                0x1fffb018                exit
 .text.memset   0x1fffb050        0xc C:/Freescale/CW MCU v11.1/MCU/ARM_GCC_Support/ewl/lib/armv7e-m\libc.a(memset.o)
                0x1fffb050                memset
 .text.__fill_mem
                0x1fffb05c       0x76 C:/Freescale/CW MCU v11.1/MCU/ARM_GCC_Support/ewl/lib/armv7e-m\libc.a(__filll_mem.o)
                0x1fffb05c                __fill_mem
 .text.memcpy   0x1fffb0d2       0x12 C:/Freescale/CW MCU v11.1/MCU/ARM_GCC_Support/ewl/lib/armv7e-m\libc.a(memcpy.o)
                0x1fffb0d2                memcpy
 .text.long2str.isra.0
                0x1fffb0e4      0x196 C:/Freescale/CW MCU v11.1/MCU/ARM_GCC_Support/ewl/lib/armv7e-m\libc.a(printformat_.o)
 *fill*         0x1fffb27a        0x2 00
 .text.__pformatter_
                0x1fffb27c      0x3f8 C:/Freescale/CW MCU v11.1/MCU/ARM_GCC_Support/ewl/lib/armv7e-m\libc.a(printformat_.o)
                0x1fffb27c                __pformatter_
 .text.__sformatter
                0x1fffb674      0x6f4 C:/Freescale/CW MCU v11.1/MCU/ARM_GCC_Support/ewl/lib/armv7e-m\libc.a(scanformat_.o)
                0x1fffb674                __sformatter
 .text.isalpha  0x1fffbd68       0x1c C:/Freescale/CW MCU v11.1/MCU/ARM_GCC_Support/ewl/lib/armv7e-m\libc.a(ctype_aeabi.o)
                0x1fffbd68                isalpha
 .text.isspace  0x1fffbd84       0x1c C:/Freescale/CW MCU v11.1/MCU/ARM_GCC_Support/ewl/lib/armv7e-m\libc.a(ctype_aeabi.o)
                0x1fffbd84                isspace
 .text.toupper  0x1fffbda0        0xc C:/Freescale/CW MCU v11.1/MCU/ARM_GCC_Support/ewl/lib/armv7e-m\libc.a(ctype_aeabi.o)
                0x1fffbda0                toupper
 .text.__strtoul
                0x1fffbdac      0x214 C:/Freescale/CW MCU v11.1/MCU/ARM_GCC_Support/ewl/lib/armv7e-m\libc.a(__strtoul.o)
                0x1fffbdac                __strtoul
 .text.strchr   0x1fffbfc0       0x1a C:/Freescale/CW MCU v11.1/MCU/ARM_GCC_Support/ewl/lib/armv7e-m\libc.a(strchr.o)
                0x1fffbfc0                strchr
 .text.strlen   0x1fffbfda       0x10 C:/Freescale/CW MCU v11.1/MCU/ARM_GCC_Support/ewl/lib/armv7e-m\libc.a(strlen.o)
                0x1fffbfda                strlen
 .text.memchr   0x1fffbfea       0x18 C:/Freescale/CW MCU v11.1/MCU/ARM_GCC_Support/ewl/lib/armv7e-m\libc.a(memchr.o)
                0x1fffbfea                memchr
 .text.sqrt     0x1fffc002        0x4 C:/Freescale/CW MCU v11.1/MCU/ARM_GCC_Support/ewl/lib/armv7e-m\libm.a(w_sqrt.o)
                0x1fffc002                sqrt
 *fill*         0x1fffc006        0x2 00
 .text.__ieee754_sqrt
                0x1fffc008      0x164 C:/Freescale/CW MCU v11.1/MCU/ARM_GCC_Support/ewl/lib/armv7e-m\libm.a(e_sqrt.o)
                0x1fffc008                __ieee754_sqrt
 .text.__init_cpp
                0x1fffc16c       0x4c C:/Freescale/CW MCU v11.1/MCU/ARM_GCC_Support/ewl/lib/armv7e-m\librt.a(gcc_ctor_dtor.o)
                0x1fffc16c                __init_cpp
 .text.__fini_cpp
                0x1fffc1b8       0x34 C:/Freescale/CW MCU v11.1/MCU/ARM_GCC_Support/ewl/lib/armv7e-m\librt.a(gcc_ctor_dtor.o)
                0x1fffc1b8                __fini_cpp
 .text.__destroy_global_chain
                0x1fffc1ec       0x18 C:/Freescale/CW MCU v11.1/MCU/ARM_GCC_Support/ewl/lib/armv7e-m\librt.a(__arm_eabi_init.o)
                0x1fffc1ec                __destroy_global_chain
 .text.__init_registers
                0x1fffc204       0x24 C:/Freescale/CW MCU v11.1/MCU/ARM_GCC_Support/ewl/lib/armv7e-m\librt.a(__arm_eabi_init.o)
                0x1fffc204                __init_registers
 .text.__init_user
                0x1fffc228        0x4 C:/Freescale/CW MCU v11.1/MCU/ARM_GCC_Support/ewl/lib/armv7e-m\librt.a(__arm_eabi_init.o)
                0x1fffc228                __init_user
 .text.__copy_rom_section
                0x1fffc22c       0x44 C:/Freescale/CW MCU v11.1/MCU/ARM_GCC_Support/ewl/lib/armv7e-m\librt.a(ROMCopy.o)
                0x1fffc22c                __copy_rom_section
 .text.__copy_rom_sections_to_ram
                0x1fffc270       0x30 C:/Freescale/CW MCU v11.1/MCU/ARM_GCC_Support/ewl/lib/armv7e-m\librt.a(ROMCopy.o)
                0x1fffc270                __copy_rom_sections_to_ram
 .text.sys_writec
                0x1fffc2a0        0xe C:/Freescale/CW MCU v11.1/MCU/ARM_GCC_Support/ewl/lib/armv7e-m\libhosted.a(semihosted_console_io.o)
                0x1fffc2a0                sys_writec
 .text.sys_readc
                0x1fffc2ae       0x10 C:/Freescale/CW MCU v11.1/MCU/ARM_GCC_Support/ewl/lib/armv7e-m\libhosted.a(semihosted_console_io.o)
                0x1fffc2ae                sys_readc
 *fill*         0x1fffc2be        0x2 00
 .text.sys_exit
                0x1fffc2c0       0x20 C:/Freescale/CW MCU v11.1/MCU/ARM_GCC_Support/ewl/lib/armv7e-m\libhosted.a(semihosted_console_io.o)
                0x1fffc2c0                sys_exit
 .text.__read_console
                0x1fffc2e0       0x1a C:/Freescale/CW MCU v11.1/MCU/ARM_GCC_Support/ewl/lib/armv7e-m\libhosted.a(semihosted_console_io.o)
                0x1fffc2e0                __read_console
 .text.__write_console
                0x1fffc2fa       0x1a C:/Freescale/CW MCU v11.1/MCU/ARM_GCC_Support/ewl/lib/armv7e-m\libhosted.a(semihosted_console_io.o)
                0x1fffc2fa                __write_console
 .text.__close_console
                0x1fffc314        0x4 C:/Freescale/CW MCU v11.1/MCU/ARM_GCC_Support/ewl/lib/armv7e-m\libhosted.a(semihosted_console_io.o)
                0x1fffc314                __close_console
 .text.sys_open
                0x1fffc318        0xe C:/Freescale/CW MCU v11.1/MCU/ARM_GCC_Support/ewl/lib/armv7e-m\libhosted.a(semihosted_file_io.o)
                0x1fffc318                sys_open
 *fill*         0x1fffc326        0x2 00
 .text.__open_file
                0x1fffc328       0x68 C:/Freescale/CW MCU v11.1/MCU/ARM_GCC_Support/ewl/lib/armv7e-m\libhosted.a(semihosted_file_io.o)
                0x1fffc328                __open_file
 .text.open     0x1fffc390       0x7a C:/Freescale/CW MCU v11.1/MCU/ARM_GCC_Support/ewl/lib/armv7e-m\libhosted.a(semihosted_file_io.o)
                0x1fffc390                open
 .text.sys_write
                0x1fffc40a        0xe C:/Freescale/CW MCU v11.1/MCU/ARM_GCC_Support/ewl/lib/armv7e-m\libhosted.a(semihosted_file_io.o)
                0x1fffc40a                sys_write
 .text.__write_file
                0x1fffc418       0x1c C:/Freescale/CW MCU v11.1/MCU/ARM_GCC_Support/ewl/lib/armv7e-m\libhosted.a(semihosted_file_io.o)
                0x1fffc418                __write_file
 .text.sys_read
                0x1fffc434        0xe C:/Freescale/CW MCU v11.1/MCU/ARM_GCC_Support/ewl/lib/armv7e-m\libhosted.a(semihosted_file_io.o)
                0x1fffc434                sys_read
 .text.__read_file
                0x1fffc442       0x34 C:/Freescale/CW MCU v11.1/MCU/ARM_GCC_Support/ewl/lib/armv7e-m\libhosted.a(semihosted_file_io.o)
                0x1fffc442                __read_file
 *fill*         0x1fffc476        0x2 00
 .text.__init_semihost
                0x1fffc478       0x20 C:/Freescale/CW MCU v11.1/MCU/ARM_GCC_Support/ewl/lib/armv7e-m\libhosted.a(semihosted_file_io.o)
                0x1fffc478                __init_semihost
 *(.rodata)
 .rodata        0x1fffc498        0x8 ./DriversLCD/Driver_SLCD.o
 .rodata        0x1fffc4a0        0x8 ./Sources/main.o
 .rodata        0x1fffc4a8       0x38 ./Sources/Interrupciones.o
 *(.rodata*)
 .rodata._MINUS
                0x1fffc4e0       0x24 ./DriversLCD/Fonts_LCD.o
                0x1fffc4e0                _MINUS
 .rodata._0     0x1fffc504       0x24 ./DriversLCD/Fonts_LCD.o
                0x1fffc504                _0
 .rodata._1     0x1fffc528       0x24 ./DriversLCD/Fonts_LCD.o
                0x1fffc528                _1
 .rodata._2     0x1fffc54c       0x24 ./DriversLCD/Fonts_LCD.o
                0x1fffc54c                _2
 .rodata._3     0x1fffc570       0x24 ./DriversLCD/Fonts_LCD.o
                0x1fffc570                _3
 .rodata._4     0x1fffc594       0x24 ./DriversLCD/Fonts_LCD.o
                0x1fffc594                _4
 .rodata._5     0x1fffc5b8       0x24 ./DriversLCD/Fonts_LCD.o
                0x1fffc5b8                _5
 .rodata._6     0x1fffc5dc       0x24 ./DriversLCD/Fonts_LCD.o
                0x1fffc5dc                _6
 .rodata._7     0x1fffc600       0x24 ./DriversLCD/Fonts_LCD.o
                0x1fffc600                _7
 .rodata._8     0x1fffc624       0x24 ./DriversLCD/Fonts_LCD.o
                0x1fffc624                _8
 .rodata._9     0x1fffc648       0x24 ./DriversLCD/Fonts_LCD.o
                0x1fffc648                _9
 .rodata._A     0x1fffc66c       0x24 ./DriversLCD/Fonts_LCD.o
                0x1fffc66c                _A
 .rodata._B     0x1fffc690       0x24 ./DriversLCD/Fonts_LCD.o
                0x1fffc690                _B
 .rodata._C     0x1fffc6b4       0x24 ./DriversLCD/Fonts_LCD.o
                0x1fffc6b4                _C
 .rodata._D     0x1fffc6d8       0x24 ./DriversLCD/Fonts_LCD.o
                0x1fffc6d8                _D
 .rodata._E     0x1fffc6fc       0x24 ./DriversLCD/Fonts_LCD.o
                0x1fffc6fc                _E
 .rodata._F     0x1fffc720       0x24 ./DriversLCD/Fonts_LCD.o
                0x1fffc720                _F
 .rodata._G     0x1fffc744       0x24 ./DriversLCD/Fonts_LCD.o
                0x1fffc744                _G
 .rodata._H     0x1fffc768       0x24 ./DriversLCD/Fonts_LCD.o
                0x1fffc768                _H
 .rodata._I     0x1fffc78c       0x24 ./DriversLCD/Fonts_LCD.o
                0x1fffc78c                _I
 .rodata._J     0x1fffc7b0       0x24 ./DriversLCD/Fonts_LCD.o
                0x1fffc7b0                _J
 .rodata._K     0x1fffc7d4       0x24 ./DriversLCD/Fonts_LCD.o
                0x1fffc7d4                _K
 .rodata._L     0x1fffc7f8       0x24 ./DriversLCD/Fonts_LCD.o
                0x1fffc7f8                _L
 .rodata._M     0x1fffc81c       0x24 ./DriversLCD/Fonts_LCD.o
                0x1fffc81c                _M
 .rodata._N     0x1fffc840       0x24 ./DriversLCD/Fonts_LCD.o
                0x1fffc840                _N
 .rodata._O     0x1fffc864       0x24 ./DriversLCD/Fonts_LCD.o
                0x1fffc864                _O
 .rodata._P     0x1fffc888       0x24 ./DriversLCD/Fonts_LCD.o
                0x1fffc888                _P
 .rodata._Q     0x1fffc8ac       0x24 ./DriversLCD/Fonts_LCD.o
                0x1fffc8ac                _Q
 .rodata._R     0x1fffc8d0       0x24 ./DriversLCD/Fonts_LCD.o
                0x1fffc8d0                _R
 .rodata._S     0x1fffc8f4       0x24 ./DriversLCD/Fonts_LCD.o
                0x1fffc8f4                _S
 .rodata._T     0x1fffc918       0x24 ./DriversLCD/Fonts_LCD.o
                0x1fffc918                _T
 .rodata._U     0x1fffc93c       0x24 ./DriversLCD/Fonts_LCD.o
                0x1fffc93c                _U
 .rodata._V     0x1fffc960       0x24 ./DriversLCD/Fonts_LCD.o
                0x1fffc960                _V
 .rodata._W     0x1fffc984       0x24 ./DriversLCD/Fonts_LCD.o
                0x1fffc984                _W
 .rodata._X     0x1fffc9a8       0x24 ./DriversLCD/Fonts_LCD.o
                0x1fffc9a8                _X
 .rodata._Y     0x1fffc9cc       0x24 ./DriversLCD/Fonts_LCD.o
                0x1fffc9cc                _Y
 .rodata._Z     0x1fffc9f0       0x24 ./DriversLCD/Fonts_LCD.o
                0x1fffc9f0                _Z
 .rodata._Exclamation
                0x1fffca14       0x24 ./DriversLCD/Fonts_LCD.o
                0x1fffca14                _Exclamation
 .rodata._Dot   0x1fffca38       0x24 ./DriversLCD/Fonts_LCD.o
                0x1fffca38                _Dot
 .rodata._Colon
                0x1fffca5c       0x24 ./DriversLCD/Fonts_LCD.o
                0x1fffca5c                _Colon
 .rodata._SPACE
                0x1fffca80       0x24 ./DriversLCD/Fonts_LCD.o
                0x1fffca80                _SPACE
 .rodata.WaveFormShiftRegisterTable
                0x1fffcaa4       0x28 ./DriversLCD/Driver_SLCD.o
                0x1fffcaa4                WaveFormShiftRegisterTable
 .rodata.str1.1
                0x00000000        0x0 C:/Freescale/CW MCU v11.1/MCU/ARM_GCC_Support/ewl/lib/armv7e-m\libc.a(printformat_.o)
                                  0x1 (size before relaxing)
 .rodata.CSWTCH.20
                0x1fffcacc        0x5 C:/Freescale/CW MCU v11.1/MCU/ARM_GCC_Support/ewl/lib/armv7e-m\libc.a(printformat_.o)
 .rodata.CSWTCH.21
                0x1fffcad1        0x5 C:/Freescale/CW MCU v11.1/MCU/ARM_GCC_Support/ewl/lib/armv7e-m\libc.a(printformat_.o)
 .rodata.__aeabi_ctype_table_C
                0x1fffcad6      0x101 C:/Freescale/CW MCU v11.1/MCU/ARM_GCC_Support/ewl/lib/armv7e-m\libc.a(ctype_aeabi.o)
                0x1fffcad6                __aeabi_ctype_table_C
 .rodata.str1.1
                0x1fffcbd7        0x4 C:/Freescale/CW MCU v11.1/MCU/ARM_GCC_Support/ewl/lib/armv7e-m\libhosted.a(semihosted_file_io.o)
 .rodata.CSWTCH.26
                0x1fffcbdb        0x2 C:/Freescale/CW MCU v11.1/MCU/ARM_GCC_Support/ewl/lib/armv7e-m\libhosted.a(semihosted_file_io.o)
 .rodata.CSWTCH.28
                0x1fffcbdd        0x5 C:/Freescale/CW MCU v11.1/MCU/ARM_GCC_Support/ewl/lib/armv7e-m\libhosted.a(semihosted_file_io.o)
 *(.glue_7)
 .glue_7        0x00000000        0x0 linker stubs
 *(.glue_7t)
 .glue_7t       0x00000000        0x0 linker stubs
 *(.eh_frame)
 *(.init)
 *(.fini)
                0x1fffcbe4                . = ALIGN (0x4)
 *fill*         0x1fffcbe2        0x2 00
                0x1fffcbe4                _etext = .

.vfp11_veneer   0x1fffcbe4        0x0
 .vfp11_veneer  0x00000000        0x0 linker stubs

.v4_bx          0x1fffcbe4        0x0
 .v4_bx         0x00000000        0x0 linker stubs

.iplt           0x1fffcbe4        0x0
 .iplt          0x00000000        0x0 ./DriversLCD/Fonts_LCD.o

.rel.dyn        0x1fffcbe4        0x0
 .rel.iplt      0x00000000        0x0 ./DriversLCD/Fonts_LCD.o

.ARM.extab
 *(.ARM.extab* .gnu.linkonce.armextab.*)

.ARM            0x1fffcbe4        0x0
                0x1fffcbe4                __exidx_start = .
 *(.ARM.exidx*)
                0x1fffcbe4                __exidx_end = .

.ctors          0x1fffcbe4        0x0
                0x1fffcbe4                __CTOR_LIST__ = .
 *crtbegin.o(.ctors)
 *(EXCLUDE_FILE(*crtend.o) .ctors)
 *(SORT(.ctors.*))
 *(.ctors)
                0x1fffcbe4                __CTOR_END__ = .

.dtors          0x1fffcbe4        0x0
                0x1fffcbe4                __DTOR_LIST__ = .
 *crtbegin.o(.dtors)
 *(EXCLUDE_FILE(*crtend.o) .dtors)
 *(SORT(.dtors.*))
 *(.dtors)
                0x1fffcbe4                __DTOR_END__ = .

.preinit_array  0x1fffcbe4        0x0
                0x1fffcbe4                PROVIDE (__preinit_array_start, .)
 *(.preinit_array*)
                0x1fffcbe4                PROVIDE (__preinit_array_end, .)

.init_array     0x1fffcbe4        0x0
                0x1fffcbe4                PROVIDE (__init_array_start, .)
 *(SORT(.init_array.*))
 *(.init_array*)
                0x1fffcbe4                PROVIDE (__init_array_end, .)

.fini_array     0x1fffcbe4        0x0
                0x1fffcbe4                PROVIDE (__fini_array_start, .)
 *(SORT(.fini_array.*))
 *(.fini_array*)
                0x1fffcbe4                PROVIDE (__fini_array_end, .)

.data           0x20000000      0xa60
                0x20000000                . = ALIGN (0x4)
                0x20000000                _sdata = .
 *(.data)
 *(.data*)
 .data.Fonts    0x20000000      0x180 ./DriversLCD/Fonts_LCD.o
                0x20000000                Fonts
 .data.Error    0x20000180        0x4 ./DriversLCD/Driver_SLCD.o
                0x20000180                Error
 .data.CurrentBackPlanePhase.5651
                0x20000184        0x1 ./DriversLCD/Driver_SLCD.o
 *fill*         0x20000185        0x3 00
 .data.tabla    0x20000188      0x800 ./Sources/main.o
                0x20000188                tabla
 .data.scala    0x20000988        0x4 ./Sources/main.o
 .data.__files  0x2000098c       0xcc C:/Freescale/CW MCU v11.1/MCU/ARM_GCC_Support/ewl/lib/armv7e-m\libc.a(ansi_files.o)
                0x2000098c                __files
 .data.__double_nan
                0x20000a58        0x8 C:/Freescale/CW MCU v11.1/MCU/ARM_GCC_Support/ewl/lib/armv7e-m\libm.a(float.o)
                0x20000a58                __double_nan
                0x20000a60                . = ALIGN (0x4)
                0x20000a60                _edata = .

.igot.plt       0x20000a60        0x0
 .igot.plt      0x00000000        0x0 ./DriversLCD/Fonts_LCD.o
                0x20000a60                . = ALIGN (0x4)

.bss            0x20000a60     0x1104
                0x20000a60                __START_BSS = .
                0x20000a60                PROVIDE (__bss_start__, __START_BSS)
 *(.bss)
 *(.bss*)
 .bss.argv      0x20000a60        0x4 ./Project_Settings/Startup_Code/__arm_start.o
 .bss.PIT0_INTERRUP_FLAG
                0x20000a64        0x4 ./Sources/main.o
                0x20000a64                PIT0_INTERRUP_FLAG
 .bss.LPTMR_INTERRUPT
                0x20000a68        0x4 ./Sources/main.o
                0x20000a68                LPTMR_INTERRUPT
 .bss.int_counter
                0x20000a6c        0x4 ./Sources/main.o
                0x20000a6c                int_counter
 .bss.contador_ms
                0x20000a70        0x4 ./Sources/main.o
 .bss.canal_int
                0x20000a74        0x4 ./Sources/main.o
 .bss.canal     0x20000a78        0x4 ./Sources/main.o
 .bss.regist    0x20000a7c      0x800 ./Sources/main.o
 .bss.buffer    0x2000127c      0x800 ./Sources/main.o
 .bss.unidades  0x20001a7c        0x4 ./Sources/main.o
 .bss.decenas   0x20001a80        0x4 ./Sources/main.o
 .bss.centenas  0x20001a84        0x4 ./Sources/main.o
 .bss.__stdio_exit
                0x20001a88        0x4 C:/Freescale/CW MCU v11.1/MCU/ARM_GCC_Support/ewl/lib/armv7e-m\libc.a(exit.o)
                0x20001a88                __stdio_exit
 .bss.__console_exit
                0x20001a8c        0x4 C:/Freescale/CW MCU v11.1/MCU/ARM_GCC_Support/ewl/lib/armv7e-m\libc.a(exit.o)
                0x20001a8c                __console_exit
 .bss.__global_destructor_chain
                0x20001a90        0x4 C:/Freescale/CW MCU v11.1/MCU/ARM_GCC_Support/ewl/lib/armv7e-m\librt.a(__arm_eabi_init.o)
                0x20001a90                __global_destructor_chain
 .bss.__S_romp  0x20001a94        0xc C:/Freescale/CW MCU v11.1/MCU/ARM_GCC_Support/ewl/lib/armv7e-m\librt.a(ROMCopy.o)
 *(COMMON)
 COMMON         0x20001aa0       0xc0 C:/Freescale/CW MCU v11.1/MCU/ARM_GCC_Support/ewl/lib/armv7e-m\libc.a(ansi_files.o)
                0x20001aa0                stdout_buff
                0x20001ae0                stdin_buff
                0x20001b20                stderr_buff
 COMMON         0x20001b60        0x4 C:/Freescale/CW MCU v11.1/MCU/ARM_GCC_Support/ewl/lib/armv7e-m\libc.a(errno.o)
                0x20001b60                errno
                0x20001b64                . = ALIGN (0x4)
                0x20001b64                __END_BSS = .
                0x20001b64                PROVIDE (__bss_end__, __END_BSS)

._user_heap_stack
                0x20001b64     0x1000
                0x20001b64                . = ALIGN (0x4)
                0x20001b64                PROVIDE (end, .)
                0x20001b64                PROVIDE (_end, .)
                0x20001b64                __heap_addr = .
                0x20002364                . = (. + __heap_size)
 *fill*         0x20001b64      0x800 00
                0x20002b64                . = (. + __stack_size)
 *fill*         0x20002364      0x800 00
                0x20002b64                . = ALIGN (0x4)
                0x00000000                __S_romp = 0x0

.ARM.attributes
                0x00000000       0x33
 *(.ARM.attributes)
 .ARM.attributes
                0x00000000       0x33 ./DriversLCD/Fonts_LCD.o
 .ARM.attributes
                0x00000033       0x33 ./DriversLCD/Driver_SLCD.o
 .ARM.attributes
                0x00000066       0x33 ./Project_Settings/Startup_Code/kinetis_sysinit.o
 .ARM.attributes
                0x00000099       0x33 ./Project_Settings/Startup_Code/__arm_start.o
 .ARM.attributes
                0x000000cc       0x33 ./Project_Settings/Startup_Code/__arm_end.o
 .ARM.attributes
                0x000000ff       0x33 ./Sources/main.o
 .ARM.attributes
                0x00000132       0x33 ./Sources/Zumbador.o
 .ARM.attributes
                0x00000165       0x33 ./Sources/Timers.o
 .ARM.attributes
                0x00000198       0x33 ./Sources/Interrupciones.o
 .ARM.attributes
                0x000001cb       0x33 C:/Freescale/CW MCU v11.1/MCU/ARM_GCC_Support/ewl/lib/armv7e-m\libc.a(puts.o)
 .ARM.attributes
                0x000001fe       0x33 C:/Freescale/CW MCU v11.1/MCU/ARM_GCC_Support/ewl/lib/armv7e-m\libc.a(__putchar.o)
 .ARM.attributes
                0x00000231       0x33 C:/Freescale/CW MCU v11.1/MCU/ARM_GCC_Support/ewl/lib/armv7e-m\libc.a(__buffer_io.o)
 .ARM.attributes
                0x00000264       0x33 C:/Freescale/CW MCU v11.1/MCU/ARM_GCC_Support/ewl/lib/armv7e-m\libc.a(exit.o)
 .ARM.attributes
                0x00000297       0x33 C:/Freescale/CW MCU v11.1/MCU/ARM_GCC_Support/ewl/lib/armv7e-m\libc.a(memset.o)
 .ARM.attributes
                0x000002ca       0x33 C:/Freescale/CW MCU v11.1/MCU/ARM_GCC_Support/ewl/lib/armv7e-m\libc.a(__filll_mem.o)
 .ARM.attributes
                0x000002fd       0x33 C:/Freescale/CW MCU v11.1/MCU/ARM_GCC_Support/ewl/lib/armv7e-m\libc.a(memcpy.o)
 .ARM.attributes
                0x00000330       0x33 C:/Freescale/CW MCU v11.1/MCU/ARM_GCC_Support/ewl/lib/armv7e-m\libc.a(printformat_.o)
 .ARM.attributes
                0x00000363       0x33 C:/Freescale/CW MCU v11.1/MCU/ARM_GCC_Support/ewl/lib/armv7e-m\libc.a(scanformat_.o)
 .ARM.attributes
                0x00000396       0x33 C:/Freescale/CW MCU v11.1/MCU/ARM_GCC_Support/ewl/lib/armv7e-m\libc.a(ctype_aeabi.o)
 .ARM.attributes
                0x000003c9       0x33 C:/Freescale/CW MCU v11.1/MCU/ARM_GCC_Support/ewl/lib/armv7e-m\libc.a(ansi_files.o)
 .ARM.attributes
                0x000003fc       0x33 C:/Freescale/CW MCU v11.1/MCU/ARM_GCC_Support/ewl/lib/armv7e-m\libc.a(__strtoul.o)
 .ARM.attributes
                0x0000042f       0x33 C:/Freescale/CW MCU v11.1/MCU/ARM_GCC_Support/ewl/lib/armv7e-m\libc.a(strchr.o)
 .ARM.attributes
                0x00000462       0x33 C:/Freescale/CW MCU v11.1/MCU/ARM_GCC_Support/ewl/lib/armv7e-m\libc.a(strlen.o)
 .ARM.attributes
                0x00000495       0x33 C:/Freescale/CW MCU v11.1/MCU/ARM_GCC_Support/ewl/lib/armv7e-m\libc.a(memchr.o)
 .ARM.attributes
                0x000004c8       0x33 C:/Freescale/CW MCU v11.1/MCU/ARM_GCC_Support/ewl/lib/armv7e-m\libm.a(w_sqrt.o)
 .ARM.attributes
                0x000004fb       0x33 C:/Freescale/CW MCU v11.1/MCU/ARM_GCC_Support/ewl/lib/armv7e-m\libm.a(e_sqrt.o)
 .ARM.attributes
                0x0000052e       0x33 C:/Freescale/CW MCU v11.1/MCU/ARM_GCC_Support/ewl/lib/armv7e-m\libm.a(float.o)
 .ARM.attributes
                0x00000561       0x1e c:/freescale/cw mcu v11.1/cross_tools/arm-none-eabi-gcc-4_7_3/bin/../lib/gcc/arm-none-eabi/4.7.3/armv7e-m\libgcc.a(_arm_addsubdf3.o)
 .ARM.attributes
                0x0000057f       0x1e c:/freescale/cw mcu v11.1/cross_tools/arm-none-eabi-gcc-4_7_3/bin/../lib/gcc/arm-none-eabi/4.7.3/armv7e-m\libgcc.a(_arm_muldivdf3.o)
 .ARM.attributes
                0x0000059d       0x1e c:/freescale/cw mcu v11.1/cross_tools/arm-none-eabi-gcc-4_7_3/bin/../lib/gcc/arm-none-eabi/4.7.3/armv7e-m\libgcc.a(_arm_fixdfsi.o)
 .ARM.attributes
                0x000005bb       0x1e c:/freescale/cw mcu v11.1/cross_tools/arm-none-eabi-gcc-4_7_3/bin/../lib/gcc/arm-none-eabi/4.7.3/armv7e-m\libgcc.a(_arm_truncdfsf2.o)
 .ARM.attributes
                0x000005d9       0x1e c:/freescale/cw mcu v11.1/cross_tools/arm-none-eabi-gcc-4_7_3/bin/../lib/gcc/arm-none-eabi/4.7.3/armv7e-m\libgcc.a(_arm_addsubsf3.o)
 .ARM.attributes
                0x000005f7       0x1e c:/freescale/cw mcu v11.1/cross_tools/arm-none-eabi-gcc-4_7_3/bin/../lib/gcc/arm-none-eabi/4.7.3/armv7e-m\libgcc.a(_arm_muldivsf3.o)
 .ARM.attributes
                0x00000615       0x1e c:/freescale/cw mcu v11.1/cross_tools/arm-none-eabi-gcc-4_7_3/bin/../lib/gcc/arm-none-eabi/4.7.3/armv7e-m\libgcc.a(_arm_fixsfsi.o)
 .ARM.attributes
                0x00000633       0x33 C:/Freescale/CW MCU v11.1/MCU/ARM_GCC_Support/ewl/lib/armv7e-m\librt.a(gcc_ctor_dtor.o)
 .ARM.attributes
                0x00000666       0x33 C:/Freescale/CW MCU v11.1/MCU/ARM_GCC_Support/ewl/lib/armv7e-m\librt.a(__arm_eabi_init.o)
 .ARM.attributes
                0x00000699       0x33 C:/Freescale/CW MCU v11.1/MCU/ARM_GCC_Support/ewl/lib/armv7e-m\librt.a(ROMCopy.o)
 .ARM.attributes
                0x000006cc       0x33 C:/Freescale/CW MCU v11.1/MCU/ARM_GCC_Support/ewl/lib/armv7e-m\libhosted.a(semihosted_console_io.o)
 .ARM.attributes
                0x000006ff       0x33 C:/Freescale/CW MCU v11.1/MCU/ARM_GCC_Support/ewl/lib/armv7e-m\libhosted.a(semihosted_file_io.o)
 .ARM.attributes
                0x00000732       0x33 C:/Freescale/CW MCU v11.1/MCU/ARM_GCC_Support/ewl/lib/armv7e-m\libc.a(errno.o)
OUTPUT(labFinal.elf elf32-littlearm)

.debug_info     0x00000000     0x6c5b
 .debug_info    0x00000000      0x448 ./DriversLCD/Fonts_LCD.o
 .debug_info    0x00000448     0x11df ./DriversLCD/Driver_SLCD.o
 .debug_info    0x00001627      0x357 ./Project_Settings/Startup_Code/kinetis_sysinit.o
 .debug_info    0x0000197e      0x12a ./Project_Settings/Startup_Code/__arm_start.o
 .debug_info    0x00001aa8       0x54 ./Project_Settings/Startup_Code/__arm_end.o
 .debug_info    0x00001afc      0x833 ./Sources/main.o
 .debug_info    0x0000232f      0x561 ./Sources/Zumbador.o
 .debug_info    0x00002890       0xc1 ./Sources/Timers.o
 .debug_info    0x00002951      0x22f ./Sources/Interrupciones.o
 .debug_info    0x00002b80      0x38a C:/Freescale/CW MCU v11.1/MCU/ARM_GCC_Support/ewl/lib/armv7e-m\libc.a(puts.o)
 .debug_info    0x00002f0a      0x3fa C:/Freescale/CW MCU v11.1/MCU/ARM_GCC_Support/ewl/lib/armv7e-m\libc.a(__putchar.o)
 .debug_info    0x00003304      0x45d C:/Freescale/CW MCU v11.1/MCU/ARM_GCC_Support/ewl/lib/armv7e-m\libc.a(__buffer_io.o)
 .debug_info    0x00003761       0xe8 C:/Freescale/CW MCU v11.1/MCU/ARM_GCC_Support/ewl/lib/armv7e-m\libc.a(exit.o)
 .debug_info    0x00003849       0xec C:/Freescale/CW MCU v11.1/MCU/ARM_GCC_Support/ewl/lib/armv7e-m\libc.a(memset.o)
 .debug_info    0x00003935      0x135 C:/Freescale/CW MCU v11.1/MCU/ARM_GCC_Support/ewl/lib/armv7e-m\libc.a(__filll_mem.o)
 .debug_info    0x00003a6a      0x10f C:/Freescale/CW MCU v11.1/MCU/ARM_GCC_Support/ewl/lib/armv7e-m\libc.a(memcpy.o)
 .debug_info    0x00003b79      0x50e C:/Freescale/CW MCU v11.1/MCU/ARM_GCC_Support/ewl/lib/armv7e-m\libc.a(printformat_.o)
 .debug_info    0x00004087      0x565 C:/Freescale/CW MCU v11.1/MCU/ARM_GCC_Support/ewl/lib/armv7e-m\libc.a(scanformat_.o)
 .debug_info    0x000045ec      0x306 C:/Freescale/CW MCU v11.1/MCU/ARM_GCC_Support/ewl/lib/armv7e-m\libc.a(ctype_aeabi.o)
 .debug_info    0x000048f2      0x4c6 C:/Freescale/CW MCU v11.1/MCU/ARM_GCC_Support/ewl/lib/armv7e-m\libc.a(ansi_files.o)
 .debug_info    0x00004db8      0x1d6 C:/Freescale/CW MCU v11.1/MCU/ARM_GCC_Support/ewl/lib/armv7e-m\libc.a(__strtoul.o)
 .debug_info    0x00004f8e      0x108 C:/Freescale/CW MCU v11.1/MCU/ARM_GCC_Support/ewl/lib/armv7e-m\libc.a(strchr.o)
 .debug_info    0x00005096       0xeb C:/Freescale/CW MCU v11.1/MCU/ARM_GCC_Support/ewl/lib/armv7e-m\libc.a(strlen.o)
 .debug_info    0x00005181      0x120 C:/Freescale/CW MCU v11.1/MCU/ARM_GCC_Support/ewl/lib/armv7e-m\libc.a(memchr.o)
 .debug_info    0x000052a1       0xb2 C:/Freescale/CW MCU v11.1/MCU/ARM_GCC_Support/ewl/lib/armv7e-m\libm.a(w_sqrt.o)
 .debug_info    0x00005353      0x266 C:/Freescale/CW MCU v11.1/MCU/ARM_GCC_Support/ewl/lib/armv7e-m\libm.a(e_sqrt.o)
 .debug_info    0x000055b9      0x1e4 C:/Freescale/CW MCU v11.1/MCU/ARM_GCC_Support/ewl/lib/armv7e-m\libm.a(float.o)
 .debug_info    0x0000579d      0x136 C:/Freescale/CW MCU v11.1/MCU/ARM_GCC_Support/ewl/lib/armv7e-m\librt.a(gcc_ctor_dtor.o)
 .debug_info    0x000058d3      0x2b5 C:/Freescale/CW MCU v11.1/MCU/ARM_GCC_Support/ewl/lib/armv7e-m\librt.a(__arm_eabi_init.o)
 .debug_info    0x00005b88      0x19a C:/Freescale/CW MCU v11.1/MCU/ARM_GCC_Support/ewl/lib/armv7e-m\librt.a(ROMCopy.o)
 .debug_info    0x00005d22      0x232 C:/Freescale/CW MCU v11.1/MCU/ARM_GCC_Support/ewl/lib/armv7e-m\libhosted.a(semihosted_console_io.o)
 .debug_info    0x00005f54      0xc6a C:/Freescale/CW MCU v11.1/MCU/ARM_GCC_Support/ewl/lib/armv7e-m\libhosted.a(semihosted_file_io.o)
 .debug_info    0x00006bbe       0x9d C:/Freescale/CW MCU v11.1/MCU/ARM_GCC_Support/ewl/lib/armv7e-m\libc.a(errno.o)

.debug_abbrev   0x00000000     0x1ed5
 .debug_abbrev  0x00000000       0x8e ./DriversLCD/Fonts_LCD.o
 .debug_abbrev  0x0000008e      0x212 ./DriversLCD/Driver_SLCD.o
 .debug_abbrev  0x000002a0       0xf6 ./Project_Settings/Startup_Code/kinetis_sysinit.o
 .debug_abbrev  0x00000396       0x92 ./Project_Settings/Startup_Code/__arm_start.o
 .debug_abbrev  0x00000428       0x4c ./Project_Settings/Startup_Code/__arm_end.o
 .debug_abbrev  0x00000474      0x1c6 ./Sources/main.o
 .debug_abbrev  0x0000063a       0xfe ./Sources/Zumbador.o
 .debug_abbrev  0x00000738       0x5d ./Sources/Timers.o
 .debug_abbrev  0x00000795       0xf5 ./Sources/Interrupciones.o
 .debug_abbrev  0x0000088a      0x10a C:/Freescale/CW MCU v11.1/MCU/ARM_GCC_Support/ewl/lib/armv7e-m\libc.a(puts.o)
 .debug_abbrev  0x00000994       0xf8 C:/Freescale/CW MCU v11.1/MCU/ARM_GCC_Support/ewl/lib/armv7e-m\libc.a(__putchar.o)
 .debug_abbrev  0x00000a8c      0x142 C:/Freescale/CW MCU v11.1/MCU/ARM_GCC_Support/ewl/lib/armv7e-m\libc.a(__buffer_io.o)
 .debug_abbrev  0x00000bce       0x7a C:/Freescale/CW MCU v11.1/MCU/ARM_GCC_Support/ewl/lib/armv7e-m\libc.a(exit.o)
 .debug_abbrev  0x00000c48       0x62 C:/Freescale/CW MCU v11.1/MCU/ARM_GCC_Support/ewl/lib/armv7e-m\libc.a(memset.o)
 .debug_abbrev  0x00000caa       0x87 C:/Freescale/CW MCU v11.1/MCU/ARM_GCC_Support/ewl/lib/armv7e-m\libc.a(__filll_mem.o)
 .debug_abbrev  0x00000d31       0x95 C:/Freescale/CW MCU v11.1/MCU/ARM_GCC_Support/ewl/lib/armv7e-m\libc.a(memcpy.o)
 .debug_abbrev  0x00000dc6      0x200 C:/Freescale/CW MCU v11.1/MCU/ARM_GCC_Support/ewl/lib/armv7e-m\libc.a(printformat_.o)
 .debug_abbrev  0x00000fc6      0x1f0 C:/Freescale/CW MCU v11.1/MCU/ARM_GCC_Support/ewl/lib/armv7e-m\libc.a(scanformat_.o)
 .debug_abbrev  0x000011b6       0x85 C:/Freescale/CW MCU v11.1/MCU/ARM_GCC_Support/ewl/lib/armv7e-m\libc.a(ctype_aeabi.o)
 .debug_abbrev  0x0000123b       0xfa C:/Freescale/CW MCU v11.1/MCU/ARM_GCC_Support/ewl/lib/armv7e-m\libc.a(ansi_files.o)
 .debug_abbrev  0x00001335       0xc2 C:/Freescale/CW MCU v11.1/MCU/ARM_GCC_Support/ewl/lib/armv7e-m\libc.a(__strtoul.o)
 .debug_abbrev  0x000013f7       0x89 C:/Freescale/CW MCU v11.1/MCU/ARM_GCC_Support/ewl/lib/armv7e-m\libc.a(strchr.o)
 .debug_abbrev  0x00001480       0x7a C:/Freescale/CW MCU v11.1/MCU/ARM_GCC_Support/ewl/lib/armv7e-m\libc.a(strlen.o)
 .debug_abbrev  0x000014fa       0x95 C:/Freescale/CW MCU v11.1/MCU/ARM_GCC_Support/ewl/lib/armv7e-m\libc.a(memchr.o)
 .debug_abbrev  0x0000158f       0x59 C:/Freescale/CW MCU v11.1/MCU/ARM_GCC_Support/ewl/lib/armv7e-m\libm.a(w_sqrt.o)
 .debug_abbrev  0x000015e8      0x10b C:/Freescale/CW MCU v11.1/MCU/ARM_GCC_Support/ewl/lib/armv7e-m\libm.a(e_sqrt.o)
 .debug_abbrev  0x000016f3       0x56 C:/Freescale/CW MCU v11.1/MCU/ARM_GCC_Support/ewl/lib/armv7e-m\libm.a(float.o)
 .debug_abbrev  0x00001749       0x99 C:/Freescale/CW MCU v11.1/MCU/ARM_GCC_Support/ewl/lib/armv7e-m\librt.a(gcc_ctor_dtor.o)
 .debug_abbrev  0x000017e2      0x1cc C:/Freescale/CW MCU v11.1/MCU/ARM_GCC_Support/ewl/lib/armv7e-m\librt.a(__arm_eabi_init.o)
 .debug_abbrev  0x000019ae      0x137 C:/Freescale/CW MCU v11.1/MCU/ARM_GCC_Support/ewl/lib/armv7e-m\librt.a(ROMCopy.o)
 .debug_abbrev  0x00001ae5      0x137 C:/Freescale/CW MCU v11.1/MCU/ARM_GCC_Support/ewl/lib/armv7e-m\libhosted.a(semihosted_console_io.o)
 .debug_abbrev  0x00001c1c      0x275 C:/Freescale/CW MCU v11.1/MCU/ARM_GCC_Support/ewl/lib/armv7e-m\libhosted.a(semihosted_file_io.o)
 .debug_abbrev  0x00001e91       0x44 C:/Freescale/CW MCU v11.1/MCU/ARM_GCC_Support/ewl/lib/armv7e-m\libc.a(errno.o)

.debug_aranges  0x00000000      0x7a8
 .debug_aranges
                0x00000000       0x18 ./DriversLCD/Fonts_LCD.o
 .debug_aranges
                0x00000018      0x188 ./DriversLCD/Driver_SLCD.o
 .debug_aranges
                0x000001a0       0x28 ./Project_Settings/Startup_Code/kinetis_sysinit.o
 .debug_aranges
                0x000001c8       0x30 ./Project_Settings/Startup_Code/__arm_start.o
 .debug_aranges
                0x000001f8       0x20 ./Project_Settings/Startup_Code/__arm_end.o
 .debug_aranges
                0x00000218       0x70 ./Sources/main.o
 .debug_aranges
                0x00000288       0x28 ./Sources/Zumbador.o
 .debug_aranges
                0x000002b0       0x20 ./Sources/Timers.o
 .debug_aranges
                0x000002d0       0x20 ./Sources/Interrupciones.o
 .debug_aranges
                0x000002f0       0x20 C:/Freescale/CW MCU v11.1/MCU/ARM_GCC_Support/ewl/lib/armv7e-m\libc.a(puts.o)
 .debug_aranges
                0x00000310       0x20 C:/Freescale/CW MCU v11.1/MCU/ARM_GCC_Support/ewl/lib/armv7e-m\libc.a(__putchar.o)
 .debug_aranges
                0x00000330       0x30 C:/Freescale/CW MCU v11.1/MCU/ARM_GCC_Support/ewl/lib/armv7e-m\libc.a(__buffer_io.o)
 .debug_aranges
                0x00000360       0x20 C:/Freescale/CW MCU v11.1/MCU/ARM_GCC_Support/ewl/lib/armv7e-m\libc.a(exit.o)
 .debug_aranges
                0x00000380       0x20 C:/Freescale/CW MCU v11.1/MCU/ARM_GCC_Support/ewl/lib/armv7e-m\libc.a(memset.o)
 .debug_aranges
                0x000003a0       0x20 C:/Freescale/CW MCU v11.1/MCU/ARM_GCC_Support/ewl/lib/armv7e-m\libc.a(__filll_mem.o)
 .debug_aranges
                0x000003c0       0x20 C:/Freescale/CW MCU v11.1/MCU/ARM_GCC_Support/ewl/lib/armv7e-m\libc.a(memcpy.o)
 .debug_aranges
                0x000003e0       0x28 C:/Freescale/CW MCU v11.1/MCU/ARM_GCC_Support/ewl/lib/armv7e-m\libc.a(printformat_.o)
 .debug_aranges
                0x00000408       0x20 C:/Freescale/CW MCU v11.1/MCU/ARM_GCC_Support/ewl/lib/armv7e-m\libc.a(scanformat_.o)
 .debug_aranges
                0x00000428       0x88 C:/Freescale/CW MCU v11.1/MCU/ARM_GCC_Support/ewl/lib/armv7e-m\libc.a(ctype_aeabi.o)
 .debug_aranges
                0x000004b0       0x28 C:/Freescale/CW MCU v11.1/MCU/ARM_GCC_Support/ewl/lib/armv7e-m\libc.a(ansi_files.o)
 .debug_aranges
                0x000004d8       0x20 C:/Freescale/CW MCU v11.1/MCU/ARM_GCC_Support/ewl/lib/armv7e-m\libc.a(__strtoul.o)
 .debug_aranges
                0x000004f8       0x20 C:/Freescale/CW MCU v11.1/MCU/ARM_GCC_Support/ewl/lib/armv7e-m\libc.a(strchr.o)
 .debug_aranges
                0x00000518       0x20 C:/Freescale/CW MCU v11.1/MCU/ARM_GCC_Support/ewl/lib/armv7e-m\libc.a(strlen.o)
 .debug_aranges
                0x00000538       0x20 C:/Freescale/CW MCU v11.1/MCU/ARM_GCC_Support/ewl/lib/armv7e-m\libc.a(memchr.o)
 .debug_aranges
                0x00000558       0x20 C:/Freescale/CW MCU v11.1/MCU/ARM_GCC_Support/ewl/lib/armv7e-m\libm.a(w_sqrt.o)
 .debug_aranges
                0x00000578       0x20 C:/Freescale/CW MCU v11.1/MCU/ARM_GCC_Support/ewl/lib/armv7e-m\libm.a(e_sqrt.o)
 .debug_aranges
                0x00000598       0x18 C:/Freescale/CW MCU v11.1/MCU/ARM_GCC_Support/ewl/lib/armv7e-m\libm.a(float.o)
 .debug_aranges
                0x000005b0       0x28 C:/Freescale/CW MCU v11.1/MCU/ARM_GCC_Support/ewl/lib/armv7e-m\librt.a(gcc_ctor_dtor.o)
 .debug_aranges
                0x000005d8       0x58 C:/Freescale/CW MCU v11.1/MCU/ARM_GCC_Support/ewl/lib/armv7e-m\librt.a(__arm_eabi_init.o)
 .debug_aranges
                0x00000630       0x30 C:/Freescale/CW MCU v11.1/MCU/ARM_GCC_Support/ewl/lib/armv7e-m\librt.a(ROMCopy.o)
 .debug_aranges
                0x00000660       0x50 C:/Freescale/CW MCU v11.1/MCU/ARM_GCC_Support/ewl/lib/armv7e-m\libhosted.a(semihosted_console_io.o)
 .debug_aranges
                0x000006b0       0xe0 C:/Freescale/CW MCU v11.1/MCU/ARM_GCC_Support/ewl/lib/armv7e-m\libhosted.a(semihosted_file_io.o)
 .debug_aranges
                0x00000790       0x18 C:/Freescale/CW MCU v11.1/MCU/ARM_GCC_Support/ewl/lib/armv7e-m\libc.a(errno.o)

.debug_macinfo  0x00000000   0x277363
 .debug_macinfo
                0x00000000     0x275e ./DriversLCD/Fonts_LCD.o
 .debug_macinfo
                0x0000275e    0x6769e ./DriversLCD/Driver_SLCD.o
 .debug_macinfo
                0x00069dfc    0x6725e ./Project_Settings/Startup_Code/kinetis_sysinit.o
 .debug_macinfo
                0x000d105a     0x3f50 ./Project_Settings/Startup_Code/__arm_start.o
 .debug_macinfo
                0x000d4faa     0x3539 ./Project_Settings/Startup_Code/__arm_end.o
 .debug_macinfo
                0x000d84e3    0x698de ./Sources/main.o
 .debug_macinfo
                0x00141dc1    0x671f0 ./Sources/Zumbador.o
 .debug_macinfo
                0x001a8fb1    0x671d9 ./Sources/Timers.o
 .debug_macinfo
                0x0021018a    0x671d9 ./Sources/Interrupciones.o

.debug_line     0x00000000     0x3421
 .debug_line    0x00000000       0xea ./DriversLCD/Fonts_LCD.o
 .debug_line    0x000000ea      0x883 ./DriversLCD/Driver_SLCD.o
 .debug_line    0x0000096d      0x222 ./Project_Settings/Startup_Code/kinetis_sysinit.o
 .debug_line    0x00000b8f      0x2a4 ./Project_Settings/Startup_Code/__arm_start.o
 .debug_line    0x00000e33      0x266 ./Project_Settings/Startup_Code/__arm_end.o
 .debug_line    0x00001099      0x524 ./Sources/main.o
 .debug_line    0x000015bd      0x1ee ./Sources/Zumbador.o
 .debug_line    0x000017ab      0x1d8 ./Sources/Timers.o
 .debug_line    0x00001983      0x1f0 ./Sources/Interrupciones.o
 .debug_line    0x00001b73       0x9c C:/Freescale/CW MCU v11.1/MCU/ARM_GCC_Support/ewl/lib/armv7e-m\libc.a(puts.o)
 .debug_line    0x00001c0f       0xc2 C:/Freescale/CW MCU v11.1/MCU/ARM_GCC_Support/ewl/lib/armv7e-m\libc.a(__putchar.o)
 .debug_line    0x00001cd1       0xfa C:/Freescale/CW MCU v11.1/MCU/ARM_GCC_Support/ewl/lib/armv7e-m\libc.a(__buffer_io.o)
 .debug_line    0x00001dcb       0x94 C:/Freescale/CW MCU v11.1/MCU/ARM_GCC_Support/ewl/lib/armv7e-m\libc.a(exit.o)
 .debug_line    0x00001e5f       0x8f C:/Freescale/CW MCU v11.1/MCU/ARM_GCC_Support/ewl/lib/armv7e-m\libc.a(memset.o)
 .debug_line    0x00001eee       0xcd C:/Freescale/CW MCU v11.1/MCU/ARM_GCC_Support/ewl/lib/armv7e-m\libc.a(__filll_mem.o)
 .debug_line    0x00001fbb       0x8b C:/Freescale/CW MCU v11.1/MCU/ARM_GCC_Support/ewl/lib/armv7e-m\libc.a(memcpy.o)
 .debug_line    0x00002046      0x2b4 C:/Freescale/CW MCU v11.1/MCU/ARM_GCC_Support/ewl/lib/armv7e-m\libc.a(printformat_.o)
 .debug_line    0x000022fa      0x2df C:/Freescale/CW MCU v11.1/MCU/ARM_GCC_Support/ewl/lib/armv7e-m\libc.a(scanformat_.o)
 .debug_line    0x000025d9      0x1a9 C:/Freescale/CW MCU v11.1/MCU/ARM_GCC_Support/ewl/lib/armv7e-m\libc.a(ctype_aeabi.o)
 .debug_line    0x00002782       0xc0 C:/Freescale/CW MCU v11.1/MCU/ARM_GCC_Support/ewl/lib/armv7e-m\libc.a(ansi_files.o)
 .debug_line    0x00002842      0x11b C:/Freescale/CW MCU v11.1/MCU/ARM_GCC_Support/ewl/lib/armv7e-m\libc.a(__strtoul.o)
 .debug_line    0x0000295d       0x7d C:/Freescale/CW MCU v11.1/MCU/ARM_GCC_Support/ewl/lib/armv7e-m\libc.a(strchr.o)
 .debug_line    0x000029da       0x83 C:/Freescale/CW MCU v11.1/MCU/ARM_GCC_Support/ewl/lib/armv7e-m\libc.a(strlen.o)
 .debug_line    0x00002a5d       0x9f C:/Freescale/CW MCU v11.1/MCU/ARM_GCC_Support/ewl/lib/armv7e-m\libc.a(memchr.o)
 .debug_line    0x00002afc       0x76 C:/Freescale/CW MCU v11.1/MCU/ARM_GCC_Support/ewl/lib/armv7e-m\libm.a(w_sqrt.o)
 .debug_line    0x00002b72      0x11e C:/Freescale/CW MCU v11.1/MCU/ARM_GCC_Support/ewl/lib/armv7e-m\libm.a(e_sqrt.o)
 .debug_line    0x00002c90       0x60 C:/Freescale/CW MCU v11.1/MCU/ARM_GCC_Support/ewl/lib/armv7e-m\libm.a(float.o)
 .debug_line    0x00002cf0       0x67 C:/Freescale/CW MCU v11.1/MCU/ARM_GCC_Support/ewl/lib/armv7e-m\librt.a(gcc_ctor_dtor.o)
 .debug_line    0x00002d57      0x111 C:/Freescale/CW MCU v11.1/MCU/ARM_GCC_Support/ewl/lib/armv7e-m\librt.a(__arm_eabi_init.o)
 .debug_line    0x00002e68       0xa9 C:/Freescale/CW MCU v11.1/MCU/ARM_GCC_Support/ewl/lib/armv7e-m\librt.a(ROMCopy.o)
 .debug_line    0x00002f11      0x14c C:/Freescale/CW MCU v11.1/MCU/ARM_GCC_Support/ewl/lib/armv7e-m\libhosted.a(semihosted_console_io.o)
 .debug_line    0x0000305d      0x377 C:/Freescale/CW MCU v11.1/MCU/ARM_GCC_Support/ewl/lib/armv7e-m\libhosted.a(semihosted_file_io.o)
 .debug_line    0x000033d4       0x4d C:/Freescale/CW MCU v11.1/MCU/ARM_GCC_Support/ewl/lib/armv7e-m\libc.a(errno.o)

.debug_str      0x00000000     0x2179
 .debug_str     0x00000000      0x109 ./DriversLCD/Fonts_LCD.o
                                0x135 (size before relaxing)
 .debug_str     0x00000109      0x8b5 ./DriversLCD/Driver_SLCD.o
                                0x9c0 (size before relaxing)
 .debug_str     0x000009be      0x194 ./Project_Settings/Startup_Code/kinetis_sysinit.o
                                0x28d (size before relaxing)
 .debug_str     0x00000b52       0x85 ./Project_Settings/Startup_Code/__arm_start.o
                                0x19f (size before relaxing)
 .debug_str     0x00000bd7       0x41 ./Project_Settings/Startup_Code/__arm_end.o
                                 0xd6 (size before relaxing)
 .debug_str     0x00000c18      0x26b ./Sources/main.o
                                0x46f (size before relaxing)
 .debug_str     0x00000e83       0xd1 ./Sources/Zumbador.o
                                0x2ef (size before relaxing)
 .debug_str     0x00000f54       0x31 ./Sources/Timers.o
                                0x157 (size before relaxing)
 .debug_str     0x00000f85       0x88 ./Sources/Interrupciones.o
                                0x1c7 (size before relaxing)
 .debug_str     0x0000100d      0x17a C:/Freescale/CW MCU v11.1/MCU/ARM_GCC_Support/ewl/lib/armv7e-m\libc.a(puts.o)
                                0x2cc (size before relaxing)
 .debug_str     0x00001187       0xf3 C:/Freescale/CW MCU v11.1/MCU/ARM_GCC_Support/ewl/lib/armv7e-m\libc.a(__putchar.o)
                                0x39e (size before relaxing)
 .debug_str     0x0000127a       0xc3 C:/Freescale/CW MCU v11.1/MCU/ARM_GCC_Support/ewl/lib/armv7e-m\libc.a(__buffer_io.o)
                                0x373 (size before relaxing)
 .debug_str     0x0000133d       0x2e C:/Freescale/CW MCU v11.1/MCU/ARM_GCC_Support/ewl/lib/armv7e-m\libc.a(exit.o)
                                0x157 (size before relaxing)
 .debug_str     0x0000136b       0x15 C:/Freescale/CW MCU v11.1/MCU/ARM_GCC_Support/ewl/lib/armv7e-m\libc.a(memset.o)
                                0x140 (size before relaxing)
 .debug_str     0x00001380       0x25 C:/Freescale/CW MCU v11.1/MCU/ARM_GCC_Support/ewl/lib/armv7e-m\libc.a(__filll_mem.o)
                                0x152 (size before relaxing)
 .debug_str     0x000013a5       0x15 C:/Freescale/CW MCU v11.1/MCU/ARM_GCC_Support/ewl/lib/armv7e-m\libc.a(memcpy.o)
                                0x138 (size before relaxing)
 .debug_str     0x000013ba      0x227 C:/Freescale/CW MCU v11.1/MCU/ARM_GCC_Support/ewl/lib/armv7e-m\libc.a(printformat_.o)
                                0x3b3 (size before relaxing)
 .debug_str     0x000015e1      0x17b C:/Freescale/CW MCU v11.1/MCU/ARM_GCC_Support/ewl/lib/armv7e-m\libc.a(scanformat_.o)
                                0x3f9 (size before relaxing)
 .debug_str     0x0000175c       0x9d C:/Freescale/CW MCU v11.1/MCU/ARM_GCC_Support/ewl/lib/armv7e-m\libc.a(ctype_aeabi.o)
                                0x1bc (size before relaxing)
 .debug_str     0x000017f9       0xc6 C:/Freescale/CW MCU v11.1/MCU/ARM_GCC_Support/ewl/lib/armv7e-m\libc.a(ansi_files.o)
                                0x442 (size before relaxing)
 .debug_str     0x000018bf       0x5b C:/Freescale/CW MCU v11.1/MCU/ARM_GCC_Support/ewl/lib/armv7e-m\libc.a(__strtoul.o)
                                0x1fb (size before relaxing)
 .debug_str     0x0000191a       0x1c C:/Freescale/CW MCU v11.1/MCU/ARM_GCC_Support/ewl/lib/armv7e-m\libc.a(strchr.o)
                                0x137 (size before relaxing)
 .debug_str     0x00001936       0x1c C:/Freescale/CW MCU v11.1/MCU/ARM_GCC_Support/ewl/lib/armv7e-m\libc.a(strlen.o)
                                0x140 (size before relaxing)
 .debug_str     0x00001952       0x1c C:/Freescale/CW MCU v11.1/MCU/ARM_GCC_Support/ewl/lib/armv7e-m\libc.a(memchr.o)
                                0x148 (size before relaxing)
 .debug_str     0x0000196e       0x18 C:/Freescale/CW MCU v11.1/MCU/ARM_GCC_Support/ewl/lib/armv7e-m\libm.a(w_sqrt.o)
                                0x12b (size before relaxing)
 .debug_str     0x00001986       0x42 C:/Freescale/CW MCU v11.1/MCU/ARM_GCC_Support/ewl/lib/armv7e-m\libm.a(e_sqrt.o)
                                0x17e (size before relaxing)
 .debug_str     0x000019c8       0xf9 C:/Freescale/CW MCU v11.1/MCU/ARM_GCC_Support/ewl/lib/armv7e-m\libm.a(float.o)
                                0x225 (size before relaxing)
 .debug_str     0x00001ac1      0x126 C:/Freescale/CW MCU v11.1/MCU/ARM_GCC_Support/ewl/lib/armv7e-m\librt.a(gcc_ctor_dtor.o)
                                0x181 (size before relaxing)
 .debug_str     0x00001be7       0xf8 C:/Freescale/CW MCU v11.1/MCU/ARM_GCC_Support/ewl/lib/armv7e-m\librt.a(__arm_eabi_init.o)
                                0x1b5 (size before relaxing)
 .debug_str     0x00001cdf       0x9b C:/Freescale/CW MCU v11.1/MCU/ARM_GCC_Support/ewl/lib/armv7e-m\librt.a(ROMCopy.o)
                                0x13c (size before relaxing)
 .debug_str     0x00001d7a       0x9b C:/Freescale/CW MCU v11.1/MCU/ARM_GCC_Support/ewl/lib/armv7e-m\libhosted.a(semihosted_console_io.o)
                                0x1ac (size before relaxing)
 .debug_str     0x00001e15      0x352 C:/Freescale/CW MCU v11.1/MCU/ARM_GCC_Support/ewl/lib/armv7e-m\libhosted.a(semihosted_file_io.o)
                                0x5f2 (size before relaxing)
 .debug_str     0x00002167       0x12 C:/Freescale/CW MCU v11.1/MCU/ARM_GCC_Support/ewl/lib/armv7e-m\libc.a(errno.o)
                                0x12c (size before relaxing)

.comment        0x00000000       0x79
 .comment       0x00000000       0x79 ./DriversLCD/Fonts_LCD.o
                                 0x7a (size before relaxing)
 .comment       0x00000000       0x7a ./DriversLCD/Driver_SLCD.o
 .comment       0x00000000       0x7a ./Project_Settings/Startup_Code/kinetis_sysinit.o
 .comment       0x00000000       0x7a ./Project_Settings/Startup_Code/__arm_start.o
 .comment       0x00000000       0x7a ./Project_Settings/Startup_Code/__arm_end.o
 .comment       0x00000000       0x7a ./Sources/main.o
 .comment       0x00000000       0x7a ./Sources/Zumbador.o
 .comment       0x00000000       0x7a ./Sources/Timers.o
 .comment       0x00000000       0x7a ./Sources/Interrupciones.o
 .comment       0x00000000       0x7a C:/Freescale/CW MCU v11.1/MCU/ARM_GCC_Support/ewl/lib/armv7e-m\libc.a(puts.o)
 .comment       0x00000000       0x7a C:/Freescale/CW MCU v11.1/MCU/ARM_GCC_Support/ewl/lib/armv7e-m\libc.a(__putchar.o)
 .comment       0x00000000       0x7a C:/Freescale/CW MCU v11.1/MCU/ARM_GCC_Support/ewl/lib/armv7e-m\libc.a(__buffer_io.o)
 .comment       0x00000000       0x7a C:/Freescale/CW MCU v11.1/MCU/ARM_GCC_Support/ewl/lib/armv7e-m\libc.a(exit.o)
 .comment       0x00000000       0x7a C:/Freescale/CW MCU v11.1/MCU/ARM_GCC_Support/ewl/lib/armv7e-m\libc.a(memset.o)
 .comment       0x00000000       0x7a C:/Freescale/CW MCU v11.1/MCU/ARM_GCC_Support/ewl/lib/armv7e-m\libc.a(__filll_mem.o)
 .comment       0x00000000       0x7a C:/Freescale/CW MCU v11.1/MCU/ARM_GCC_Support/ewl/lib/armv7e-m\libc.a(memcpy.o)
 .comment       0x00000000       0x7a C:/Freescale/CW MCU v11.1/MCU/ARM_GCC_Support/ewl/lib/armv7e-m\libc.a(printformat_.o)
 .comment       0x00000000       0x7a C:/Freescale/CW MCU v11.1/MCU/ARM_GCC_Support/ewl/lib/armv7e-m\libc.a(scanformat_.o)
 .comment       0x00000000       0x7a C:/Freescale/CW MCU v11.1/MCU/ARM_GCC_Support/ewl/lib/armv7e-m\libc.a(ctype_aeabi.o)
 .comment       0x00000000       0x7a C:/Freescale/CW MCU v11.1/MCU/ARM_GCC_Support/ewl/lib/armv7e-m\libc.a(ansi_files.o)
 .comment       0x00000000       0x7a C:/Freescale/CW MCU v11.1/MCU/ARM_GCC_Support/ewl/lib/armv7e-m\libc.a(__strtoul.o)
 .comment       0x00000000       0x7a C:/Freescale/CW MCU v11.1/MCU/ARM_GCC_Support/ewl/lib/armv7e-m\libc.a(strchr.o)
 .comment       0x00000000       0x7a C:/Freescale/CW MCU v11.1/MCU/ARM_GCC_Support/ewl/lib/armv7e-m\libc.a(strlen.o)
 .comment       0x00000000       0x7a C:/Freescale/CW MCU v11.1/MCU/ARM_GCC_Support/ewl/lib/armv7e-m\libc.a(memchr.o)
 .comment       0x00000000       0x7a C:/Freescale/CW MCU v11.1/MCU/ARM_GCC_Support/ewl/lib/armv7e-m\libm.a(w_sqrt.o)
 .comment       0x00000000       0x7a C:/Freescale/CW MCU v11.1/MCU/ARM_GCC_Support/ewl/lib/armv7e-m\libm.a(e_sqrt.o)
 .comment       0x00000000       0x7a C:/Freescale/CW MCU v11.1/MCU/ARM_GCC_Support/ewl/lib/armv7e-m\libm.a(float.o)
 .comment       0x00000000       0x7a C:/Freescale/CW MCU v11.1/MCU/ARM_GCC_Support/ewl/lib/armv7e-m\librt.a(gcc_ctor_dtor.o)
 .comment       0x00000000       0x7a C:/Freescale/CW MCU v11.1/MCU/ARM_GCC_Support/ewl/lib/armv7e-m\librt.a(__arm_eabi_init.o)
 .comment       0x00000000       0x7a C:/Freescale/CW MCU v11.1/MCU/ARM_GCC_Support/ewl/lib/armv7e-m\librt.a(ROMCopy.o)
 .comment       0x00000000       0x7a C:/Freescale/CW MCU v11.1/MCU/ARM_GCC_Support/ewl/lib/armv7e-m\libhosted.a(semihosted_console_io.o)
 .comment       0x00000000       0x7a C:/Freescale/CW MCU v11.1/MCU/ARM_GCC_Support/ewl/lib/armv7e-m\libhosted.a(semihosted_file_io.o)
 .comment       0x00000000       0x7a C:/Freescale/CW MCU v11.1/MCU/ARM_GCC_Support/ewl/lib/armv7e-m\libc.a(errno.o)

.debug_loc      0x00000000     0x3ae3
 .debug_loc     0x00000000      0x9ec ./DriversLCD/Driver_SLCD.o
 .debug_loc     0x000009ec       0x58 ./Project_Settings/Startup_Code/kinetis_sysinit.o
 .debug_loc     0x00000a44       0x2c ./Project_Settings/Startup_Code/__arm_start.o
 .debug_loc     0x00000a70       0x38 ./Project_Settings/Startup_Code/__arm_end.o
 .debug_loc     0x00000aa8      0x23a ./Sources/main.o
 .debug_loc     0x00000ce2       0x64 ./Sources/Zumbador.o
 .debug_loc     0x00000d46       0x38 ./Sources/Timers.o
 .debug_loc     0x00000d7e       0x38 ./Sources/Interrupciones.o
 .debug_loc     0x00000db6       0x67 C:/Freescale/CW MCU v11.1/MCU/ARM_GCC_Support/ewl/lib/armv7e-m\libc.a(puts.o)
 .debug_loc     0x00000e1d       0x87 C:/Freescale/CW MCU v11.1/MCU/ARM_GCC_Support/ewl/lib/armv7e-m\libc.a(__putchar.o)
 .debug_loc     0x00000ea4      0x144 C:/Freescale/CW MCU v11.1/MCU/ARM_GCC_Support/ewl/lib/armv7e-m\libc.a(__buffer_io.o)
 .debug_loc     0x00000fe8       0x3e C:/Freescale/CW MCU v11.1/MCU/ARM_GCC_Support/ewl/lib/armv7e-m\libc.a(exit.o)
 .debug_loc     0x00001026       0x64 C:/Freescale/CW MCU v11.1/MCU/ARM_GCC_Support/ewl/lib/armv7e-m\libc.a(memset.o)
 .debug_loc     0x0000108a      0x12c C:/Freescale/CW MCU v11.1/MCU/ARM_GCC_Support/ewl/lib/armv7e-m\libc.a(__filll_mem.o)
 .debug_loc     0x000011b6       0x59 C:/Freescale/CW MCU v11.1/MCU/ARM_GCC_Support/ewl/lib/armv7e-m\libc.a(memcpy.o)
 .debug_loc     0x0000120f      0xbdc C:/Freescale/CW MCU v11.1/MCU/ARM_GCC_Support/ewl/lib/armv7e-m\libc.a(printformat_.o)
 .debug_loc     0x00001deb      0x8b6 C:/Freescale/CW MCU v11.1/MCU/ARM_GCC_Support/ewl/lib/armv7e-m\libc.a(scanformat_.o)
 .debug_loc     0x000026a1      0x18e C:/Freescale/CW MCU v11.1/MCU/ARM_GCC_Support/ewl/lib/armv7e-m\libc.a(ctype_aeabi.o)
 .debug_loc     0x0000282f       0xb2 C:/Freescale/CW MCU v11.1/MCU/ARM_GCC_Support/ewl/lib/armv7e-m\libc.a(ansi_files.o)
 .debug_loc     0x000028e1      0x2bb C:/Freescale/CW MCU v11.1/MCU/ARM_GCC_Support/ewl/lib/armv7e-m\libc.a(__strtoul.o)
 .debug_loc     0x00002b9c       0x7c C:/Freescale/CW MCU v11.1/MCU/ARM_GCC_Support/ewl/lib/armv7e-m\libc.a(strchr.o)
 .debug_loc     0x00002c18       0x26 C:/Freescale/CW MCU v11.1/MCU/ARM_GCC_Support/ewl/lib/armv7e-m\libc.a(strlen.o)
 .debug_loc     0x00002c3e       0x62 C:/Freescale/CW MCU v11.1/MCU/ARM_GCC_Support/ewl/lib/armv7e-m\libc.a(memchr.o)
 .debug_loc     0x00002ca0       0x18 C:/Freescale/CW MCU v11.1/MCU/ARM_GCC_Support/ewl/lib/armv7e-m\libm.a(w_sqrt.o)
 .debug_loc     0x00002cb8      0x247 C:/Freescale/CW MCU v11.1/MCU/ARM_GCC_Support/ewl/lib/armv7e-m\libm.a(e_sqrt.o)
 .debug_loc     0x00002eff       0x9d C:/Freescale/CW MCU v11.1/MCU/ARM_GCC_Support/ewl/lib/armv7e-m\librt.a(gcc_ctor_dtor.o)
 .debug_loc     0x00002f9c      0x144 C:/Freescale/CW MCU v11.1/MCU/ARM_GCC_Support/ewl/lib/armv7e-m\librt.a(__arm_eabi_init.o)
 .debug_loc     0x000030e0       0xb9 C:/Freescale/CW MCU v11.1/MCU/ARM_GCC_Support/ewl/lib/armv7e-m\librt.a(ROMCopy.o)
 .debug_loc     0x00003199      0x165 C:/Freescale/CW MCU v11.1/MCU/ARM_GCC_Support/ewl/lib/armv7e-m\libhosted.a(semihosted_console_io.o)
 .debug_loc     0x000032fe      0x7e5 C:/Freescale/CW MCU v11.1/MCU/ARM_GCC_Support/ewl/lib/armv7e-m\libhosted.a(semihosted_file_io.o)

.debug_frame    0x00000000     0x1040
 .debug_frame   0x00000000      0x530 ./DriversLCD/Driver_SLCD.o
 .debug_frame   0x00000530       0x40 ./Project_Settings/Startup_Code/kinetis_sysinit.o
 .debug_frame   0x00000570       0x4c ./Project_Settings/Startup_Code/__arm_start.o
 .debug_frame   0x000005bc       0x30 ./Project_Settings/Startup_Code/__arm_end.o
 .debug_frame   0x000005ec      0x15c ./Sources/main.o
 .debug_frame   0x00000748       0x48 ./Sources/Zumbador.o
 .debug_frame   0x00000790       0x2c ./Sources/Timers.o
 .debug_frame   0x000007bc       0x30 ./Sources/Interrupciones.o
 .debug_frame   0x000007ec       0x28 C:/Freescale/CW MCU v11.1/MCU/ARM_GCC_Support/ewl/lib/armv7e-m\libc.a(puts.o)
 .debug_frame   0x00000814       0x2c C:/Freescale/CW MCU v11.1/MCU/ARM_GCC_Support/ewl/lib/armv7e-m\libc.a(__putchar.o)
 .debug_frame   0x00000840       0x58 C:/Freescale/CW MCU v11.1/MCU/ARM_GCC_Support/ewl/lib/armv7e-m\libc.a(__buffer_io.o)
 .debug_frame   0x00000898       0x28 C:/Freescale/CW MCU v11.1/MCU/ARM_GCC_Support/ewl/lib/armv7e-m\libc.a(exit.o)
 .debug_frame   0x000008c0       0x28 C:/Freescale/CW MCU v11.1/MCU/ARM_GCC_Support/ewl/lib/armv7e-m\libc.a(memset.o)
 .debug_frame   0x000008e8       0x2c C:/Freescale/CW MCU v11.1/MCU/ARM_GCC_Support/ewl/lib/armv7e-m\libc.a(__filll_mem.o)
 .debug_frame   0x00000914       0x28 C:/Freescale/CW MCU v11.1/MCU/ARM_GCC_Support/ewl/lib/armv7e-m\libc.a(memcpy.o)
 .debug_frame   0x0000093c       0x64 C:/Freescale/CW MCU v11.1/MCU/ARM_GCC_Support/ewl/lib/armv7e-m\libc.a(printformat_.o)
 .debug_frame   0x000009a0       0x3c C:/Freescale/CW MCU v11.1/MCU/ARM_GCC_Support/ewl/lib/armv7e-m\libc.a(scanformat_.o)
 .debug_frame   0x000009dc       0xf0 C:/Freescale/CW MCU v11.1/MCU/ARM_GCC_Support/ewl/lib/armv7e-m\libc.a(ctype_aeabi.o)
 .debug_frame   0x00000acc       0x48 C:/Freescale/CW MCU v11.1/MCU/ARM_GCC_Support/ewl/lib/armv7e-m\libc.a(ansi_files.o)
 .debug_frame   0x00000b14       0x3c C:/Freescale/CW MCU v11.1/MCU/ARM_GCC_Support/ewl/lib/armv7e-m\libc.a(__strtoul.o)
 .debug_frame   0x00000b50       0x20 C:/Freescale/CW MCU v11.1/MCU/ARM_GCC_Support/ewl/lib/armv7e-m\libc.a(strchr.o)
 .debug_frame   0x00000b70       0x20 C:/Freescale/CW MCU v11.1/MCU/ARM_GCC_Support/ewl/lib/armv7e-m\libc.a(strlen.o)
 .debug_frame   0x00000b90       0x20 C:/Freescale/CW MCU v11.1/MCU/ARM_GCC_Support/ewl/lib/armv7e-m\libc.a(memchr.o)
 .debug_frame   0x00000bb0       0x20 C:/Freescale/CW MCU v11.1/MCU/ARM_GCC_Support/ewl/lib/armv7e-m\libm.a(w_sqrt.o)
 .debug_frame   0x00000bd0       0x38 C:/Freescale/CW MCU v11.1/MCU/ARM_GCC_Support/ewl/lib/armv7e-m\libm.a(e_sqrt.o)
 .debug_frame   0x00000c08       0x40 C:/Freescale/CW MCU v11.1/MCU/ARM_GCC_Support/ewl/lib/armv7e-m\librt.a(gcc_ctor_dtor.o)
 .debug_frame   0x00000c48       0xac C:/Freescale/CW MCU v11.1/MCU/ARM_GCC_Support/ewl/lib/armv7e-m\librt.a(__arm_eabi_init.o)
 .debug_frame   0x00000cf4       0x48 C:/Freescale/CW MCU v11.1/MCU/ARM_GCC_Support/ewl/lib/armv7e-m\librt.a(ROMCopy.o)
 .debug_frame   0x00000d3c       0x90 C:/Freescale/CW MCU v11.1/MCU/ARM_GCC_Support/ewl/lib/armv7e-m\libhosted.a(semihosted_console_io.o)
 .debug_frame   0x00000dcc      0x274 C:/Freescale/CW MCU v11.1/MCU/ARM_GCC_Support/ewl/lib/armv7e-m\libhosted.a(semihosted_file_io.o)
