Archive member included because of file (symbol)

C:/Freescale/CW MCU v11.1/MCU/ARM_GCC_Support/ewl/lib/armv7e-m\libc.a(puts.o)
                              ./Sources/Interrupciones.o (puts)
C:/Freescale/CW MCU v11.1/MCU/ARM_GCC_Support/ewl/lib/armv7e-m\libc.a(__putchar.o)
                              C:/Freescale/CW MCU v11.1/MCU/ARM_GCC_Support/ewl/lib/armv7e-m\libc.a(puts.o) (__put_char)
C:/Freescale/CW MCU v11.1/MCU/ARM_GCC_Support/ewl/lib/armv7e-m\libc.a(__buffer_io.o)
                              C:/Freescale/CW MCU v11.1/MCU/ARM_GCC_Support/ewl/lib/armv7e-m\libc.a(__putchar.o) (__prep_buffer)
C:/Freescale/CW MCU v11.1/MCU/ARM_GCC_Support/ewl/lib/armv7e-m\libc.a(printf.o)
                              ./Sources/main.o (printf)
C:/Freescale/CW MCU v11.1/MCU/ARM_GCC_Support/ewl/lib/armv7e-m\libc.a(exit.o)
                              ./Project_Settings/Startup_Code/__arm_start.o (exit)
C:/Freescale/CW MCU v11.1/MCU/ARM_GCC_Support/ewl/lib/armv7e-m\libc.a(memset.o)
                              ./Project_Settings/Startup_Code/__arm_start.o (memset)
C:/Freescale/CW MCU v11.1/MCU/ARM_GCC_Support/ewl/lib/armv7e-m\libc.a(__filll_mem.o)
                              C:/Freescale/CW MCU v11.1/MCU/ARM_GCC_Support/ewl/lib/armv7e-m\libc.a(memset.o) (__fill_mem)
C:/Freescale/CW MCU v11.1/MCU/ARM_GCC_Support/ewl/lib/armv7e-m\libc.a(printformat_.o)
                              (__pformatter_)
C:/Freescale/CW MCU v11.1/MCU/ARM_GCC_Support/ewl/lib/armv7e-m\libc.a(scanformat_.o)
                              (__sformatter)
C:/Freescale/CW MCU v11.1/MCU/ARM_GCC_Support/ewl/lib/armv7e-m\libc.a(ctype_aeabi.o)
                              C:/Freescale/CW MCU v11.1/MCU/ARM_GCC_Support/ewl/lib/armv7e-m\libc.a(scanformat_.o) (isspace)
C:/Freescale/CW MCU v11.1/MCU/ARM_GCC_Support/ewl/lib/armv7e-m\libc.a(fwrite.o)
                              C:/Freescale/CW MCU v11.1/MCU/ARM_GCC_Support/ewl/lib/armv7e-m\libc.a(printf.o) (__FileWrite)
C:/Freescale/CW MCU v11.1/MCU/ARM_GCC_Support/ewl/lib/armv7e-m\libc.a(ansi_files.o)
                              C:/Freescale/CW MCU v11.1/MCU/ARM_GCC_Support/ewl/lib/armv7e-m\libc.a(puts.o) (__files)
C:/Freescale/CW MCU v11.1/MCU/ARM_GCC_Support/ewl/lib/armv7e-m\libc.a(fflush.o)
                              C:/Freescale/CW MCU v11.1/MCU/ARM_GCC_Support/ewl/lib/armv7e-m\libc.a(ansi_files.o) (fflush)
C:/Freescale/CW MCU v11.1/MCU/ARM_GCC_Support/ewl/lib/armv7e-m\libc.a(__strtoul.o)
                              C:/Freescale/CW MCU v11.1/MCU/ARM_GCC_Support/ewl/lib/armv7e-m\libc.a(scanformat_.o) (__strtoul)
C:/Freescale/CW MCU v11.1/MCU/ARM_GCC_Support/ewl/lib/armv7e-m\libc.a(strchr.o)
                              C:/Freescale/CW MCU v11.1/MCU/ARM_GCC_Support/ewl/lib/armv7e-m\libc.a(printformat_.o) (strchr)
C:/Freescale/CW MCU v11.1/MCU/ARM_GCC_Support/ewl/lib/armv7e-m\libc.a(memcpy.o)
                              C:/Freescale/CW MCU v11.1/MCU/ARM_GCC_Support/ewl/lib/armv7e-m\libc.a(fwrite.o) (memcpy)
C:/Freescale/CW MCU v11.1/MCU/ARM_GCC_Support/ewl/lib/armv7e-m\libc.a(strlen.o)
                              C:/Freescale/CW MCU v11.1/MCU/ARM_GCC_Support/ewl/lib/armv7e-m\libc.a(printformat_.o) (strlen)
C:/Freescale/CW MCU v11.1/MCU/ARM_GCC_Support/ewl/lib/armv7e-m\libc.a(__memrchr.o)
                              C:/Freescale/CW MCU v11.1/MCU/ARM_GCC_Support/ewl/lib/armv7e-m\libc.a(fwrite.o) (__memrchr)
C:/Freescale/CW MCU v11.1/MCU/ARM_GCC_Support/ewl/lib/armv7e-m\libc.a(memchr.o)
                              C:/Freescale/CW MCU v11.1/MCU/ARM_GCC_Support/ewl/lib/armv7e-m\libc.a(printformat_.o) (memchr)
c:/freescale/cw mcu v11.1/cross_tools/arm-none-eabi-gcc-4_7_3/bin/../lib/gcc/arm-none-eabi/4.7.3/armv7e-m\libgcc.a(_arm_addsubsf3.o)
                              ./Sources/main.o (__aeabi_i2f)
c:/freescale/cw mcu v11.1/cross_tools/arm-none-eabi-gcc-4_7_3/bin/../lib/gcc/arm-none-eabi/4.7.3/armv7e-m\libgcc.a(_arm_muldivsf3.o)
                              ./Sources/main.o (__aeabi_fmul)
C:/Freescale/CW MCU v11.1/MCU/ARM_GCC_Support/ewl/lib/armv7e-m\librt.a(gcc_ctor_dtor.o)
                              ./Project_Settings/Startup_Code/__arm_start.o (__init_cpp)
C:/Freescale/CW MCU v11.1/MCU/ARM_GCC_Support/ewl/lib/armv7e-m\librt.a(__arm_eabi_init.o)
                              C:/Freescale/CW MCU v11.1/MCU/ARM_GCC_Support/ewl/lib/armv7e-m\libc.a(exit.o) (__destroy_global_chain)
C:/Freescale/CW MCU v11.1/MCU/ARM_GCC_Support/ewl/lib/armv7e-m\librt.a(ROMCopy.o)
                              ./Project_Settings/Startup_Code/__arm_start.o (__copy_rom_sections_to_ram)
C:/Freescale/CW MCU v11.1/MCU/ARM_GCC_Support/ewl/lib/armv7e-m\libhosted.a(semihosted_console_io.o)
                              ./Project_Settings/Startup_Code/__arm_end.o (sys_exit)
C:/Freescale/CW MCU v11.1/MCU/ARM_GCC_Support/ewl/lib/armv7e-m\libhosted.a(semihosted_file_io.o)
                              C:/Freescale/CW MCU v11.1/MCU/ARM_GCC_Support/ewl/lib/armv7e-m\libhosted.a(semihosted_console_io.o) (__write_file)
C:/Freescale/CW MCU v11.1/MCU/ARM_GCC_Support/ewl/lib/armv7e-m\libc.a(alloc.o)
                              C:/Freescale/CW MCU v11.1/MCU/ARM_GCC_Support/ewl/lib/armv7e-m\libhosted.a(semihosted_file_io.o) (malloc)
C:/Freescale/CW MCU v11.1/MCU/ARM_GCC_Support/ewl/lib/armv7e-m\libc.a(strcpy.o)
                              C:/Freescale/CW MCU v11.1/MCU/ARM_GCC_Support/ewl/lib/armv7e-m\libhosted.a(semihosted_file_io.o) (strcpy)

Allocating common symbols
Common symbol       size              file

stdout_buff         0x40              C:/Freescale/CW MCU v11.1/MCU/ARM_GCC_Support/ewl/lib/armv7e-m\libc.a(ansi_files.o)
stdin_buff          0x40              C:/Freescale/CW MCU v11.1/MCU/ARM_GCC_Support/ewl/lib/armv7e-m\libc.a(ansi_files.o)
stderr_buff         0x40              C:/Freescale/CW MCU v11.1/MCU/ARM_GCC_Support/ewl/lib/armv7e-m\libc.a(ansi_files.o)

Discarded input sections

 .text          0x00000000        0x0 ./Project_Settings/Startup_Code/kinetis_sysinit.o
 .data          0x00000000        0x0 ./Project_Settings/Startup_Code/kinetis_sysinit.o
 .bss           0x00000000        0x0 ./Project_Settings/Startup_Code/kinetis_sysinit.o
 .text          0x00000000        0x0 ./Project_Settings/Startup_Code/__arm_start.o
 .data          0x00000000        0x0 ./Project_Settings/Startup_Code/__arm_start.o
 .bss           0x00000000        0x0 ./Project_Settings/Startup_Code/__arm_start.o
 .text.__iar_program_start
                0x00000000        0x4 ./Project_Settings/Startup_Code/__arm_start.o
 .text          0x00000000        0x0 ./Project_Settings/Startup_Code/__arm_end.o
 .data          0x00000000        0x0 ./Project_Settings/Startup_Code/__arm_end.o
 .bss           0x00000000        0x0 ./Project_Settings/Startup_Code/__arm_end.o
 .text          0x00000000        0x0 ./Sources/main.o
 .data          0x00000000        0x0 ./Sources/main.o
 .bss           0x00000000        0x0 ./Sources/main.o
 .data.scala    0x00000000        0x4 ./Sources/main.o
 .text.toVolts  0x00000000       0x34 ./Sources/main.o
 .text          0x00000000        0x0 ./Sources/Interrupciones.o
 .data          0x00000000        0x0 ./Sources/Interrupciones.o
 .bss           0x00000000        0x0 ./Sources/Interrupciones.o
 .text          0x00000000        0x0 C:/Freescale/CW MCU v11.1/MCU/ARM_GCC_Support/ewl/lib/armv7e-m\libc.a(puts.o)
 .data          0x00000000        0x0 C:/Freescale/CW MCU v11.1/MCU/ARM_GCC_Support/ewl/lib/armv7e-m\libc.a(puts.o)
 .bss           0x00000000        0x0 C:/Freescale/CW MCU v11.1/MCU/ARM_GCC_Support/ewl/lib/armv7e-m\libc.a(puts.o)
 .text          0x00000000        0x0 C:/Freescale/CW MCU v11.1/MCU/ARM_GCC_Support/ewl/lib/armv7e-m\libc.a(__putchar.o)
 .data          0x00000000        0x0 C:/Freescale/CW MCU v11.1/MCU/ARM_GCC_Support/ewl/lib/armv7e-m\libc.a(__putchar.o)
 .bss           0x00000000        0x0 C:/Freescale/CW MCU v11.1/MCU/ARM_GCC_Support/ewl/lib/armv7e-m\libc.a(__putchar.o)
 .text          0x00000000        0x0 C:/Freescale/CW MCU v11.1/MCU/ARM_GCC_Support/ewl/lib/armv7e-m\libc.a(__buffer_io.o)
 .data          0x00000000        0x0 C:/Freescale/CW MCU v11.1/MCU/ARM_GCC_Support/ewl/lib/armv7e-m\libc.a(__buffer_io.o)
 .bss           0x00000000        0x0 C:/Freescale/CW MCU v11.1/MCU/ARM_GCC_Support/ewl/lib/armv7e-m\libc.a(__buffer_io.o)
 .text.__load_buffer
                0x00000000       0x44 C:/Freescale/CW MCU v11.1/MCU/ARM_GCC_Support/ewl/lib/armv7e-m\libc.a(__buffer_io.o)
 .text          0x00000000        0x0 C:/Freescale/CW MCU v11.1/MCU/ARM_GCC_Support/ewl/lib/armv7e-m\libc.a(printf.o)
 .data          0x00000000        0x0 C:/Freescale/CW MCU v11.1/MCU/ARM_GCC_Support/ewl/lib/armv7e-m\libc.a(printf.o)
 .bss           0x00000000        0x0 C:/Freescale/CW MCU v11.1/MCU/ARM_GCC_Support/ewl/lib/armv7e-m\libc.a(printf.o)
 .text          0x00000000        0x0 C:/Freescale/CW MCU v11.1/MCU/ARM_GCC_Support/ewl/lib/armv7e-m\libc.a(exit.o)
 .data          0x00000000        0x0 C:/Freescale/CW MCU v11.1/MCU/ARM_GCC_Support/ewl/lib/armv7e-m\libc.a(exit.o)
 .bss           0x00000000        0x0 C:/Freescale/CW MCU v11.1/MCU/ARM_GCC_Support/ewl/lib/armv7e-m\libc.a(exit.o)
 .text          0x00000000        0x0 C:/Freescale/CW MCU v11.1/MCU/ARM_GCC_Support/ewl/lib/armv7e-m\libc.a(memset.o)
 .data          0x00000000        0x0 C:/Freescale/CW MCU v11.1/MCU/ARM_GCC_Support/ewl/lib/armv7e-m\libc.a(memset.o)
 .bss           0x00000000        0x0 C:/Freescale/CW MCU v11.1/MCU/ARM_GCC_Support/ewl/lib/armv7e-m\libc.a(memset.o)
 .text          0x00000000        0x0 C:/Freescale/CW MCU v11.1/MCU/ARM_GCC_Support/ewl/lib/armv7e-m\libc.a(__filll_mem.o)
 .data          0x00000000        0x0 C:/Freescale/CW MCU v11.1/MCU/ARM_GCC_Support/ewl/lib/armv7e-m\libc.a(__filll_mem.o)
 .bss           0x00000000        0x0 C:/Freescale/CW MCU v11.1/MCU/ARM_GCC_Support/ewl/lib/armv7e-m\libc.a(__filll_mem.o)
 .text          0x00000000        0x0 C:/Freescale/CW MCU v11.1/MCU/ARM_GCC_Support/ewl/lib/armv7e-m\libc.a(printformat_.o)
 .data          0x00000000        0x0 C:/Freescale/CW MCU v11.1/MCU/ARM_GCC_Support/ewl/lib/armv7e-m\libc.a(printformat_.o)
 .bss           0x00000000        0x0 C:/Freescale/CW MCU v11.1/MCU/ARM_GCC_Support/ewl/lib/armv7e-m\libc.a(printformat_.o)
 .text          0x00000000        0x0 C:/Freescale/CW MCU v11.1/MCU/ARM_GCC_Support/ewl/lib/armv7e-m\libc.a(scanformat_.o)
 .data          0x00000000        0x0 C:/Freescale/CW MCU v11.1/MCU/ARM_GCC_Support/ewl/lib/armv7e-m\libc.a(scanformat_.o)
 .bss           0x00000000        0x0 C:/Freescale/CW MCU v11.1/MCU/ARM_GCC_Support/ewl/lib/armv7e-m\libc.a(scanformat_.o)
 .text          0x00000000        0x0 C:/Freescale/CW MCU v11.1/MCU/ARM_GCC_Support/ewl/lib/armv7e-m\libc.a(ctype_aeabi.o)
 .data          0x00000000        0x0 C:/Freescale/CW MCU v11.1/MCU/ARM_GCC_Support/ewl/lib/armv7e-m\libc.a(ctype_aeabi.o)
 .bss           0x00000000        0x0 C:/Freescale/CW MCU v11.1/MCU/ARM_GCC_Support/ewl/lib/armv7e-m\libc.a(ctype_aeabi.o)
 .text.isalnum  0x00000000       0x18 C:/Freescale/CW MCU v11.1/MCU/ARM_GCC_Support/ewl/lib/armv7e-m\libc.a(ctype_aeabi.o)
 .text.iscntrl  0x00000000       0x1c C:/Freescale/CW MCU v11.1/MCU/ARM_GCC_Support/ewl/lib/armv7e-m\libc.a(ctype_aeabi.o)
 .text.isdigit  0x00000000        0xc C:/Freescale/CW MCU v11.1/MCU/ARM_GCC_Support/ewl/lib/armv7e-m\libc.a(ctype_aeabi.o)
 .text.isgraph  0x00000000       0x18 C:/Freescale/CW MCU v11.1/MCU/ARM_GCC_Support/ewl/lib/armv7e-m\libc.a(ctype_aeabi.o)
 .text.islower  0x00000000       0x1c C:/Freescale/CW MCU v11.1/MCU/ARM_GCC_Support/ewl/lib/armv7e-m\libc.a(ctype_aeabi.o)
 .text.isprint  0x00000000       0x18 C:/Freescale/CW MCU v11.1/MCU/ARM_GCC_Support/ewl/lib/armv7e-m\libc.a(ctype_aeabi.o)
 .text.ispunct  0x00000000       0x1c C:/Freescale/CW MCU v11.1/MCU/ARM_GCC_Support/ewl/lib/armv7e-m\libc.a(ctype_aeabi.o)
 .text.isupper  0x00000000       0x1c C:/Freescale/CW MCU v11.1/MCU/ARM_GCC_Support/ewl/lib/armv7e-m\libc.a(ctype_aeabi.o)
 .text.isxdigit
                0x00000000       0x1c C:/Freescale/CW MCU v11.1/MCU/ARM_GCC_Support/ewl/lib/armv7e-m\libc.a(ctype_aeabi.o)
 .text.isblank  0x00000000       0x28 C:/Freescale/CW MCU v11.1/MCU/ARM_GCC_Support/ewl/lib/armv7e-m\libc.a(ctype_aeabi.o)
 .text.tolower  0x00000000        0xc C:/Freescale/CW MCU v11.1/MCU/ARM_GCC_Support/ewl/lib/armv7e-m\libc.a(ctype_aeabi.o)
 .text          0x00000000        0x0 C:/Freescale/CW MCU v11.1/MCU/ARM_GCC_Support/ewl/lib/armv7e-m\libc.a(fwrite.o)
 .data          0x00000000        0x0 C:/Freescale/CW MCU v11.1/MCU/ARM_GCC_Support/ewl/lib/armv7e-m\libc.a(fwrite.o)
 .bss           0x00000000        0x0 C:/Freescale/CW MCU v11.1/MCU/ARM_GCC_Support/ewl/lib/armv7e-m\libc.a(fwrite.o)
 .text.fwrite   0x00000000        0x4 C:/Freescale/CW MCU v11.1/MCU/ARM_GCC_Support/ewl/lib/armv7e-m\libc.a(fwrite.o)
 .text          0x00000000        0x0 C:/Freescale/CW MCU v11.1/MCU/ARM_GCC_Support/ewl/lib/armv7e-m\libc.a(ansi_files.o)
 .data          0x00000000        0x0 C:/Freescale/CW MCU v11.1/MCU/ARM_GCC_Support/ewl/lib/armv7e-m\libc.a(ansi_files.o)
 .bss           0x00000000        0x0 C:/Freescale/CW MCU v11.1/MCU/ARM_GCC_Support/ewl/lib/armv7e-m\libc.a(ansi_files.o)
 .text.__flush_line_buffered_output_files
                0x00000000       0x3c C:/Freescale/CW MCU v11.1/MCU/ARM_GCC_Support/ewl/lib/armv7e-m\libc.a(ansi_files.o)
 .text.__flush_all
                0x00000000       0x30 C:/Freescale/CW MCU v11.1/MCU/ARM_GCC_Support/ewl/lib/armv7e-m\libc.a(ansi_files.o)
 .text          0x00000000        0x0 C:/Freescale/CW MCU v11.1/MCU/ARM_GCC_Support/ewl/lib/armv7e-m\libc.a(fflush.o)
 .data          0x00000000        0x0 C:/Freescale/CW MCU v11.1/MCU/ARM_GCC_Support/ewl/lib/armv7e-m\libc.a(fflush.o)
 .bss           0x00000000        0x0 C:/Freescale/CW MCU v11.1/MCU/ARM_GCC_Support/ewl/lib/armv7e-m\libc.a(fflush.o)
 .text.fflush   0x00000000       0x5c C:/Freescale/CW MCU v11.1/MCU/ARM_GCC_Support/ewl/lib/armv7e-m\libc.a(fflush.o)
 .debug_info    0x00000000      0x3e9 C:/Freescale/CW MCU v11.1/MCU/ARM_GCC_Support/ewl/lib/armv7e-m\libc.a(fflush.o)
 .debug_abbrev  0x00000000       0xf6 C:/Freescale/CW MCU v11.1/MCU/ARM_GCC_Support/ewl/lib/armv7e-m\libc.a(fflush.o)
 .debug_loc     0x00000000       0x54 C:/Freescale/CW MCU v11.1/MCU/ARM_GCC_Support/ewl/lib/armv7e-m\libc.a(fflush.o)
 .debug_aranges
                0x00000000       0x20 C:/Freescale/CW MCU v11.1/MCU/ARM_GCC_Support/ewl/lib/armv7e-m\libc.a(fflush.o)
 .debug_line    0x00000000       0xba C:/Freescale/CW MCU v11.1/MCU/ARM_GCC_Support/ewl/lib/armv7e-m\libc.a(fflush.o)
 .debug_str     0x00000000      0x39a C:/Freescale/CW MCU v11.1/MCU/ARM_GCC_Support/ewl/lib/armv7e-m\libc.a(fflush.o)
 .comment       0x00000000       0x7a C:/Freescale/CW MCU v11.1/MCU/ARM_GCC_Support/ewl/lib/armv7e-m\libc.a(fflush.o)
 .ARM.attributes
                0x00000000       0x33 C:/Freescale/CW MCU v11.1/MCU/ARM_GCC_Support/ewl/lib/armv7e-m\libc.a(fflush.o)
 .debug_frame   0x00000000       0x2c C:/Freescale/CW MCU v11.1/MCU/ARM_GCC_Support/ewl/lib/armv7e-m\libc.a(fflush.o)
 .text          0x00000000        0x0 C:/Freescale/CW MCU v11.1/MCU/ARM_GCC_Support/ewl/lib/armv7e-m\libc.a(__strtoul.o)
 .data          0x00000000        0x0 C:/Freescale/CW MCU v11.1/MCU/ARM_GCC_Support/ewl/lib/armv7e-m\libc.a(__strtoul.o)
 .bss           0x00000000        0x0 C:/Freescale/CW MCU v11.1/MCU/ARM_GCC_Support/ewl/lib/armv7e-m\libc.a(__strtoul.o)
 .text          0x00000000        0x0 C:/Freescale/CW MCU v11.1/MCU/ARM_GCC_Support/ewl/lib/armv7e-m\libc.a(strchr.o)
 .data          0x00000000        0x0 C:/Freescale/CW MCU v11.1/MCU/ARM_GCC_Support/ewl/lib/armv7e-m\libc.a(strchr.o)
 .bss           0x00000000        0x0 C:/Freescale/CW MCU v11.1/MCU/ARM_GCC_Support/ewl/lib/armv7e-m\libc.a(strchr.o)
 .text          0x00000000        0x0 C:/Freescale/CW MCU v11.1/MCU/ARM_GCC_Support/ewl/lib/armv7e-m\libc.a(memcpy.o)
 .data          0x00000000        0x0 C:/Freescale/CW MCU v11.1/MCU/ARM_GCC_Support/ewl/lib/armv7e-m\libc.a(memcpy.o)
 .bss           0x00000000        0x0 C:/Freescale/CW MCU v11.1/MCU/ARM_GCC_Support/ewl/lib/armv7e-m\libc.a(memcpy.o)
 .text          0x00000000        0x0 C:/Freescale/CW MCU v11.1/MCU/ARM_GCC_Support/ewl/lib/armv7e-m\libc.a(strlen.o)
 .data          0x00000000        0x0 C:/Freescale/CW MCU v11.1/MCU/ARM_GCC_Support/ewl/lib/armv7e-m\libc.a(strlen.o)
 .bss           0x00000000        0x0 C:/Freescale/CW MCU v11.1/MCU/ARM_GCC_Support/ewl/lib/armv7e-m\libc.a(strlen.o)
 .text          0x00000000        0x0 C:/Freescale/CW MCU v11.1/MCU/ARM_GCC_Support/ewl/lib/armv7e-m\libc.a(__memrchr.o)
 .data          0x00000000        0x0 C:/Freescale/CW MCU v11.1/MCU/ARM_GCC_Support/ewl/lib/armv7e-m\libc.a(__memrchr.o)
 .bss           0x00000000        0x0 C:/Freescale/CW MCU v11.1/MCU/ARM_GCC_Support/ewl/lib/armv7e-m\libc.a(__memrchr.o)
 .text          0x00000000        0x0 C:/Freescale/CW MCU v11.1/MCU/ARM_GCC_Support/ewl/lib/armv7e-m\libc.a(memchr.o)
 .data          0x00000000        0x0 C:/Freescale/CW MCU v11.1/MCU/ARM_GCC_Support/ewl/lib/armv7e-m\libc.a(memchr.o)
 .bss           0x00000000        0x0 C:/Freescale/CW MCU v11.1/MCU/ARM_GCC_Support/ewl/lib/armv7e-m\libc.a(memchr.o)
 .data          0x00000000        0x0 c:/freescale/cw mcu v11.1/cross_tools/arm-none-eabi-gcc-4_7_3/bin/../lib/gcc/arm-none-eabi/4.7.3/armv7e-m\libgcc.a(_arm_addsubsf3.o)
 .bss           0x00000000        0x0 c:/freescale/cw mcu v11.1/cross_tools/arm-none-eabi-gcc-4_7_3/bin/../lib/gcc/arm-none-eabi/4.7.3/armv7e-m\libgcc.a(_arm_addsubsf3.o)
 .data          0x00000000        0x0 c:/freescale/cw mcu v11.1/cross_tools/arm-none-eabi-gcc-4_7_3/bin/../lib/gcc/arm-none-eabi/4.7.3/armv7e-m\libgcc.a(_arm_muldivsf3.o)
 .bss           0x00000000        0x0 c:/freescale/cw mcu v11.1/cross_tools/arm-none-eabi-gcc-4_7_3/bin/../lib/gcc/arm-none-eabi/4.7.3/armv7e-m\libgcc.a(_arm_muldivsf3.o)
 .text          0x00000000        0x0 C:/Freescale/CW MCU v11.1/MCU/ARM_GCC_Support/ewl/lib/armv7e-m\librt.a(gcc_ctor_dtor.o)
 .data          0x00000000        0x0 C:/Freescale/CW MCU v11.1/MCU/ARM_GCC_Support/ewl/lib/armv7e-m\librt.a(gcc_ctor_dtor.o)
 .bss           0x00000000        0x0 C:/Freescale/CW MCU v11.1/MCU/ARM_GCC_Support/ewl/lib/armv7e-m\librt.a(gcc_ctor_dtor.o)
 .bss.__dso_handle
                0x00000000        0x4 C:/Freescale/CW MCU v11.1/MCU/ARM_GCC_Support/ewl/lib/armv7e-m\librt.a(gcc_ctor_dtor.o)
 .text          0x00000000        0x0 C:/Freescale/CW MCU v11.1/MCU/ARM_GCC_Support/ewl/lib/armv7e-m\librt.a(__arm_eabi_init.o)
 .data          0x00000000        0x0 C:/Freescale/CW MCU v11.1/MCU/ARM_GCC_Support/ewl/lib/armv7e-m\librt.a(__arm_eabi_init.o)
 .bss           0x00000000        0x0 C:/Freescale/CW MCU v11.1/MCU/ARM_GCC_Support/ewl/lib/armv7e-m\librt.a(__arm_eabi_init.o)
 .text.__register_global_object
                0x00000000       0x14 C:/Freescale/CW MCU v11.1/MCU/ARM_GCC_Support/ewl/lib/armv7e-m\librt.a(__arm_eabi_init.o)
 .text.__cxa_atexit
                0x00000000       0x38 C:/Freescale/CW MCU v11.1/MCU/ARM_GCC_Support/ewl/lib/armv7e-m\librt.a(__arm_eabi_init.o)
 .text.__aeabi_atexit
                0x00000000        0xa C:/Freescale/CW MCU v11.1/MCU/ARM_GCC_Support/ewl/lib/armv7e-m\librt.a(__arm_eabi_init.o)
 .text.__register_atexit
                0x00000000        0x8 C:/Freescale/CW MCU v11.1/MCU/ARM_GCC_Support/ewl/lib/armv7e-m\librt.a(__arm_eabi_init.o)
 .text.__init_hardware
                0x00000000        0x4 C:/Freescale/CW MCU v11.1/MCU/ARM_GCC_Support/ewl/lib/armv7e-m\librt.a(__arm_eabi_init.o)
 .bss.atexit_curr_func
                0x00000000        0x4 C:/Freescale/CW MCU v11.1/MCU/ARM_GCC_Support/ewl/lib/armv7e-m\librt.a(__arm_eabi_init.o)
 .bss.atexit_funcs
                0x00000000      0x300 C:/Freescale/CW MCU v11.1/MCU/ARM_GCC_Support/ewl/lib/armv7e-m\librt.a(__arm_eabi_init.o)
 .text          0x00000000        0x0 C:/Freescale/CW MCU v11.1/MCU/ARM_GCC_Support/ewl/lib/armv7e-m\librt.a(ROMCopy.o)
 .data          0x00000000        0x0 C:/Freescale/CW MCU v11.1/MCU/ARM_GCC_Support/ewl/lib/armv7e-m\librt.a(ROMCopy.o)
 .bss           0x00000000        0x0 C:/Freescale/CW MCU v11.1/MCU/ARM_GCC_Support/ewl/lib/armv7e-m\librt.a(ROMCopy.o)
 .text.__flush_cache
                0x00000000        0x2 C:/Freescale/CW MCU v11.1/MCU/ARM_GCC_Support/ewl/lib/armv7e-m\librt.a(ROMCopy.o)
 .text          0x00000000        0x0 C:/Freescale/CW MCU v11.1/MCU/ARM_GCC_Support/ewl/lib/armv7e-m\libhosted.a(semihosted_console_io.o)
 .data          0x00000000        0x0 C:/Freescale/CW MCU v11.1/MCU/ARM_GCC_Support/ewl/lib/armv7e-m\libhosted.a(semihosted_console_io.o)
 .bss           0x00000000        0x0 C:/Freescale/CW MCU v11.1/MCU/ARM_GCC_Support/ewl/lib/armv7e-m\libhosted.a(semihosted_console_io.o)
 .text.sys_write0
                0x00000000        0xe C:/Freescale/CW MCU v11.1/MCU/ARM_GCC_Support/ewl/lib/armv7e-m\libhosted.a(semihosted_console_io.o)
 .text          0x00000000        0x0 C:/Freescale/CW MCU v11.1/MCU/ARM_GCC_Support/ewl/lib/armv7e-m\libhosted.a(semihosted_file_io.o)
 .data          0x00000000        0x0 C:/Freescale/CW MCU v11.1/MCU/ARM_GCC_Support/ewl/lib/armv7e-m\libhosted.a(semihosted_file_io.o)
 .bss           0x00000000        0x0 C:/Freescale/CW MCU v11.1/MCU/ARM_GCC_Support/ewl/lib/armv7e-m\libhosted.a(semihosted_file_io.o)
 .text.sys_close
                0x00000000        0xe C:/Freescale/CW MCU v11.1/MCU/ARM_GCC_Support/ewl/lib/armv7e-m\libhosted.a(semihosted_file_io.o)
 .text.fstat    0x00000000        0x6 C:/Freescale/CW MCU v11.1/MCU/ARM_GCC_Support/ewl/lib/armv7e-m\libhosted.a(semihosted_file_io.o)
 .text.write    0x00000000       0x1a C:/Freescale/CW MCU v11.1/MCU/ARM_GCC_Support/ewl/lib/armv7e-m\libhosted.a(semihosted_file_io.o)
 .text.read     0x00000000       0x1a C:/Freescale/CW MCU v11.1/MCU/ARM_GCC_Support/ewl/lib/armv7e-m\libhosted.a(semihosted_file_io.o)
 .text.sys_seek
                0x00000000        0xe C:/Freescale/CW MCU v11.1/MCU/ARM_GCC_Support/ewl/lib/armv7e-m\libhosted.a(semihosted_file_io.o)
 .text.sys_flen
                0x00000000        0xe C:/Freescale/CW MCU v11.1/MCU/ARM_GCC_Support/ewl/lib/armv7e-m\libhosted.a(semihosted_file_io.o)
 .text.__position_file
                0x00000000       0x32 C:/Freescale/CW MCU v11.1/MCU/ARM_GCC_Support/ewl/lib/armv7e-m\libhosted.a(semihosted_file_io.o)
 .text.lseek    0x00000000       0x10 C:/Freescale/CW MCU v11.1/MCU/ARM_GCC_Support/ewl/lib/armv7e-m\libhosted.a(semihosted_file_io.o)
 .text.sys_tmpnam
                0x00000000        0xe C:/Freescale/CW MCU v11.1/MCU/ARM_GCC_Support/ewl/lib/armv7e-m\libhosted.a(semihosted_file_io.o)
 .text.__temp_file_name
                0x00000000       0x28 C:/Freescale/CW MCU v11.1/MCU/ARM_GCC_Support/ewl/lib/armv7e-m\libhosted.a(semihosted_file_io.o)
 .text.sys_remove
                0x00000000        0xe C:/Freescale/CW MCU v11.1/MCU/ARM_GCC_Support/ewl/lib/armv7e-m\libhosted.a(semihosted_file_io.o)
 .text.__delete_file
                0x00000000       0x14 C:/Freescale/CW MCU v11.1/MCU/ARM_GCC_Support/ewl/lib/armv7e-m\libhosted.a(semihosted_file_io.o)
 .text.__close_file
                0x00000000       0x60 C:/Freescale/CW MCU v11.1/MCU/ARM_GCC_Support/ewl/lib/armv7e-m\libhosted.a(semihosted_file_io.o)
 .text.close    0x00000000        0x4 C:/Freescale/CW MCU v11.1/MCU/ARM_GCC_Support/ewl/lib/armv7e-m\libhosted.a(semihosted_file_io.o)
 .text.sys_rename
                0x00000000        0xe C:/Freescale/CW MCU v11.1/MCU/ARM_GCC_Support/ewl/lib/armv7e-m\libhosted.a(semihosted_file_io.o)
 .text.__rename_file
                0x00000000       0x26 C:/Freescale/CW MCU v11.1/MCU/ARM_GCC_Support/ewl/lib/armv7e-m\libhosted.a(semihosted_file_io.o)
 .text.__open_temp_file
                0x00000000       0x68 C:/Freescale/CW MCU v11.1/MCU/ARM_GCC_Support/ewl/lib/armv7e-m\libhosted.a(semihosted_file_io.o)
 .bss.tmpnam_targetid.4369
                0x00000000        0x4 C:/Freescale/CW MCU v11.1/MCU/ARM_GCC_Support/ewl/lib/armv7e-m\libhosted.a(semihosted_file_io.o)
 .bss.__temp_info_anchor
                0x00000000        0x4 C:/Freescale/CW MCU v11.1/MCU/ARM_GCC_Support/ewl/lib/armv7e-m\libhosted.a(semihosted_file_io.o)
 .text          0x00000000        0x0 C:/Freescale/CW MCU v11.1/MCU/ARM_GCC_Support/ewl/lib/armv7e-m\libc.a(alloc.o)
 .data          0x00000000        0x0 C:/Freescale/CW MCU v11.1/MCU/ARM_GCC_Support/ewl/lib/armv7e-m\libc.a(alloc.o)
 .bss           0x00000000        0x0 C:/Freescale/CW MCU v11.1/MCU/ARM_GCC_Support/ewl/lib/armv7e-m\libc.a(alloc.o)
 .text.sbrk     0x00000000       0x28 C:/Freescale/CW MCU v11.1/MCU/ARM_GCC_Support/ewl/lib/armv7e-m\libc.a(alloc.o)
 .text.malloc   0x00000000      0x104 C:/Freescale/CW MCU v11.1/MCU/ARM_GCC_Support/ewl/lib/armv7e-m\libc.a(alloc.o)
 .text.realloc  0x00000000       0x4a C:/Freescale/CW MCU v11.1/MCU/ARM_GCC_Support/ewl/lib/armv7e-m\libc.a(alloc.o)
 .text.free     0x00000000       0x10 C:/Freescale/CW MCU v11.1/MCU/ARM_GCC_Support/ewl/lib/armv7e-m\libc.a(alloc.o)
 .text.calloc   0x00000000       0x3a C:/Freescale/CW MCU v11.1/MCU/ARM_GCC_Support/ewl/lib/armv7e-m\libc.a(alloc.o)
 .bss.head      0x00000000        0x4 C:/Freescale/CW MCU v11.1/MCU/ARM_GCC_Support/ewl/lib/armv7e-m\libc.a(alloc.o)
 .data.tail     0x00000000        0x4 C:/Freescale/CW MCU v11.1/MCU/ARM_GCC_Support/ewl/lib/armv7e-m\libc.a(alloc.o)
 .bss.heap_end.4347
                0x00000000        0x4 C:/Freescale/CW MCU v11.1/MCU/ARM_GCC_Support/ewl/lib/armv7e-m\libc.a(alloc.o)
 .debug_info    0x00000000      0x33e C:/Freescale/CW MCU v11.1/MCU/ARM_GCC_Support/ewl/lib/armv7e-m\libc.a(alloc.o)
 .debug_abbrev  0x00000000      0x18f C:/Freescale/CW MCU v11.1/MCU/ARM_GCC_Support/ewl/lib/armv7e-m\libc.a(alloc.o)
 .debug_loc     0x00000000      0x2a8 C:/Freescale/CW MCU v11.1/MCU/ARM_GCC_Support/ewl/lib/armv7e-m\libc.a(alloc.o)
 .debug_aranges
                0x00000000       0x40 C:/Freescale/CW MCU v11.1/MCU/ARM_GCC_Support/ewl/lib/armv7e-m\libc.a(alloc.o)
 .debug_line    0x00000000      0x159 C:/Freescale/CW MCU v11.1/MCU/ARM_GCC_Support/ewl/lib/armv7e-m\libc.a(alloc.o)
 .debug_str     0x00000000      0x200 C:/Freescale/CW MCU v11.1/MCU/ARM_GCC_Support/ewl/lib/armv7e-m\libc.a(alloc.o)
 .comment       0x00000000       0x7a C:/Freescale/CW MCU v11.1/MCU/ARM_GCC_Support/ewl/lib/armv7e-m\libc.a(alloc.o)
 .ARM.attributes
                0x00000000       0x33 C:/Freescale/CW MCU v11.1/MCU/ARM_GCC_Support/ewl/lib/armv7e-m\libc.a(alloc.o)
 .debug_frame   0x00000000       0x88 C:/Freescale/CW MCU v11.1/MCU/ARM_GCC_Support/ewl/lib/armv7e-m\libc.a(alloc.o)
 .text          0x00000000        0x0 C:/Freescale/CW MCU v11.1/MCU/ARM_GCC_Support/ewl/lib/armv7e-m\libc.a(strcpy.o)
 .data          0x00000000        0x0 C:/Freescale/CW MCU v11.1/MCU/ARM_GCC_Support/ewl/lib/armv7e-m\libc.a(strcpy.o)
 .bss           0x00000000        0x0 C:/Freescale/CW MCU v11.1/MCU/ARM_GCC_Support/ewl/lib/armv7e-m\libc.a(strcpy.o)
 .text.strcpy   0x00000000        0xe C:/Freescale/CW MCU v11.1/MCU/ARM_GCC_Support/ewl/lib/armv7e-m\libc.a(strcpy.o)
 .debug_info    0x00000000      0x108 C:/Freescale/CW MCU v11.1/MCU/ARM_GCC_Support/ewl/lib/armv7e-m\libc.a(strcpy.o)
 .debug_abbrev  0x00000000       0x78 C:/Freescale/CW MCU v11.1/MCU/ARM_GCC_Support/ewl/lib/armv7e-m\libc.a(strcpy.o)
 .debug_aranges
                0x00000000       0x20 C:/Freescale/CW MCU v11.1/MCU/ARM_GCC_Support/ewl/lib/armv7e-m\libc.a(strcpy.o)
 .debug_line    0x00000000       0x7d C:/Freescale/CW MCU v11.1/MCU/ARM_GCC_Support/ewl/lib/armv7e-m\libc.a(strcpy.o)
 .debug_str     0x00000000      0x142 C:/Freescale/CW MCU v11.1/MCU/ARM_GCC_Support/ewl/lib/armv7e-m\libc.a(strcpy.o)
 .comment       0x00000000       0x7a C:/Freescale/CW MCU v11.1/MCU/ARM_GCC_Support/ewl/lib/armv7e-m\libc.a(strcpy.o)
 .ARM.attributes
                0x00000000       0x33 C:/Freescale/CW MCU v11.1/MCU/ARM_GCC_Support/ewl/lib/armv7e-m\libc.a(strcpy.o)
 .debug_frame   0x00000000       0x20 C:/Freescale/CW MCU v11.1/MCU/ARM_GCC_Support/ewl/lib/armv7e-m\libc.a(strcpy.o)

Memory Configuration

Name             Origin             Length             Attributes
m_interrupts     0x1fff8000         0x000001e0         xr
m_text           0x1fff81e0         0x00007e20         xr
m_data           0x20000000         0x00008000         rw
*default*        0x00000000         0xffffffff

Linker script and memory map

LOAD ./Project_Settings/Startup_Code/kinetis_sysinit.o
LOAD ./Project_Settings/Startup_Code/__arm_start.o
LOAD ./Project_Settings/Startup_Code/__arm_end.o
LOAD ./Sources/main.o
LOAD ./Sources/Interrupciones.o
                0x1fff9108                __pformatter = __pformatter_
                [0x1fff9500]                __sformatter = __sformatter
START GROUP
LOAD C:/Freescale/CW MCU v11.1/MCU/ARM_GCC_Support/ewl/lib/armv7e-m\libc.a
LOAD C:/Freescale/CW MCU v11.1/MCU/ARM_GCC_Support/ewl/lib/armv7e-m\libm.a
LOAD c:/freescale/cw mcu v11.1/cross_tools/arm-none-eabi-gcc-4_7_3/bin/../lib/gcc/arm-none-eabi/4.7.3/armv7e-m\libgcc.a
LOAD C:/Freescale/CW MCU v11.1/MCU/ARM_GCC_Support/ewl/lib/armv7e-m\librt.a
LOAD C:/Freescale/CW MCU v11.1/MCU/ARM_GCC_Support/ewl/lib/armv7e-m\libhosted.a
END GROUP
                0x20008000                _estack = 0x20008000
                0x20008000                __SP_INIT = _estack
                0x00000800                __heap_size = 0x800
                0x00000800                __stack_size = 0x800

.interrupts     0x1fff8000      0x1e0
                0x1fff8000                __vector_table = .
                0x1fff8000                . = ALIGN (0x4)
 *(.vectortable)
 .vectortable   0x1fff8000      0x1e0 ./Project_Settings/Startup_Code/kinetis_sysinit.o
                0x1fff8000                InterruptVector
                0x1fff81e0                . = ALIGN (0x4)

.text           0x1fff81e0     0x2310
                0x1fff81e0                . = ALIGN (0x4)
 *(.text)
 .text          0x1fff81e0      0x21c c:/freescale/cw mcu v11.1/cross_tools/arm-none-eabi-gcc-4_7_3/bin/../lib/gcc/arm-none-eabi/4.7.3/armv7e-m\libgcc.a(_arm_addsubsf3.o)
                0x1fff81e0                __aeabi_frsub
                0x1fff81e8                __subsf3
                0x1fff81e8                __aeabi_fsub
                0x1fff81ec                __aeabi_fadd
                0x1fff81ec                __addsf3
                0x1fff834c                __aeabi_ui2f
                0x1fff834c                __floatunsisf
                0x1fff8354                __aeabi_i2f
                0x1fff8354                __floatsisf
                0x1fff8370                __aeabi_ul2f
                0x1fff8370                __floatundisf
                0x1fff8380                __aeabi_l2f
                0x1fff8380                __floatdisf
 .text          0x1fff83fc      0x2a0 c:/freescale/cw mcu v11.1/cross_tools/arm-none-eabi-gcc-4_7_3/bin/../lib/gcc/arm-none-eabi/4.7.3/armv7e-m\libgcc.a(_arm_muldivsf3.o)
                0x1fff83fc                __mulsf3
                0x1fff83fc                __aeabi_fmul
                0x1fff8564                __aeabi_fdiv
                0x1fff8564                __divsf3
 *(.text*)
 .text.Default_Handler
                0x1fff869c        0xc ./Project_Settings/Startup_Code/kinetis_sysinit.o
                0x1fff869c                HardFault_Handler
                0x1fff869c                SysTick_Handler
                0x1fff869c                PendSV_Handler
                0x1fff869c                NMI_Handler
                0x1fff869c                UsageFault_Handler
                0x1fff869c                Default_Handler
                0x1fff869c                MemManage_Handler
                0x1fff869c                SVC_Handler
                0x1fff869c                BusFault_Handler
                0x1fff869c                DebugMonitor_Handler
 .text.__init_hardware
                0x1fff86a8       0x44 ./Project_Settings/Startup_Code/kinetis_sysinit.o
                0x1fff86a8                __init_hardware
 .text.zero_fill_bss
                0x1fff86ec       0x2c ./Project_Settings/Startup_Code/__arm_start.o
 .text.__thumb_startup
                0x1fff8718       0x34 ./Project_Settings/Startup_Code/__arm_start.o
                0x1fff8718                __thumb_startup
 .text._ExitProcess
                0x1fff874c       0x10 ./Project_Settings/Startup_Code/__arm_end.o
                0x1fff874c                _ExitProcess
 .text.pit_interrupt_config
                0x1fff875c       0x90 ./Sources/main.o
                0x1fff875c                pit_interrupt_config
 .text.pit0_isr
                0x1fff87ec       0xe0 ./Sources/main.o
                0x1fff87ec                pit0_isr
 .text.main     0x1fff88cc      0x2e8 ./Sources/main.o
                0x1fff88cc                main
 .text.enable_irq
                0x1fff8bb4      0x1b0 ./Sources/Interrupciones.o
                0x1fff8bb4                enable_irq
 .text.puts     0x1fff8d64       0x50 C:/Freescale/CW MCU v11.1/MCU/ARM_GCC_Support/ewl/lib/armv7e-m\libc.a(puts.o)
                0x1fff8d64                puts
 .text.__put_char
                0x1fff8db4       0x8c C:/Freescale/CW MCU v11.1/MCU/ARM_GCC_Support/ewl/lib/armv7e-m\libc.a(__putchar.o)
                0x1fff8db4                __put_char
 .text.__prep_buffer
                0x1fff8e40       0x16 C:/Freescale/CW MCU v11.1/MCU/ARM_GCC_Support/ewl/lib/armv7e-m\libc.a(__buffer_io.o)
                0x1fff8e40                __prep_buffer
 .text.__flush_buffer
                0x1fff8e56       0x36 C:/Freescale/CW MCU v11.1/MCU/ARM_GCC_Support/ewl/lib/armv7e-m\libc.a(__buffer_io.o)
                0x1fff8e56                __flush_buffer
 .text.printf   0x1fff8e8c       0x2c C:/Freescale/CW MCU v11.1/MCU/ARM_GCC_Support/ewl/lib/armv7e-m\libc.a(printf.o)
                0x1fff8e8c                printf
 .text.exit     0x1fff8eb8       0x38 C:/Freescale/CW MCU v11.1/MCU/ARM_GCC_Support/ewl/lib/armv7e-m\libc.a(exit.o)
                0x1fff8eb8                exit
 .text.memset   0x1fff8ef0        0xc C:/Freescale/CW MCU v11.1/MCU/ARM_GCC_Support/ewl/lib/armv7e-m\libc.a(memset.o)
                0x1fff8ef0                memset
 .text.__fill_mem
                0x1fff8efc       0x76 C:/Freescale/CW MCU v11.1/MCU/ARM_GCC_Support/ewl/lib/armv7e-m\libc.a(__filll_mem.o)
                0x1fff8efc                __fill_mem
 .text.long2str.isra.0
                0x1fff8f72      0x196 C:/Freescale/CW MCU v11.1/MCU/ARM_GCC_Support/ewl/lib/armv7e-m\libc.a(printformat_.o)
 .text.__pformatter_
                0x1fff9108      0x3f8 C:/Freescale/CW MCU v11.1/MCU/ARM_GCC_Support/ewl/lib/armv7e-m\libc.a(printformat_.o)
                0x1fff9108                __pformatter_
 .text.__sformatter
                0x1fff9500      0x6f4 C:/Freescale/CW MCU v11.1/MCU/ARM_GCC_Support/ewl/lib/armv7e-m\libc.a(scanformat_.o)
                0x1fff9500                __sformatter
 .text.isalpha  0x1fff9bf4       0x1c C:/Freescale/CW MCU v11.1/MCU/ARM_GCC_Support/ewl/lib/armv7e-m\libc.a(ctype_aeabi.o)
                0x1fff9bf4                isalpha
 .text.isspace  0x1fff9c10       0x1c C:/Freescale/CW MCU v11.1/MCU/ARM_GCC_Support/ewl/lib/armv7e-m\libc.a(ctype_aeabi.o)
                0x1fff9c10                isspace
 .text.toupper  0x1fff9c2c        0xc C:/Freescale/CW MCU v11.1/MCU/ARM_GCC_Support/ewl/lib/armv7e-m\libc.a(ctype_aeabi.o)
                0x1fff9c2c                toupper
 .text.__fwrite
                0x1fff9c38      0x158 C:/Freescale/CW MCU v11.1/MCU/ARM_GCC_Support/ewl/lib/armv7e-m\libc.a(fwrite.o)
                0x1fff9c38                __fwrite
 .text.__FileWrite
                0x1fff9d90       0x1a C:/Freescale/CW MCU v11.1/MCU/ARM_GCC_Support/ewl/lib/armv7e-m\libc.a(fwrite.o)
                0x1fff9d90                __FileWrite
 *fill*         0x1fff9daa        0x2 00
 .text.__strtoul
                0x1fff9dac      0x214 C:/Freescale/CW MCU v11.1/MCU/ARM_GCC_Support/ewl/lib/armv7e-m\libc.a(__strtoul.o)
                0x1fff9dac                __strtoul
 .text.strchr   0x1fff9fc0       0x1a C:/Freescale/CW MCU v11.1/MCU/ARM_GCC_Support/ewl/lib/armv7e-m\libc.a(strchr.o)
                0x1fff9fc0                strchr
 .text.memcpy   0x1fff9fda       0x12 C:/Freescale/CW MCU v11.1/MCU/ARM_GCC_Support/ewl/lib/armv7e-m\libc.a(memcpy.o)
                0x1fff9fda                memcpy
 .text.strlen   0x1fff9fec       0x10 C:/Freescale/CW MCU v11.1/MCU/ARM_GCC_Support/ewl/lib/armv7e-m\libc.a(strlen.o)
                0x1fff9fec                strlen
 .text.__memrchr
                0x1fff9ffc       0x1c C:/Freescale/CW MCU v11.1/MCU/ARM_GCC_Support/ewl/lib/armv7e-m\libc.a(__memrchr.o)
                0x1fff9ffc                __memrchr
 .text.memchr   0x1fffa018       0x18 C:/Freescale/CW MCU v11.1/MCU/ARM_GCC_Support/ewl/lib/armv7e-m\libc.a(memchr.o)
                0x1fffa018                memchr
 .text.__init_cpp
                0x1fffa030       0x4c C:/Freescale/CW MCU v11.1/MCU/ARM_GCC_Support/ewl/lib/armv7e-m\librt.a(gcc_ctor_dtor.o)
                0x1fffa030                __init_cpp
 .text.__fini_cpp
                0x1fffa07c       0x34 C:/Freescale/CW MCU v11.1/MCU/ARM_GCC_Support/ewl/lib/armv7e-m\librt.a(gcc_ctor_dtor.o)
                0x1fffa07c                __fini_cpp
 .text.__destroy_global_chain
                0x1fffa0b0       0x18 C:/Freescale/CW MCU v11.1/MCU/ARM_GCC_Support/ewl/lib/armv7e-m\librt.a(__arm_eabi_init.o)
                0x1fffa0b0                __destroy_global_chain
 .text.__init_registers
                0x1fffa0c8       0x24 C:/Freescale/CW MCU v11.1/MCU/ARM_GCC_Support/ewl/lib/armv7e-m\librt.a(__arm_eabi_init.o)
                0x1fffa0c8                __init_registers
 .text.__init_user
                0x1fffa0ec        0x4 C:/Freescale/CW MCU v11.1/MCU/ARM_GCC_Support/ewl/lib/armv7e-m\librt.a(__arm_eabi_init.o)
                0x1fffa0ec                __init_user
 .text.__copy_rom_section
                0x1fffa0f0       0x44 C:/Freescale/CW MCU v11.1/MCU/ARM_GCC_Support/ewl/lib/armv7e-m\librt.a(ROMCopy.o)
                0x1fffa0f0                __copy_rom_section
 .text.__copy_rom_sections_to_ram
                0x1fffa134       0x30 C:/Freescale/CW MCU v11.1/MCU/ARM_GCC_Support/ewl/lib/armv7e-m\librt.a(ROMCopy.o)
                0x1fffa134                __copy_rom_sections_to_ram
 .text.sys_writec
                0x1fffa164        0xe C:/Freescale/CW MCU v11.1/MCU/ARM_GCC_Support/ewl/lib/armv7e-m\libhosted.a(semihosted_console_io.o)
                0x1fffa164                sys_writec
 .text.sys_readc
                0x1fffa172       0x10 C:/Freescale/CW MCU v11.1/MCU/ARM_GCC_Support/ewl/lib/armv7e-m\libhosted.a(semihosted_console_io.o)
                0x1fffa172                sys_readc
 *fill*         0x1fffa182        0x2 00
 .text.sys_exit
                0x1fffa184       0x20 C:/Freescale/CW MCU v11.1/MCU/ARM_GCC_Support/ewl/lib/armv7e-m\libhosted.a(semihosted_console_io.o)
                0x1fffa184                sys_exit
 .text.__read_console
                0x1fffa1a4       0x1a C:/Freescale/CW MCU v11.1/MCU/ARM_GCC_Support/ewl/lib/armv7e-m\libhosted.a(semihosted_console_io.o)
                0x1fffa1a4                __read_console
 .text.__write_console
                0x1fffa1be       0x1a C:/Freescale/CW MCU v11.1/MCU/ARM_GCC_Support/ewl/lib/armv7e-m\libhosted.a(semihosted_console_io.o)
                0x1fffa1be                __write_console
 .text.__close_console
                0x1fffa1d8        0x4 C:/Freescale/CW MCU v11.1/MCU/ARM_GCC_Support/ewl/lib/armv7e-m\libhosted.a(semihosted_console_io.o)
                0x1fffa1d8                __close_console
 .text.sys_open
                0x1fffa1dc        0xe C:/Freescale/CW MCU v11.1/MCU/ARM_GCC_Support/ewl/lib/armv7e-m\libhosted.a(semihosted_file_io.o)
                0x1fffa1dc                sys_open
 *fill*         0x1fffa1ea        0x2 00
 .text.__open_file
                0x1fffa1ec       0x68 C:/Freescale/CW MCU v11.1/MCU/ARM_GCC_Support/ewl/lib/armv7e-m\libhosted.a(semihosted_file_io.o)
                0x1fffa1ec                __open_file
 .text.open     0x1fffa254       0x7a C:/Freescale/CW MCU v11.1/MCU/ARM_GCC_Support/ewl/lib/armv7e-m\libhosted.a(semihosted_file_io.o)
                0x1fffa254                open
 .text.sys_write
                0x1fffa2ce        0xe C:/Freescale/CW MCU v11.1/MCU/ARM_GCC_Support/ewl/lib/armv7e-m\libhosted.a(semihosted_file_io.o)
                0x1fffa2ce                sys_write
 .text.__write_file
                0x1fffa2dc       0x1c C:/Freescale/CW MCU v11.1/MCU/ARM_GCC_Support/ewl/lib/armv7e-m\libhosted.a(semihosted_file_io.o)
                0x1fffa2dc                __write_file
 .text.sys_read
                0x1fffa2f8        0xe C:/Freescale/CW MCU v11.1/MCU/ARM_GCC_Support/ewl/lib/armv7e-m\libhosted.a(semihosted_file_io.o)
                0x1fffa2f8                sys_read
 .text.__read_file
                0x1fffa306       0x34 C:/Freescale/CW MCU v11.1/MCU/ARM_GCC_Support/ewl/lib/armv7e-m\libhosted.a(semihosted_file_io.o)
                0x1fffa306                __read_file
 *fill*         0x1fffa33a        0x2 00
 .text.__init_semihost
                0x1fffa33c       0x20 C:/Freescale/CW MCU v11.1/MCU/ARM_GCC_Support/ewl/lib/armv7e-m\libhosted.a(semihosted_file_io.o)
                0x1fffa33c                __init_semihost
 *(.rodata)
 .rodata        0x1fffa35c       0x44 ./Sources/main.o
 .rodata        0x1fffa3a0       0x38 ./Sources/Interrupciones.o
 *(.rodata*)
 .rodata.str1.1
                0x00000000        0x0 C:/Freescale/CW MCU v11.1/MCU/ARM_GCC_Support/ewl/lib/armv7e-m\libc.a(printformat_.o)
                                  0x1 (size before relaxing)
 .rodata.CSWTCH.20
                0x1fffa3d8        0x5 C:/Freescale/CW MCU v11.1/MCU/ARM_GCC_Support/ewl/lib/armv7e-m\libc.a(printformat_.o)
 .rodata.CSWTCH.21
                0x1fffa3dd        0x5 C:/Freescale/CW MCU v11.1/MCU/ARM_GCC_Support/ewl/lib/armv7e-m\libc.a(printformat_.o)
 .rodata.__aeabi_ctype_table_C
                0x1fffa3e2      0x101 C:/Freescale/CW MCU v11.1/MCU/ARM_GCC_Support/ewl/lib/armv7e-m\libc.a(ctype_aeabi.o)
                0x1fffa3e2                __aeabi_ctype_table_C
 .rodata.str1.1
                0x1fffa4e3        0x4 C:/Freescale/CW MCU v11.1/MCU/ARM_GCC_Support/ewl/lib/armv7e-m\libhosted.a(semihosted_file_io.o)
 .rodata.CSWTCH.26
                0x1fffa4e7        0x2 C:/Freescale/CW MCU v11.1/MCU/ARM_GCC_Support/ewl/lib/armv7e-m\libhosted.a(semihosted_file_io.o)
 .rodata.CSWTCH.28
                0x1fffa4e9        0x5 C:/Freescale/CW MCU v11.1/MCU/ARM_GCC_Support/ewl/lib/armv7e-m\libhosted.a(semihosted_file_io.o)
 *(.glue_7)
 .glue_7        0x00000000        0x0 linker stubs
 *(.glue_7t)
 .glue_7t       0x00000000        0x0 linker stubs
 *(.eh_frame)
 *(.init)
 *(.fini)
                0x1fffa4f0                . = ALIGN (0x4)
 *fill*         0x1fffa4ee        0x2 00
                0x1fffa4f0                _etext = .

.vfp11_veneer   0x1fffa4f0        0x0
 .vfp11_veneer  0x00000000        0x0 linker stubs

.v4_bx          0x1fffa4f0        0x0
 .v4_bx         0x00000000        0x0 linker stubs

.iplt           0x1fffa4f0        0x0
 .iplt          0x00000000        0x0 ./Project_Settings/Startup_Code/kinetis_sysinit.o

.rel.dyn        0x1fffa4f0        0x0
 .rel.iplt      0x00000000        0x0 ./Project_Settings/Startup_Code/kinetis_sysinit.o

.ARM.extab
 *(.ARM.extab* .gnu.linkonce.armextab.*)

.ARM            0x1fffa4f0        0x0
                0x1fffa4f0                __exidx_start = .
 *(.ARM.exidx*)
                0x1fffa4f0                __exidx_end = .

.ctors          0x1fffa4f0        0x0
                0x1fffa4f0                __CTOR_LIST__ = .
 *crtbegin.o(.ctors)
 *(EXCLUDE_FILE(*crtend.o) .ctors)
 *(SORT(.ctors.*))
 *(.ctors)
                0x1fffa4f0                __CTOR_END__ = .

.dtors          0x1fffa4f0        0x0
                0x1fffa4f0                __DTOR_LIST__ = .
 *crtbegin.o(.dtors)
 *(EXCLUDE_FILE(*crtend.o) .dtors)
 *(SORT(.dtors.*))
 *(.dtors)
                0x1fffa4f0                __DTOR_END__ = .

.preinit_array  0x1fffa4f0        0x0
                0x1fffa4f0                PROVIDE (__preinit_array_start, .)
 *(.preinit_array*)
                0x1fffa4f0                PROVIDE (__preinit_array_end, .)

.init_array     0x1fffa4f0        0x0
                0x1fffa4f0                PROVIDE (__init_array_start, .)
 *(SORT(.init_array.*))
 *(.init_array*)
                0x1fffa4f0                PROVIDE (__init_array_end, .)

.fini_array     0x1fffa4f0        0x0
                0x1fffa4f0                PROVIDE (__fini_array_start, .)
 *(SORT(.fini_array.*))
 *(.fini_array*)
                0x1fffa4f0                PROVIDE (__fini_array_end, .)

.data           0x20000000      0x8cc
                0x20000000                . = ALIGN (0x4)
                0x20000000                _sdata = .
 *(.data)
 *(.data*)
 .data.tabla    0x20000000      0x800 ./Sources/main.o
                0x20000000                tabla
 .data.__files  0x20000800       0xcc C:/Freescale/CW MCU v11.1/MCU/ARM_GCC_Support/ewl/lib/armv7e-m\libc.a(ansi_files.o)
                0x20000800                __files
                0x200008cc                . = ALIGN (0x4)
                0x200008cc                _edata = .

.igot.plt       0x200008cc        0x0
 .igot.plt      0x00000000        0x0 ./Project_Settings/Startup_Code/kinetis_sysinit.o
                0x200008cc                . = ALIGN (0x4)

.bss            0x200008cc      0x8e8
                0x200008cc                __START_BSS = .
                0x200008cc                PROVIDE (__bss_start__, __START_BSS)
 *(.bss)
 *(.bss*)
 .bss.argv      0x200008cc        0x4 ./Project_Settings/Startup_Code/__arm_start.o
 .bss.Flag_interrup
                0x200008d0        0x4 ./Sources/main.o
                0x200008d0                Flag_interrup
 .bss.contador_ms
                0x200008d4        0x4 ./Sources/main.o
 .bss.indexer   0x200008d8        0x4 ./Sources/main.o
 .bss.regist    0x200008dc      0x800 ./Sources/main.o
 .bss.__stdio_exit
                0x200010dc        0x4 C:/Freescale/CW MCU v11.1/MCU/ARM_GCC_Support/ewl/lib/armv7e-m\libc.a(exit.o)
                0x200010dc                __stdio_exit
 .bss.__console_exit
                0x200010e0        0x4 C:/Freescale/CW MCU v11.1/MCU/ARM_GCC_Support/ewl/lib/armv7e-m\libc.a(exit.o)
                0x200010e0                __console_exit
 .bss.__global_destructor_chain
                0x200010e4        0x4 C:/Freescale/CW MCU v11.1/MCU/ARM_GCC_Support/ewl/lib/armv7e-m\librt.a(__arm_eabi_init.o)
                0x200010e4                __global_destructor_chain
 .bss.__S_romp  0x200010e8        0xc C:/Freescale/CW MCU v11.1/MCU/ARM_GCC_Support/ewl/lib/armv7e-m\librt.a(ROMCopy.o)
 *(COMMON)
 COMMON         0x200010f4       0xc0 C:/Freescale/CW MCU v11.1/MCU/ARM_GCC_Support/ewl/lib/armv7e-m\libc.a(ansi_files.o)
                0x200010f4                stdout_buff
                0x20001134                stdin_buff
                0x20001174                stderr_buff
                0x200011b4                . = ALIGN (0x4)
                0x200011b4                __END_BSS = .
                0x200011b4                PROVIDE (__bss_end__, __END_BSS)

._user_heap_stack
                0x200011b4     0x1000
                0x200011b4                . = ALIGN (0x4)
                0x200011b4                PROVIDE (end, .)
                0x200011b4                PROVIDE (_end, .)
                0x200011b4                __heap_addr = .
                0x200019b4                . = (. + __heap_size)
 *fill*         0x200011b4      0x800 00
                0x200021b4                . = (. + __stack_size)
 *fill*         0x200019b4      0x800 00
                0x200021b4                . = ALIGN (0x4)
                0x00000000                __S_romp = 0x0

.ARM.attributes
                0x00000000       0x33
 *(.ARM.attributes)
 .ARM.attributes
                0x00000000       0x33 ./Project_Settings/Startup_Code/kinetis_sysinit.o
 .ARM.attributes
                0x00000033       0x33 ./Project_Settings/Startup_Code/__arm_start.o
 .ARM.attributes
                0x00000066       0x33 ./Project_Settings/Startup_Code/__arm_end.o
 .ARM.attributes
                0x00000099       0x33 ./Sources/main.o
 .ARM.attributes
                0x000000cc       0x33 ./Sources/Interrupciones.o
 .ARM.attributes
                0x000000ff       0x33 C:/Freescale/CW MCU v11.1/MCU/ARM_GCC_Support/ewl/lib/armv7e-m\libc.a(puts.o)
 .ARM.attributes
                0x00000132       0x33 C:/Freescale/CW MCU v11.1/MCU/ARM_GCC_Support/ewl/lib/armv7e-m\libc.a(__putchar.o)
 .ARM.attributes
                0x00000165       0x33 C:/Freescale/CW MCU v11.1/MCU/ARM_GCC_Support/ewl/lib/armv7e-m\libc.a(__buffer_io.o)
 .ARM.attributes
                0x00000198       0x33 C:/Freescale/CW MCU v11.1/MCU/ARM_GCC_Support/ewl/lib/armv7e-m\libc.a(printf.o)
 .ARM.attributes
                0x000001cb       0x33 C:/Freescale/CW MCU v11.1/MCU/ARM_GCC_Support/ewl/lib/armv7e-m\libc.a(exit.o)
 .ARM.attributes
                0x000001fe       0x33 C:/Freescale/CW MCU v11.1/MCU/ARM_GCC_Support/ewl/lib/armv7e-m\libc.a(memset.o)
 .ARM.attributes
                0x00000231       0x33 C:/Freescale/CW MCU v11.1/MCU/ARM_GCC_Support/ewl/lib/armv7e-m\libc.a(__filll_mem.o)
 .ARM.attributes
                0x00000264       0x33 C:/Freescale/CW MCU v11.1/MCU/ARM_GCC_Support/ewl/lib/armv7e-m\libc.a(printformat_.o)
 .ARM.attributes
                0x00000297       0x33 C:/Freescale/CW MCU v11.1/MCU/ARM_GCC_Support/ewl/lib/armv7e-m\libc.a(scanformat_.o)
 .ARM.attributes
                0x000002ca       0x33 C:/Freescale/CW MCU v11.1/MCU/ARM_GCC_Support/ewl/lib/armv7e-m\libc.a(ctype_aeabi.o)
 .ARM.attributes
                0x000002fd       0x33 C:/Freescale/CW MCU v11.1/MCU/ARM_GCC_Support/ewl/lib/armv7e-m\libc.a(fwrite.o)
 .ARM.attributes
                0x00000330       0x33 C:/Freescale/CW MCU v11.1/MCU/ARM_GCC_Support/ewl/lib/armv7e-m\libc.a(ansi_files.o)
 .ARM.attributes
                0x00000363       0x33 C:/Freescale/CW MCU v11.1/MCU/ARM_GCC_Support/ewl/lib/armv7e-m\libc.a(__strtoul.o)
 .ARM.attributes
                0x00000396       0x33 C:/Freescale/CW MCU v11.1/MCU/ARM_GCC_Support/ewl/lib/armv7e-m\libc.a(strchr.o)
 .ARM.attributes
                0x000003c9       0x33 C:/Freescale/CW MCU v11.1/MCU/ARM_GCC_Support/ewl/lib/armv7e-m\libc.a(memcpy.o)
 .ARM.attributes
                0x000003fc       0x33 C:/Freescale/CW MCU v11.1/MCU/ARM_GCC_Support/ewl/lib/armv7e-m\libc.a(strlen.o)
 .ARM.attributes
                0x0000042f       0x33 C:/Freescale/CW MCU v11.1/MCU/ARM_GCC_Support/ewl/lib/armv7e-m\libc.a(__memrchr.o)
 .ARM.attributes
                0x00000462       0x33 C:/Freescale/CW MCU v11.1/MCU/ARM_GCC_Support/ewl/lib/armv7e-m\libc.a(memchr.o)
 .ARM.attributes
                0x00000495       0x1e c:/freescale/cw mcu v11.1/cross_tools/arm-none-eabi-gcc-4_7_3/bin/../lib/gcc/arm-none-eabi/4.7.3/armv7e-m\libgcc.a(_arm_addsubsf3.o)
 .ARM.attributes
                0x000004b3       0x1e c:/freescale/cw mcu v11.1/cross_tools/arm-none-eabi-gcc-4_7_3/bin/../lib/gcc/arm-none-eabi/4.7.3/armv7e-m\libgcc.a(_arm_muldivsf3.o)
 .ARM.attributes
                0x000004d1       0x33 C:/Freescale/CW MCU v11.1/MCU/ARM_GCC_Support/ewl/lib/armv7e-m\librt.a(gcc_ctor_dtor.o)
 .ARM.attributes
                0x00000504       0x33 C:/Freescale/CW MCU v11.1/MCU/ARM_GCC_Support/ewl/lib/armv7e-m\librt.a(__arm_eabi_init.o)
 .ARM.attributes
                0x00000537       0x33 C:/Freescale/CW MCU v11.1/MCU/ARM_GCC_Support/ewl/lib/armv7e-m\librt.a(ROMCopy.o)
 .ARM.attributes
                0x0000056a       0x33 C:/Freescale/CW MCU v11.1/MCU/ARM_GCC_Support/ewl/lib/armv7e-m\libhosted.a(semihosted_console_io.o)
 .ARM.attributes
                0x0000059d       0x33 C:/Freescale/CW MCU v11.1/MCU/ARM_GCC_Support/ewl/lib/armv7e-m\libhosted.a(semihosted_file_io.o)
OUTPUT(lab5.elf elf32-littlearm)

.debug_info     0x00000000     0x520c
 .debug_info    0x00000000      0x357 ./Project_Settings/Startup_Code/kinetis_sysinit.o
 .debug_info    0x00000357      0x12a ./Project_Settings/Startup_Code/__arm_start.o
 .debug_info    0x00000481       0x54 ./Project_Settings/Startup_Code/__arm_end.o
 .debug_info    0x000004d5      0x50d ./Sources/main.o
 .debug_info    0x000009e2      0x22f ./Sources/Interrupciones.o
 .debug_info    0x00000c11      0x38a C:/Freescale/CW MCU v11.1/MCU/ARM_GCC_Support/ewl/lib/armv7e-m\libc.a(puts.o)
 .debug_info    0x00000f9b      0x3fa C:/Freescale/CW MCU v11.1/MCU/ARM_GCC_Support/ewl/lib/armv7e-m\libc.a(__putchar.o)
 .debug_info    0x00001395      0x45d C:/Freescale/CW MCU v11.1/MCU/ARM_GCC_Support/ewl/lib/armv7e-m\libc.a(__buffer_io.o)
 .debug_info    0x000017f2      0x399 C:/Freescale/CW MCU v11.1/MCU/ARM_GCC_Support/ewl/lib/armv7e-m\libc.a(printf.o)
 .debug_info    0x00001b8b       0xe8 C:/Freescale/CW MCU v11.1/MCU/ARM_GCC_Support/ewl/lib/armv7e-m\libc.a(exit.o)
 .debug_info    0x00001c73       0xec C:/Freescale/CW MCU v11.1/MCU/ARM_GCC_Support/ewl/lib/armv7e-m\libc.a(memset.o)
 .debug_info    0x00001d5f      0x135 C:/Freescale/CW MCU v11.1/MCU/ARM_GCC_Support/ewl/lib/armv7e-m\libc.a(__filll_mem.o)
 .debug_info    0x00001e94      0x50e C:/Freescale/CW MCU v11.1/MCU/ARM_GCC_Support/ewl/lib/armv7e-m\libc.a(printformat_.o)
 .debug_info    0x000023a2      0x565 C:/Freescale/CW MCU v11.1/MCU/ARM_GCC_Support/ewl/lib/armv7e-m\libc.a(scanformat_.o)
 .debug_info    0x00002907      0x306 C:/Freescale/CW MCU v11.1/MCU/ARM_GCC_Support/ewl/lib/armv7e-m\libc.a(ctype_aeabi.o)
 .debug_info    0x00002c0d      0x60a C:/Freescale/CW MCU v11.1/MCU/ARM_GCC_Support/ewl/lib/armv7e-m\libc.a(fwrite.o)
 .debug_info    0x00003217      0x4c6 C:/Freescale/CW MCU v11.1/MCU/ARM_GCC_Support/ewl/lib/armv7e-m\libc.a(ansi_files.o)
 .debug_info    0x000036dd      0x1d6 C:/Freescale/CW MCU v11.1/MCU/ARM_GCC_Support/ewl/lib/armv7e-m\libc.a(__strtoul.o)
 .debug_info    0x000038b3      0x108 C:/Freescale/CW MCU v11.1/MCU/ARM_GCC_Support/ewl/lib/armv7e-m\libc.a(strchr.o)
 .debug_info    0x000039bb      0x10f C:/Freescale/CW MCU v11.1/MCU/ARM_GCC_Support/ewl/lib/armv7e-m\libc.a(memcpy.o)
 .debug_info    0x00003aca       0xeb C:/Freescale/CW MCU v11.1/MCU/ARM_GCC_Support/ewl/lib/armv7e-m\libc.a(strlen.o)
 .debug_info    0x00003bb5      0x116 C:/Freescale/CW MCU v11.1/MCU/ARM_GCC_Support/ewl/lib/armv7e-m\libc.a(__memrchr.o)
 .debug_info    0x00003ccb      0x120 C:/Freescale/CW MCU v11.1/MCU/ARM_GCC_Support/ewl/lib/armv7e-m\libc.a(memchr.o)
 .debug_info    0x00003deb      0x136 C:/Freescale/CW MCU v11.1/MCU/ARM_GCC_Support/ewl/lib/armv7e-m\librt.a(gcc_ctor_dtor.o)
 .debug_info    0x00003f21      0x2b5 C:/Freescale/CW MCU v11.1/MCU/ARM_GCC_Support/ewl/lib/armv7e-m\librt.a(__arm_eabi_init.o)
 .debug_info    0x000041d6      0x19a C:/Freescale/CW MCU v11.1/MCU/ARM_GCC_Support/ewl/lib/armv7e-m\librt.a(ROMCopy.o)
 .debug_info    0x00004370      0x232 C:/Freescale/CW MCU v11.1/MCU/ARM_GCC_Support/ewl/lib/armv7e-m\libhosted.a(semihosted_console_io.o)
 .debug_info    0x000045a2      0xc6a C:/Freescale/CW MCU v11.1/MCU/ARM_GCC_Support/ewl/lib/armv7e-m\libhosted.a(semihosted_file_io.o)

.debug_abbrev   0x00000000     0x1b82
 .debug_abbrev  0x00000000       0xf6 ./Project_Settings/Startup_Code/kinetis_sysinit.o
 .debug_abbrev  0x000000f6       0x92 ./Project_Settings/Startup_Code/__arm_start.o
 .debug_abbrev  0x00000188       0x4c ./Project_Settings/Startup_Code/__arm_end.o
 .debug_abbrev  0x000001d4      0x175 ./Sources/main.o
 .debug_abbrev  0x00000349       0xf5 ./Sources/Interrupciones.o
 .debug_abbrev  0x0000043e      0x10a C:/Freescale/CW MCU v11.1/MCU/ARM_GCC_Support/ewl/lib/armv7e-m\libc.a(puts.o)
 .debug_abbrev  0x00000548       0xf8 C:/Freescale/CW MCU v11.1/MCU/ARM_GCC_Support/ewl/lib/armv7e-m\libc.a(__putchar.o)
 .debug_abbrev  0x00000640      0x142 C:/Freescale/CW MCU v11.1/MCU/ARM_GCC_Support/ewl/lib/armv7e-m\libc.a(__buffer_io.o)
 .debug_abbrev  0x00000782      0x107 C:/Freescale/CW MCU v11.1/MCU/ARM_GCC_Support/ewl/lib/armv7e-m\libc.a(printf.o)
 .debug_abbrev  0x00000889       0x7a C:/Freescale/CW MCU v11.1/MCU/ARM_GCC_Support/ewl/lib/armv7e-m\libc.a(exit.o)
 .debug_abbrev  0x00000903       0x62 C:/Freescale/CW MCU v11.1/MCU/ARM_GCC_Support/ewl/lib/armv7e-m\libc.a(memset.o)
 .debug_abbrev  0x00000965       0x87 C:/Freescale/CW MCU v11.1/MCU/ARM_GCC_Support/ewl/lib/armv7e-m\libc.a(__filll_mem.o)
 .debug_abbrev  0x000009ec      0x200 C:/Freescale/CW MCU v11.1/MCU/ARM_GCC_Support/ewl/lib/armv7e-m\libc.a(printformat_.o)
 .debug_abbrev  0x00000bec      0x1f0 C:/Freescale/CW MCU v11.1/MCU/ARM_GCC_Support/ewl/lib/armv7e-m\libc.a(scanformat_.o)
 .debug_abbrev  0x00000ddc       0x85 C:/Freescale/CW MCU v11.1/MCU/ARM_GCC_Support/ewl/lib/armv7e-m\libc.a(ctype_aeabi.o)
 .debug_abbrev  0x00000e61      0x15b C:/Freescale/CW MCU v11.1/MCU/ARM_GCC_Support/ewl/lib/armv7e-m\libc.a(fwrite.o)
 .debug_abbrev  0x00000fbc       0xfa C:/Freescale/CW MCU v11.1/MCU/ARM_GCC_Support/ewl/lib/armv7e-m\libc.a(ansi_files.o)
 .debug_abbrev  0x000010b6       0xc2 C:/Freescale/CW MCU v11.1/MCU/ARM_GCC_Support/ewl/lib/armv7e-m\libc.a(__strtoul.o)
 .debug_abbrev  0x00001178       0x89 C:/Freescale/CW MCU v11.1/MCU/ARM_GCC_Support/ewl/lib/armv7e-m\libc.a(strchr.o)
 .debug_abbrev  0x00001201       0x95 C:/Freescale/CW MCU v11.1/MCU/ARM_GCC_Support/ewl/lib/armv7e-m\libc.a(memcpy.o)
 .debug_abbrev  0x00001296       0x7a C:/Freescale/CW MCU v11.1/MCU/ARM_GCC_Support/ewl/lib/armv7e-m\libc.a(strlen.o)
 .debug_abbrev  0x00001310       0x95 C:/Freescale/CW MCU v11.1/MCU/ARM_GCC_Support/ewl/lib/armv7e-m\libc.a(__memrchr.o)
 .debug_abbrev  0x000013a5       0x95 C:/Freescale/CW MCU v11.1/MCU/ARM_GCC_Support/ewl/lib/armv7e-m\libc.a(memchr.o)
 .debug_abbrev  0x0000143a       0x99 C:/Freescale/CW MCU v11.1/MCU/ARM_GCC_Support/ewl/lib/armv7e-m\librt.a(gcc_ctor_dtor.o)
 .debug_abbrev  0x000014d3      0x1cc C:/Freescale/CW MCU v11.1/MCU/ARM_GCC_Support/ewl/lib/armv7e-m\librt.a(__arm_eabi_init.o)
 .debug_abbrev  0x0000169f      0x137 C:/Freescale/CW MCU v11.1/MCU/ARM_GCC_Support/ewl/lib/armv7e-m\librt.a(ROMCopy.o)
 .debug_abbrev  0x000017d6      0x137 C:/Freescale/CW MCU v11.1/MCU/ARM_GCC_Support/ewl/lib/armv7e-m\libhosted.a(semihosted_console_io.o)
 .debug_abbrev  0x0000190d      0x275 C:/Freescale/CW MCU v11.1/MCU/ARM_GCC_Support/ewl/lib/armv7e-m\libhosted.a(semihosted_file_io.o)

.debug_loc      0x00000000     0x3023
 .debug_loc     0x00000000       0x58 ./Project_Settings/Startup_Code/kinetis_sysinit.o
 .debug_loc     0x00000058       0x2c ./Project_Settings/Startup_Code/__arm_start.o
 .debug_loc     0x00000084       0x38 ./Project_Settings/Startup_Code/__arm_end.o
 .debug_loc     0x000000bc       0xca ./Sources/main.o
 .debug_loc     0x00000186       0x38 ./Sources/Interrupciones.o
 .debug_loc     0x000001be       0x67 C:/Freescale/CW MCU v11.1/MCU/ARM_GCC_Support/ewl/lib/armv7e-m\libc.a(puts.o)
 .debug_loc     0x00000225       0x87 C:/Freescale/CW MCU v11.1/MCU/ARM_GCC_Support/ewl/lib/armv7e-m\libc.a(__putchar.o)
 .debug_loc     0x000002ac      0x144 C:/Freescale/CW MCU v11.1/MCU/ARM_GCC_Support/ewl/lib/armv7e-m\libc.a(__buffer_io.o)
 .debug_loc     0x000003f0       0x2c C:/Freescale/CW MCU v11.1/MCU/ARM_GCC_Support/ewl/lib/armv7e-m\libc.a(printf.o)
 .debug_loc     0x0000041c       0x3e C:/Freescale/CW MCU v11.1/MCU/ARM_GCC_Support/ewl/lib/armv7e-m\libc.a(exit.o)
 .debug_loc     0x0000045a       0x64 C:/Freescale/CW MCU v11.1/MCU/ARM_GCC_Support/ewl/lib/armv7e-m\libc.a(memset.o)
 .debug_loc     0x000004be      0x12c C:/Freescale/CW MCU v11.1/MCU/ARM_GCC_Support/ewl/lib/armv7e-m\libc.a(__filll_mem.o)
 .debug_loc     0x000005ea      0xbdc C:/Freescale/CW MCU v11.1/MCU/ARM_GCC_Support/ewl/lib/armv7e-m\libc.a(printformat_.o)
 .debug_loc     0x000011c6      0x8b6 C:/Freescale/CW MCU v11.1/MCU/ARM_GCC_Support/ewl/lib/armv7e-m\libc.a(scanformat_.o)
 .debug_loc     0x00001a7c      0x18e C:/Freescale/CW MCU v11.1/MCU/ARM_GCC_Support/ewl/lib/armv7e-m\libc.a(ctype_aeabi.o)
 .debug_loc     0x00001c0a      0x2e9 C:/Freescale/CW MCU v11.1/MCU/ARM_GCC_Support/ewl/lib/armv7e-m\libc.a(fwrite.o)
 .debug_loc     0x00001ef3       0xb2 C:/Freescale/CW MCU v11.1/MCU/ARM_GCC_Support/ewl/lib/armv7e-m\libc.a(ansi_files.o)
 .debug_loc     0x00001fa5      0x2bb C:/Freescale/CW MCU v11.1/MCU/ARM_GCC_Support/ewl/lib/armv7e-m\libc.a(__strtoul.o)
 .debug_loc     0x00002260       0x7c C:/Freescale/CW MCU v11.1/MCU/ARM_GCC_Support/ewl/lib/armv7e-m\libc.a(strchr.o)
 .debug_loc     0x000022dc       0x59 C:/Freescale/CW MCU v11.1/MCU/ARM_GCC_Support/ewl/lib/armv7e-m\libc.a(memcpy.o)
 .debug_loc     0x00002335       0x26 C:/Freescale/CW MCU v11.1/MCU/ARM_GCC_Support/ewl/lib/armv7e-m\libc.a(strlen.o)
 .debug_loc     0x0000235b       0x82 C:/Freescale/CW MCU v11.1/MCU/ARM_GCC_Support/ewl/lib/armv7e-m\libc.a(__memrchr.o)
 .debug_loc     0x000023dd       0x62 C:/Freescale/CW MCU v11.1/MCU/ARM_GCC_Support/ewl/lib/armv7e-m\libc.a(memchr.o)
 .debug_loc     0x0000243f       0x9d C:/Freescale/CW MCU v11.1/MCU/ARM_GCC_Support/ewl/lib/armv7e-m\librt.a(gcc_ctor_dtor.o)
 .debug_loc     0x000024dc      0x144 C:/Freescale/CW MCU v11.1/MCU/ARM_GCC_Support/ewl/lib/armv7e-m\librt.a(__arm_eabi_init.o)
 .debug_loc     0x00002620       0xb9 C:/Freescale/CW MCU v11.1/MCU/ARM_GCC_Support/ewl/lib/armv7e-m\librt.a(ROMCopy.o)
 .debug_loc     0x000026d9      0x165 C:/Freescale/CW MCU v11.1/MCU/ARM_GCC_Support/ewl/lib/armv7e-m\libhosted.a(semihosted_console_io.o)
 .debug_loc     0x0000283e      0x7e5 C:/Freescale/CW MCU v11.1/MCU/ARM_GCC_Support/ewl/lib/armv7e-m\libhosted.a(semihosted_file_io.o)

.debug_aranges  0x00000000      0x588
 .debug_aranges
                0x00000000       0x28 ./Project_Settings/Startup_Code/kinetis_sysinit.o
 .debug_aranges
                0x00000028       0x30 ./Project_Settings/Startup_Code/__arm_start.o
 .debug_aranges
                0x00000058       0x20 ./Project_Settings/Startup_Code/__arm_end.o
 .debug_aranges
                0x00000078       0x38 ./Sources/main.o
 .debug_aranges
                0x000000b0       0x20 ./Sources/Interrupciones.o
 .debug_aranges
                0x000000d0       0x20 C:/Freescale/CW MCU v11.1/MCU/ARM_GCC_Support/ewl/lib/armv7e-m\libc.a(puts.o)
 .debug_aranges
                0x000000f0       0x20 C:/Freescale/CW MCU v11.1/MCU/ARM_GCC_Support/ewl/lib/armv7e-m\libc.a(__putchar.o)
 .debug_aranges
                0x00000110       0x30 C:/Freescale/CW MCU v11.1/MCU/ARM_GCC_Support/ewl/lib/armv7e-m\libc.a(__buffer_io.o)
 .debug_aranges
                0x00000140       0x20 C:/Freescale/CW MCU v11.1/MCU/ARM_GCC_Support/ewl/lib/armv7e-m\libc.a(printf.o)
 .debug_aranges
                0x00000160       0x20 C:/Freescale/CW MCU v11.1/MCU/ARM_GCC_Support/ewl/lib/armv7e-m\libc.a(exit.o)
 .debug_aranges
                0x00000180       0x20 C:/Freescale/CW MCU v11.1/MCU/ARM_GCC_Support/ewl/lib/armv7e-m\libc.a(memset.o)
 .debug_aranges
                0x000001a0       0x20 C:/Freescale/CW MCU v11.1/MCU/ARM_GCC_Support/ewl/lib/armv7e-m\libc.a(__filll_mem.o)
 .debug_aranges
                0x000001c0       0x28 C:/Freescale/CW MCU v11.1/MCU/ARM_GCC_Support/ewl/lib/armv7e-m\libc.a(printformat_.o)
 .debug_aranges
                0x000001e8       0x20 C:/Freescale/CW MCU v11.1/MCU/ARM_GCC_Support/ewl/lib/armv7e-m\libc.a(scanformat_.o)
 .debug_aranges
                0x00000208       0x88 C:/Freescale/CW MCU v11.1/MCU/ARM_GCC_Support/ewl/lib/armv7e-m\libc.a(ctype_aeabi.o)
 .debug_aranges
                0x00000290       0x30 C:/Freescale/CW MCU v11.1/MCU/ARM_GCC_Support/ewl/lib/armv7e-m\libc.a(fwrite.o)
 .debug_aranges
                0x000002c0       0x28 C:/Freescale/CW MCU v11.1/MCU/ARM_GCC_Support/ewl/lib/armv7e-m\libc.a(ansi_files.o)
 .debug_aranges
                0x000002e8       0x20 C:/Freescale/CW MCU v11.1/MCU/ARM_GCC_Support/ewl/lib/armv7e-m\libc.a(__strtoul.o)
 .debug_aranges
                0x00000308       0x20 C:/Freescale/CW MCU v11.1/MCU/ARM_GCC_Support/ewl/lib/armv7e-m\libc.a(strchr.o)
 .debug_aranges
                0x00000328       0x20 C:/Freescale/CW MCU v11.1/MCU/ARM_GCC_Support/ewl/lib/armv7e-m\libc.a(memcpy.o)
 .debug_aranges
                0x00000348       0x20 C:/Freescale/CW MCU v11.1/MCU/ARM_GCC_Support/ewl/lib/armv7e-m\libc.a(strlen.o)
 .debug_aranges
                0x00000368       0x20 C:/Freescale/CW MCU v11.1/MCU/ARM_GCC_Support/ewl/lib/armv7e-m\libc.a(__memrchr.o)
 .debug_aranges
                0x00000388       0x20 C:/Freescale/CW MCU v11.1/MCU/ARM_GCC_Support/ewl/lib/armv7e-m\libc.a(memchr.o)
 .debug_aranges
                0x000003a8       0x28 C:/Freescale/CW MCU v11.1/MCU/ARM_GCC_Support/ewl/lib/armv7e-m\librt.a(gcc_ctor_dtor.o)
 .debug_aranges
                0x000003d0       0x58 C:/Freescale/CW MCU v11.1/MCU/ARM_GCC_Support/ewl/lib/armv7e-m\librt.a(__arm_eabi_init.o)
 .debug_aranges
                0x00000428       0x30 C:/Freescale/CW MCU v11.1/MCU/ARM_GCC_Support/ewl/lib/armv7e-m\librt.a(ROMCopy.o)
 .debug_aranges
                0x00000458       0x50 C:/Freescale/CW MCU v11.1/MCU/ARM_GCC_Support/ewl/lib/armv7e-m\libhosted.a(semihosted_console_io.o)
 .debug_aranges
                0x000004a8       0xe0 C:/Freescale/CW MCU v11.1/MCU/ARM_GCC_Support/ewl/lib/armv7e-m\libhosted.a(semihosted_file_io.o)

.debug_macinfo  0x00000000   0x13cabb
 .debug_macinfo
                0x00000000    0x6725e ./Project_Settings/Startup_Code/kinetis_sysinit.o
 .debug_macinfo
                0x0006725e     0x3f50 ./Project_Settings/Startup_Code/__arm_start.o
 .debug_macinfo
                0x0006b1ae     0x3539 ./Project_Settings/Startup_Code/__arm_end.o
 .debug_macinfo
                0x0006e6e7    0x671fb ./Sources/main.o
 .debug_macinfo
                0x000d58e2    0x671d9 ./Sources/Interrupciones.o

.debug_line     0x00000000     0x2498
 .debug_line    0x00000000      0x21e ./Project_Settings/Startup_Code/kinetis_sysinit.o
 .debug_line    0x0000021e      0x2a0 ./Project_Settings/Startup_Code/__arm_start.o
 .debug_line    0x000004be      0x266 ./Project_Settings/Startup_Code/__arm_end.o
 .debug_line    0x00000724      0x277 ./Sources/main.o
 .debug_line    0x0000099b      0x1ec ./Sources/Interrupciones.o
 .debug_line    0x00000b87       0x9c C:/Freescale/CW MCU v11.1/MCU/ARM_GCC_Support/ewl/lib/armv7e-m\libc.a(puts.o)
 .debug_line    0x00000c23       0xc2 C:/Freescale/CW MCU v11.1/MCU/ARM_GCC_Support/ewl/lib/armv7e-m\libc.a(__putchar.o)
 .debug_line    0x00000ce5       0xfa C:/Freescale/CW MCU v11.1/MCU/ARM_GCC_Support/ewl/lib/armv7e-m\libc.a(__buffer_io.o)
 .debug_line    0x00000ddf       0xb6 C:/Freescale/CW MCU v11.1/MCU/ARM_GCC_Support/ewl/lib/armv7e-m\libc.a(printf.o)
 .debug_line    0x00000e95       0x94 C:/Freescale/CW MCU v11.1/MCU/ARM_GCC_Support/ewl/lib/armv7e-m\libc.a(exit.o)
 .debug_line    0x00000f29       0x8f C:/Freescale/CW MCU v11.1/MCU/ARM_GCC_Support/ewl/lib/armv7e-m\libc.a(memset.o)
 .debug_line    0x00000fb8       0xcd C:/Freescale/CW MCU v11.1/MCU/ARM_GCC_Support/ewl/lib/armv7e-m\libc.a(__filll_mem.o)
 .debug_line    0x00001085      0x2b4 C:/Freescale/CW MCU v11.1/MCU/ARM_GCC_Support/ewl/lib/armv7e-m\libc.a(printformat_.o)
 .debug_line    0x00001339      0x2df C:/Freescale/CW MCU v11.1/MCU/ARM_GCC_Support/ewl/lib/armv7e-m\libc.a(scanformat_.o)
 .debug_line    0x00001618      0x1a9 C:/Freescale/CW MCU v11.1/MCU/ARM_GCC_Support/ewl/lib/armv7e-m\libc.a(ctype_aeabi.o)
 .debug_line    0x000017c1      0x155 C:/Freescale/CW MCU v11.1/MCU/ARM_GCC_Support/ewl/lib/armv7e-m\libc.a(fwrite.o)
 .debug_line    0x00001916       0xc0 C:/Freescale/CW MCU v11.1/MCU/ARM_GCC_Support/ewl/lib/armv7e-m\libc.a(ansi_files.o)
 .debug_line    0x000019d6      0x11b C:/Freescale/CW MCU v11.1/MCU/ARM_GCC_Support/ewl/lib/armv7e-m\libc.a(__strtoul.o)
 .debug_line    0x00001af1       0x7d C:/Freescale/CW MCU v11.1/MCU/ARM_GCC_Support/ewl/lib/armv7e-m\libc.a(strchr.o)
 .debug_line    0x00001b6e       0x8b C:/Freescale/CW MCU v11.1/MCU/ARM_GCC_Support/ewl/lib/armv7e-m\libc.a(memcpy.o)
 .debug_line    0x00001bf9       0x83 C:/Freescale/CW MCU v11.1/MCU/ARM_GCC_Support/ewl/lib/armv7e-m\libc.a(strlen.o)
 .debug_line    0x00001c7c       0x99 C:/Freescale/CW MCU v11.1/MCU/ARM_GCC_Support/ewl/lib/armv7e-m\libc.a(__memrchr.o)
 .debug_line    0x00001d15       0x9f C:/Freescale/CW MCU v11.1/MCU/ARM_GCC_Support/ewl/lib/armv7e-m\libc.a(memchr.o)
 .debug_line    0x00001db4       0x67 C:/Freescale/CW MCU v11.1/MCU/ARM_GCC_Support/ewl/lib/armv7e-m\librt.a(gcc_ctor_dtor.o)
 .debug_line    0x00001e1b      0x111 C:/Freescale/CW MCU v11.1/MCU/ARM_GCC_Support/ewl/lib/armv7e-m\librt.a(__arm_eabi_init.o)
 .debug_line    0x00001f2c       0xa9 C:/Freescale/CW MCU v11.1/MCU/ARM_GCC_Support/ewl/lib/armv7e-m\librt.a(ROMCopy.o)
 .debug_line    0x00001fd5      0x14c C:/Freescale/CW MCU v11.1/MCU/ARM_GCC_Support/ewl/lib/armv7e-m\libhosted.a(semihosted_console_io.o)
 .debug_line    0x00002121      0x377 C:/Freescale/CW MCU v11.1/MCU/ARM_GCC_Support/ewl/lib/armv7e-m\libhosted.a(semihosted_file_io.o)

.debug_str      0x00000000     0x16e9
 .debug_str     0x00000000      0x262 ./Project_Settings/Startup_Code/kinetis_sysinit.o
                                0x289 (size before relaxing)
 .debug_str     0x00000262       0x85 ./Project_Settings/Startup_Code/__arm_start.o
                                0x19b (size before relaxing)
 .debug_str     0x000002e7       0x41 ./Project_Settings/Startup_Code/__arm_end.o
                                 0xd2 (size before relaxing)
 .debug_str     0x00000328      0x189 ./Sources/main.o
                                0x2c6 (size before relaxing)
 .debug_str     0x000004b1       0x81 ./Sources/Interrupciones.o
                                0x1c3 (size before relaxing)
 .debug_str     0x00000532      0x18f C:/Freescale/CW MCU v11.1/MCU/ARM_GCC_Support/ewl/lib/armv7e-m\libc.a(puts.o)
                                0x2cc (size before relaxing)
 .debug_str     0x000006c1       0xf3 C:/Freescale/CW MCU v11.1/MCU/ARM_GCC_Support/ewl/lib/armv7e-m\libc.a(__putchar.o)
                                0x39e (size before relaxing)
 .debug_str     0x000007b4       0xc3 C:/Freescale/CW MCU v11.1/MCU/ARM_GCC_Support/ewl/lib/armv7e-m\libc.a(__buffer_io.o)
                                0x373 (size before relaxing)
 .debug_str     0x00000877       0x27 C:/Freescale/CW MCU v11.1/MCU/ARM_GCC_Support/ewl/lib/armv7e-m\libc.a(printf.o)
                                0x2e9 (size before relaxing)
 .debug_str     0x0000089e       0x2e C:/Freescale/CW MCU v11.1/MCU/ARM_GCC_Support/ewl/lib/armv7e-m\libc.a(exit.o)
                                0x157 (size before relaxing)
 .debug_str     0x000008cc       0x15 C:/Freescale/CW MCU v11.1/MCU/ARM_GCC_Support/ewl/lib/armv7e-m\libc.a(memset.o)
                                0x140 (size before relaxing)
 .debug_str     0x000008e1       0x25 C:/Freescale/CW MCU v11.1/MCU/ARM_GCC_Support/ewl/lib/armv7e-m\libc.a(__filll_mem.o)
                                0x152 (size before relaxing)
 .debug_str     0x00000906      0x218 C:/Freescale/CW MCU v11.1/MCU/ARM_GCC_Support/ewl/lib/armv7e-m\libc.a(printformat_.o)
                                0x3b3 (size before relaxing)
 .debug_str     0x00000b1e      0x17b C:/Freescale/CW MCU v11.1/MCU/ARM_GCC_Support/ewl/lib/armv7e-m\libc.a(scanformat_.o)
                                0x3f9 (size before relaxing)
 .debug_str     0x00000c99       0x9d C:/Freescale/CW MCU v11.1/MCU/ARM_GCC_Support/ewl/lib/armv7e-m\libc.a(ctype_aeabi.o)
                                0x1bc (size before relaxing)
 .debug_str     0x00000d36      0x15b C:/Freescale/CW MCU v11.1/MCU/ARM_GCC_Support/ewl/lib/armv7e-m\libc.a(fwrite.o)
                                0x53b (size before relaxing)
 .debug_str     0x00000e91       0xc6 C:/Freescale/CW MCU v11.1/MCU/ARM_GCC_Support/ewl/lib/armv7e-m\libc.a(ansi_files.o)
                                0x442 (size before relaxing)
 .debug_str     0x00000f57       0x61 C:/Freescale/CW MCU v11.1/MCU/ARM_GCC_Support/ewl/lib/armv7e-m\libc.a(__strtoul.o)
                                0x1fb (size before relaxing)
 .debug_str     0x00000fb8       0x1c C:/Freescale/CW MCU v11.1/MCU/ARM_GCC_Support/ewl/lib/armv7e-m\libc.a(strchr.o)
                                0x137 (size before relaxing)
 .debug_str     0x00000fd4       0x1c C:/Freescale/CW MCU v11.1/MCU/ARM_GCC_Support/ewl/lib/armv7e-m\libc.a(memcpy.o)
                                0x138 (size before relaxing)
 .debug_str     0x00000ff0       0x1c C:/Freescale/CW MCU v11.1/MCU/ARM_GCC_Support/ewl/lib/armv7e-m\libc.a(strlen.o)
                                0x140 (size before relaxing)
 .debug_str     0x0000100c       0x22 C:/Freescale/CW MCU v11.1/MCU/ARM_GCC_Support/ewl/lib/armv7e-m\libc.a(__memrchr.o)
                                0x145 (size before relaxing)
 .debug_str     0x0000102e       0x1c C:/Freescale/CW MCU v11.1/MCU/ARM_GCC_Support/ewl/lib/armv7e-m\libc.a(memchr.o)
                                0x148 (size before relaxing)
 .debug_str     0x0000104a      0x126 C:/Freescale/CW MCU v11.1/MCU/ARM_GCC_Support/ewl/lib/armv7e-m\librt.a(gcc_ctor_dtor.o)
                                0x181 (size before relaxing)
 .debug_str     0x00001170       0xf8 C:/Freescale/CW MCU v11.1/MCU/ARM_GCC_Support/ewl/lib/armv7e-m\librt.a(__arm_eabi_init.o)
                                0x1b5 (size before relaxing)
 .debug_str     0x00001268       0x9b C:/Freescale/CW MCU v11.1/MCU/ARM_GCC_Support/ewl/lib/armv7e-m\librt.a(ROMCopy.o)
                                0x13c (size before relaxing)
 .debug_str     0x00001303       0x9b C:/Freescale/CW MCU v11.1/MCU/ARM_GCC_Support/ewl/lib/armv7e-m\libhosted.a(semihosted_console_io.o)
                                0x1ac (size before relaxing)
 .debug_str     0x0000139e      0x34b C:/Freescale/CW MCU v11.1/MCU/ARM_GCC_Support/ewl/lib/armv7e-m\libhosted.a(semihosted_file_io.o)
                                0x5f2 (size before relaxing)

.comment        0x00000000       0x79
 .comment       0x00000000       0x79 ./Project_Settings/Startup_Code/kinetis_sysinit.o
                                 0x7a (size before relaxing)
 .comment       0x00000000       0x7a ./Project_Settings/Startup_Code/__arm_start.o
 .comment       0x00000000       0x7a ./Project_Settings/Startup_Code/__arm_end.o
 .comment       0x00000000       0x7a ./Sources/main.o
 .comment       0x00000000       0x7a ./Sources/Interrupciones.o
 .comment       0x00000000       0x7a C:/Freescale/CW MCU v11.1/MCU/ARM_GCC_Support/ewl/lib/armv7e-m\libc.a(puts.o)
 .comment       0x00000000       0x7a C:/Freescale/CW MCU v11.1/MCU/ARM_GCC_Support/ewl/lib/armv7e-m\libc.a(__putchar.o)
 .comment       0x00000000       0x7a C:/Freescale/CW MCU v11.1/MCU/ARM_GCC_Support/ewl/lib/armv7e-m\libc.a(__buffer_io.o)
 .comment       0x00000000       0x7a C:/Freescale/CW MCU v11.1/MCU/ARM_GCC_Support/ewl/lib/armv7e-m\libc.a(printf.o)
 .comment       0x00000000       0x7a C:/Freescale/CW MCU v11.1/MCU/ARM_GCC_Support/ewl/lib/armv7e-m\libc.a(exit.o)
 .comment       0x00000000       0x7a C:/Freescale/CW MCU v11.1/MCU/ARM_GCC_Support/ewl/lib/armv7e-m\libc.a(memset.o)
 .comment       0x00000000       0x7a C:/Freescale/CW MCU v11.1/MCU/ARM_GCC_Support/ewl/lib/armv7e-m\libc.a(__filll_mem.o)
 .comment       0x00000000       0x7a C:/Freescale/CW MCU v11.1/MCU/ARM_GCC_Support/ewl/lib/armv7e-m\libc.a(printformat_.o)
 .comment       0x00000000       0x7a C:/Freescale/CW MCU v11.1/MCU/ARM_GCC_Support/ewl/lib/armv7e-m\libc.a(scanformat_.o)
 .comment       0x00000000       0x7a C:/Freescale/CW MCU v11.1/MCU/ARM_GCC_Support/ewl/lib/armv7e-m\libc.a(ctype_aeabi.o)
 .comment       0x00000000       0x7a C:/Freescale/CW MCU v11.1/MCU/ARM_GCC_Support/ewl/lib/armv7e-m\libc.a(fwrite.o)
 .comment       0x00000000       0x7a C:/Freescale/CW MCU v11.1/MCU/ARM_GCC_Support/ewl/lib/armv7e-m\libc.a(ansi_files.o)
 .comment       0x00000000       0x7a C:/Freescale/CW MCU v11.1/MCU/ARM_GCC_Support/ewl/lib/armv7e-m\libc.a(__strtoul.o)
 .comment       0x00000000       0x7a C:/Freescale/CW MCU v11.1/MCU/ARM_GCC_Support/ewl/lib/armv7e-m\libc.a(strchr.o)
 .comment       0x00000000       0x7a C:/Freescale/CW MCU v11.1/MCU/ARM_GCC_Support/ewl/lib/armv7e-m\libc.a(memcpy.o)
 .comment       0x00000000       0x7a C:/Freescale/CW MCU v11.1/MCU/ARM_GCC_Support/ewl/lib/armv7e-m\libc.a(strlen.o)
 .comment       0x00000000       0x7a C:/Freescale/CW MCU v11.1/MCU/ARM_GCC_Support/ewl/lib/armv7e-m\libc.a(__memrchr.o)
 .comment       0x00000000       0x7a C:/Freescale/CW MCU v11.1/MCU/ARM_GCC_Support/ewl/lib/armv7e-m\libc.a(memchr.o)
 .comment       0x00000000       0x7a C:/Freescale/CW MCU v11.1/MCU/ARM_GCC_Support/ewl/lib/armv7e-m\librt.a(gcc_ctor_dtor.o)
 .comment       0x00000000       0x7a C:/Freescale/CW MCU v11.1/MCU/ARM_GCC_Support/ewl/lib/armv7e-m\librt.a(__arm_eabi_init.o)
 .comment       0x00000000       0x7a C:/Freescale/CW MCU v11.1/MCU/ARM_GCC_Support/ewl/lib/armv7e-m\librt.a(ROMCopy.o)
 .comment       0x00000000       0x7a C:/Freescale/CW MCU v11.1/MCU/ARM_GCC_Support/ewl/lib/armv7e-m\libhosted.a(semihosted_console_io.o)
 .comment       0x00000000       0x7a C:/Freescale/CW MCU v11.1/MCU/ARM_GCC_Support/ewl/lib/armv7e-m\libhosted.a(semihosted_file_io.o)

.debug_frame    0x00000000      0xa3c
 .debug_frame   0x00000000       0x40 ./Project_Settings/Startup_Code/kinetis_sysinit.o
 .debug_frame   0x00000040       0x4c ./Project_Settings/Startup_Code/__arm_start.o
 .debug_frame   0x0000008c       0x30 ./Project_Settings/Startup_Code/__arm_end.o
 .debug_frame   0x000000bc       0x8c ./Sources/main.o
 .debug_frame   0x00000148       0x30 ./Sources/Interrupciones.o
 .debug_frame   0x00000178       0x28 C:/Freescale/CW MCU v11.1/MCU/ARM_GCC_Support/ewl/lib/armv7e-m\libc.a(puts.o)
 .debug_frame   0x000001a0       0x2c C:/Freescale/CW MCU v11.1/MCU/ARM_GCC_Support/ewl/lib/armv7e-m\libc.a(__putchar.o)
 .debug_frame   0x000001cc       0x58 C:/Freescale/CW MCU v11.1/MCU/ARM_GCC_Support/ewl/lib/armv7e-m\libc.a(__buffer_io.o)
 .debug_frame   0x00000224       0x3c C:/Freescale/CW MCU v11.1/MCU/ARM_GCC_Support/ewl/lib/armv7e-m\libc.a(printf.o)
 .debug_frame   0x00000260       0x28 C:/Freescale/CW MCU v11.1/MCU/ARM_GCC_Support/ewl/lib/armv7e-m\libc.a(exit.o)
 .debug_frame   0x00000288       0x28 C:/Freescale/CW MCU v11.1/MCU/ARM_GCC_Support/ewl/lib/armv7e-m\libc.a(memset.o)
 .debug_frame   0x000002b0       0x2c C:/Freescale/CW MCU v11.1/MCU/ARM_GCC_Support/ewl/lib/armv7e-m\libc.a(__filll_mem.o)
 .debug_frame   0x000002dc       0x64 C:/Freescale/CW MCU v11.1/MCU/ARM_GCC_Support/ewl/lib/armv7e-m\libc.a(printformat_.o)
 .debug_frame   0x00000340       0x3c C:/Freescale/CW MCU v11.1/MCU/ARM_GCC_Support/ewl/lib/armv7e-m\libc.a(scanformat_.o)
 .debug_frame   0x0000037c       0xf0 C:/Freescale/CW MCU v11.1/MCU/ARM_GCC_Support/ewl/lib/armv7e-m\libc.a(ctype_aeabi.o)
 .debug_frame   0x0000046c       0x64 C:/Freescale/CW MCU v11.1/MCU/ARM_GCC_Support/ewl/lib/armv7e-m\libc.a(fwrite.o)
 .debug_frame   0x000004d0       0x48 C:/Freescale/CW MCU v11.1/MCU/ARM_GCC_Support/ewl/lib/armv7e-m\libc.a(ansi_files.o)
 .debug_frame   0x00000518       0x3c C:/Freescale/CW MCU v11.1/MCU/ARM_GCC_Support/ewl/lib/armv7e-m\libc.a(__strtoul.o)
 .debug_frame   0x00000554       0x20 C:/Freescale/CW MCU v11.1/MCU/ARM_GCC_Support/ewl/lib/armv7e-m\libc.a(strchr.o)
 .debug_frame   0x00000574       0x28 C:/Freescale/CW MCU v11.1/MCU/ARM_GCC_Support/ewl/lib/armv7e-m\libc.a(memcpy.o)
 .debug_frame   0x0000059c       0x20 C:/Freescale/CW MCU v11.1/MCU/ARM_GCC_Support/ewl/lib/armv7e-m\libc.a(strlen.o)
 .debug_frame   0x000005bc       0x28 C:/Freescale/CW MCU v11.1/MCU/ARM_GCC_Support/ewl/lib/armv7e-m\libc.a(__memrchr.o)
 .debug_frame   0x000005e4       0x20 C:/Freescale/CW MCU v11.1/MCU/ARM_GCC_Support/ewl/lib/armv7e-m\libc.a(memchr.o)
 .debug_frame   0x00000604       0x40 C:/Freescale/CW MCU v11.1/MCU/ARM_GCC_Support/ewl/lib/armv7e-m\librt.a(gcc_ctor_dtor.o)
 .debug_frame   0x00000644       0xac C:/Freescale/CW MCU v11.1/MCU/ARM_GCC_Support/ewl/lib/armv7e-m\librt.a(__arm_eabi_init.o)
 .debug_frame   0x000006f0       0x48 C:/Freescale/CW MCU v11.1/MCU/ARM_GCC_Support/ewl/lib/armv7e-m\librt.a(ROMCopy.o)
 .debug_frame   0x00000738       0x90 C:/Freescale/CW MCU v11.1/MCU/ARM_GCC_Support/ewl/lib/armv7e-m\libhosted.a(semihosted_console_io.o)
 .debug_frame   0x000007c8      0x274 C:/Freescale/CW MCU v11.1/MCU/ARM_GCC_Support/ewl/lib/armv7e-m\libhosted.a(semihosted_file_io.o)
